Archive member included to satisfy reference by file (symbol)

c:/st/stm32cubeide_1.11.0/stm32cubeide/plugins/com.st.stm32cube.ide.mcu.externaltools.gnu-tools-for-stm32.10.3-2021.10.win32_1.0.100.202210260954/tools/bin/../lib/gcc/arm-none-eabi/10.3.1/../../../../arm-none-eabi/lib/thumb/v7e-m+fp/hard\libc_nano.a(lib_a-errno.o)
                              ./Core/Src/syscalls.o (__errno)
c:/st/stm32cubeide_1.11.0/stm32cubeide/plugins/com.st.stm32cube.ide.mcu.externaltools.gnu-tools-for-stm32.10.3-2021.10.win32_1.0.100.202210260954/tools/bin/../lib/gcc/arm-none-eabi/10.3.1/../../../../arm-none-eabi/lib/thumb/v7e-m+fp/hard\libc_nano.a(lib_a-exit.o)
                              c:/st/stm32cubeide_1.11.0/stm32cubeide/plugins/com.st.stm32cube.ide.mcu.externaltools.gnu-tools-for-stm32.10.3-2021.10.win32_1.0.100.202210260954/tools/bin/../lib/gcc/arm-none-eabi/10.3.1/../../../../arm-none-eabi/lib/thumb/v7e-m+fp/hard/crt0.o (exit)
c:/st/stm32cubeide_1.11.0/stm32cubeide/plugins/com.st.stm32cube.ide.mcu.externaltools.gnu-tools-for-stm32.10.3-2021.10.win32_1.0.100.202210260954/tools/bin/../lib/gcc/arm-none-eabi/10.3.1/../../../../arm-none-eabi/lib/thumb/v7e-m+fp/hard\libc_nano.a(lib_a-impure.o)
                              c:/st/stm32cubeide_1.11.0/stm32cubeide/plugins/com.st.stm32cube.ide.mcu.externaltools.gnu-tools-for-stm32.10.3-2021.10.win32_1.0.100.202210260954/tools/bin/../lib/gcc/arm-none-eabi/10.3.1/../../../../arm-none-eabi/lib/thumb/v7e-m+fp/hard\libc_nano.a(lib_a-exit.o) (_global_impure_ptr)
c:/st/stm32cubeide_1.11.0/stm32cubeide/plugins/com.st.stm32cube.ide.mcu.externaltools.gnu-tools-for-stm32.10.3-2021.10.win32_1.0.100.202210260954/tools/bin/../lib/gcc/arm-none-eabi/10.3.1/../../../../arm-none-eabi/lib/thumb/v7e-m+fp/hard\libc_nano.a(lib_a-init.o)
                              c:/st/stm32cubeide_1.11.0/stm32cubeide/plugins/com.st.stm32cube.ide.mcu.externaltools.gnu-tools-for-stm32.10.3-2021.10.win32_1.0.100.202210260954/tools/bin/../lib/gcc/arm-none-eabi/10.3.1/../../../../arm-none-eabi/lib/thumb/v7e-m+fp/hard/crt0.o (__libc_init_array)
c:/st/stm32cubeide_1.11.0/stm32cubeide/plugins/com.st.stm32cube.ide.mcu.externaltools.gnu-tools-for-stm32.10.3-2021.10.win32_1.0.100.202210260954/tools/bin/../lib/gcc/arm-none-eabi/10.3.1/../../../../arm-none-eabi/lib/thumb/v7e-m+fp/hard\libc_nano.a(lib_a-memset.o)
                              c:/st/stm32cubeide_1.11.0/stm32cubeide/plugins/com.st.stm32cube.ide.mcu.externaltools.gnu-tools-for-stm32.10.3-2021.10.win32_1.0.100.202210260954/tools/bin/../lib/gcc/arm-none-eabi/10.3.1/../../../../arm-none-eabi/lib/thumb/v7e-m+fp/hard/crt0.o (memset)
c:/st/stm32cubeide_1.11.0/stm32cubeide/plugins/com.st.stm32cube.ide.mcu.externaltools.gnu-tools-for-stm32.10.3-2021.10.win32_1.0.100.202210260954/tools/bin/../lib/gcc/arm-none-eabi/10.3.1/../../../../arm-none-eabi/lib/thumb/v7e-m+fp/hard\libc_nano.a(lib_a-printf.o)
                              ./Core/Src/main.o (printf)
c:/st/stm32cubeide_1.11.0/stm32cubeide/plugins/com.st.stm32cube.ide.mcu.externaltools.gnu-tools-for-stm32.10.3-2021.10.win32_1.0.100.202210260954/tools/bin/../lib/gcc/arm-none-eabi/10.3.1/../../../../arm-none-eabi/lib/thumb/v7e-m+fp/hard\libc_nano.a(lib_a-puts.o)
                              ./Core/Src/main.o (puts)
c:/st/stm32cubeide_1.11.0/stm32cubeide/plugins/com.st.stm32cube.ide.mcu.externaltools.gnu-tools-for-stm32.10.3-2021.10.win32_1.0.100.202210260954/tools/bin/../lib/gcc/arm-none-eabi/10.3.1/../../../../arm-none-eabi/lib/thumb/v7e-m+fp/hard\libc_nano.a(lib_a-strcmp.o)
                              ./Core/Src/main.o (strcmp)
c:/st/stm32cubeide_1.11.0/stm32cubeide/plugins/com.st.stm32cube.ide.mcu.externaltools.gnu-tools-for-stm32.10.3-2021.10.win32_1.0.100.202210260954/tools/bin/../lib/gcc/arm-none-eabi/10.3.1/../../../../arm-none-eabi/lib/thumb/v7e-m+fp/hard\libc_nano.a(lib_a-wbuf.o)
                              c:/st/stm32cubeide_1.11.0/stm32cubeide/plugins/com.st.stm32cube.ide.mcu.externaltools.gnu-tools-for-stm32.10.3-2021.10.win32_1.0.100.202210260954/tools/bin/../lib/gcc/arm-none-eabi/10.3.1/../../../../arm-none-eabi/lib/thumb/v7e-m+fp/hard\libc_nano.a(lib_a-puts.o) (__swbuf_r)
c:/st/stm32cubeide_1.11.0/stm32cubeide/plugins/com.st.stm32cube.ide.mcu.externaltools.gnu-tools-for-stm32.10.3-2021.10.win32_1.0.100.202210260954/tools/bin/../lib/gcc/arm-none-eabi/10.3.1/../../../../arm-none-eabi/lib/thumb/v7e-m+fp/hard\libc_nano.a(lib_a-wsetup.o)
                              c:/st/stm32cubeide_1.11.0/stm32cubeide/plugins/com.st.stm32cube.ide.mcu.externaltools.gnu-tools-for-stm32.10.3-2021.10.win32_1.0.100.202210260954/tools/bin/../lib/gcc/arm-none-eabi/10.3.1/../../../../arm-none-eabi/lib/thumb/v7e-m+fp/hard\libc_nano.a(lib_a-puts.o) (__swsetup_r)
[...]
Memory Configuration

Name             Origin             Length             Attributes
RAM              0x0000000020000000 0x0000000000020000 xrw
FLASH            0x0000000008000000 0x0000000000080000 xr
*default*        0x0000000000000000 0xffffffffffffffff

Linker script and memory map

LOAD c:/st/stm32cubeide_1.11.0/stm32cubeide/plugins/com.st.stm32cube.ide.mcu.externaltools.gnu-tools-for-stm32.10.3-2021.10.win32_1.0.100.202210260954/tools/bin/../lib/gcc/arm-none-eabi/10.3.1/thumb/v7e-m+fp/hard/crti.o
LOAD c:/st/stm32cubeide_1.11.0/stm32cubeide/plugins/com.st.stm32cube.ide.mcu.externaltools.gnu-tools-for-stm32.10.3-2021.10.win32_1.0.100.202210260954/tools/bin/../lib/gcc/arm-none-eabi/10.3.1/thumb/v7e-m+fp/hard/crtbegin.o
LOAD c:/st/stm32cubeide_1.11.0/stm32cubeide/plugins/com.st.stm32cube.ide.mcu.externaltools.gnu-tools-for-stm32.10.3-2021.10.win32_1.0.100.202210260954/tools/bin/../lib/gcc/arm-none-eabi/10.3.1/../../../../arm-none-eabi/lib/thumb/v7e-m+fp/hard/crt0.o
LOAD ./Core/Src/accordion_tables.o
LOAD ./Core/Src/main.o
LOAD ./Core/Src/mcp23017.o
LOAD ./Core/Src/note.o
LOAD ./Core/Src/stm32f4xx_hal_msp.o
LOAD ./Core/Src/stm32f4xx_it.o
LOAD ./Core/Src/syscalls.o
LOAD ./Core/Src/sysmem.o
LOAD ./Core/Src/system_stm32f4xx.o
LOAD ./Core/Src/usbd_conf.o
LOAD ./Core/Src/usbd_core.o
LOAD ./Core/Src/usbd_ctlreq.o
LOAD ./Core/Src/usbd_desc.o
LOAD ./Core/Src/usbd_ioreq.o
LOAD ./Core/Src/usbd_midi.o
LOAD ./Core/Src/wavetable.o
LOAD ./Core/Startup/startup_stm32f411retx.o
LOAD ./Drivers/STM32F4xx_HAL_Driver/Src/stm32f4xx_hal.o
LOAD ./Drivers/STM32F4xx_HAL_Driver/Src/stm32f4xx_hal_adc.o
LOAD ./Drivers/STM32F4xx_HAL_Driver/Src/stm32f4xx_hal_adc_ex.o
LOAD ./Drivers/STM32F4xx_HAL_Driver/Src/stm32f4xx_hal_cortex.o
LOAD ./Drivers/STM32F4xx_HAL_Driver/Src/stm32f4xx_hal_dma.o
LOAD ./Drivers/STM32F4xx_HAL_Driver/Src/stm32f4xx_hal_dma_ex.o
LOAD ./Drivers/STM32F4xx_HAL_Driver/Src/stm32f4xx_hal_exti.o
LOAD ./Drivers/STM32F4xx_HAL_Driver/Src/stm32f4xx_hal_flash.o
LOAD ./Drivers/STM32F4xx_HAL_Driver/Src/stm32f4xx_hal_flash_ex.o
LOAD ./Drivers/STM32F4xx_HAL_Driver/Src/stm32f4xx_hal_flash_ramfunc.o
LOAD ./Drivers/STM32F4xx_HAL_Driver/Src/stm32f4xx_hal_gpio.o
LOAD ./Drivers/STM32F4xx_HAL_Driver/Src/stm32f4xx_hal_i2c.o
LOAD ./Drivers/STM32F4xx_HAL_Driver/Src/stm32f4xx_hal_i2c_ex.o
LOAD ./Drivers/STM32F4xx_HAL_Driver/Src/stm32f4xx_hal_i2s.o
LOAD ./Drivers/STM32F4xx_HAL_Driver/Src/stm32f4xx_hal_i2s_ex.o
LOAD ./Drivers/STM32F4xx_HAL_Driver/Src/stm32f4xx_hal_pcd.o
LOAD ./Drivers/STM32F4xx_HAL_Driver/Src/stm32f4xx_hal_pcd_ex.o
LOAD ./Drivers/STM32F4xx_HAL_Driver/Src/stm32f4xx_hal_pwr.o
LOAD ./Drivers/STM32F4xx_HAL_Driver/Src/stm32f4xx_hal_pwr_ex.o
LOAD ./Drivers/STM32F4xx_HAL_Driver/Src/stm32f4xx_hal_rcc.o
LOAD ./Drivers/STM32F4xx_HAL_Driver/Src/stm32f4xx_hal_rcc_ex.o
LOAD ./Drivers/STM32F4xx_HAL_Driver/Src/stm32f4xx_hal_tim.o
LOAD ./Drivers/STM32F4xx_HAL_Driver/Src/stm32f4xx_hal_tim_ex.o
LOAD ./Drivers/STM32F4xx_HAL_Driver/Src/stm32f4xx_hal_uart.o
LOAD ./Drivers/STM32F4xx_HAL_Driver/Src/stm32f4xx_ll_adc.o
LOAD ./Drivers/STM32F4xx_HAL_Driver/Src/stm32f4xx_ll_usb.o
START GROUP
LOAD c:/st/stm32cubeide_1.11.0/stm32cubeide/plugins/com.st.stm32cube.ide.mcu.externaltools.gnu-tools-for-stm32.10.3-2021.10.win32_1.0.100.202210260954/tools/bin/../lib/gcc/arm-none-eabi/10.3.1/../../../../arm-none-eabi/lib/thumb/v7e-m+fp/hard\libc_nano.a
LOAD c:/st/stm32cubeide_1.11.0/stm32cubeide/plugins/com.st.stm32cube.ide.mcu.externaltools.gnu-tools-for-stm32.10.3-2021.10.win32_1.0.100.202210260954/tools/bin/../lib/gcc/arm-none-eabi/10.3.1/../../../../arm-none-eabi/lib/thumb/v7e-m+fp/hard\libm.a
END GROUP
START GROUP
LOAD c:/st/stm32cubeide_1.11.0/stm32cubeide/plugins/com.st.stm32cube.ide.mcu.externaltools.gnu-tools-for-stm32.10.3-2021.10.win32_1.0.100.202210260954/tools/bin/../lib/gcc/arm-none-eabi/10.3.1/thumb/v7e-m+fp/hard\libgcc.a
LOAD c:/st/stm32cubeide_1.11.0/stm32cubeide/plugins/com.st.stm32cube.ide.mcu.externaltools.gnu-tools-for-stm32.10.3-2021.10.win32_1.0.100.202210260954/tools/bin/../lib/gcc/arm-none-eabi/10.3.1/../../../../arm-none-eabi/lib/thumb/v7e-m+fp/hard\libc_nano.a
END GROUP
START GROUP
LOAD c:/st/stm32cubeide_1.11.0/stm32cubeide/plugins/com.st.stm32cube.ide.mcu.externaltools.gnu-tools-for-stm32.10.3-2021.10.win32_1.0.100.202210260954/tools/bin/../lib/gcc/arm-none-eabi/10.3.1/thumb/v7e-m+fp/hard\libgcc.a
LOAD c:/st/stm32cubeide_1.11.0/stm32cubeide/plugins/com.st.stm32cube.ide.mcu.externaltools.gnu-tools-for-stm32.10.3-2021.10.win32_1.0.100.202210260954/tools/bin/../lib/gcc/arm-none-eabi/10.3.1/../../../../arm-none-eabi/lib/thumb/v7e-m+fp/hard\libc_nano.a
LOAD c:/st/stm32cubeide_1.11.0/stm32cubeide/plugins/com.st.stm32cube.ide.mcu.externaltools.gnu-tools-for-stm32.10.3-2021.10.win32_1.0.100.202210260954/tools/bin/../lib/gcc/arm-none-eabi/10.3.1/../../../../arm-none-eabi/lib/thumb/v7e-m+fp/hard\libnosys.a
END GROUP
START GROUP
LOAD c:/st/stm32cubeide_1.11.0/stm32cubeide/plugins/com.st.stm32cube.ide.mcu.externaltools.gnu-tools-for-stm32.10.3-2021.10.win32_1.0.100.202210260954/tools/bin/../lib/gcc/arm-none-eabi/10.3.1/thumb/v7e-m+fp/hard\libgcc.a
LOAD c:/st/stm32cubeide_1.11.0/stm32cubeide/plugins/com.st.stm32cube.ide.mcu.externaltools.gnu-tools-for-stm32.10.3-2021.10.win32_1.0.100.202210260954/tools/bin/../lib/gcc/arm-none-eabi/10.3.1/../../../../arm-none-eabi/lib/thumb/v7e-m+fp/hard\libc_nano.a
LOAD c:/st/stm32cubeide_1.11.0/stm32cubeide/plugins/com.st.stm32cube.ide.mcu.externaltools.gnu-tools-for-stm32.10.3-2021.10.win32_1.0.100.202210260954/tools/bin/../lib/gcc/arm-none-eabi/10.3.1/../../../../arm-none-eabi/lib/thumb/v7e-m+fp/hard\libnosys.a
END GROUP
LOAD c:/st/stm32cubeide_1.11.0/stm32cubeide/plugins/com.st.stm32cube.ide.mcu.externaltools.gnu-tools-for-stm32.10.3-2021.10.win32_1.0.100.202210260954/tools/bin/../lib/gcc/arm-none-eabi/10.3.1/thumb/v7e-m+fp/hard/crtend.o
LOAD c:/st/stm32cubeide_1.11.0/stm32cubeide/plugins/com.st.stm32cube.ide.mcu.externaltools.gnu-tools-for-stm32.10.3-2021.10.win32_1.0.100.202210260954/tools/bin/../lib/gcc/arm-none-eabi/10.3.1/thumb/v7e-m+fp/hard/crtn.o
                0x0000000020020000                _estack = (ORIGIN (RAM) + LENGTH (RAM))
                0x0000000000000200                _Min_Heap_Size = 0x200
                0x0000000000000400                _Min_Stack_Size = 0x400

.isr_vector     0x0000000008000000      0x198
                0x0000000008000000                . = ALIGN (0x4)
 *(.isr_vector)
 .isr_vector    0x0000000008000000      0x198 ./Core/Startup/startup_stm32f411retx.o
                0x0000000008000000                g_pfnVectors
                0x0000000008000198                . = ALIGN (0x4)

.text           0x00000000080001a0     0xda7c
                0x00000000080001a0                . = ALIGN (0x4)
 *(.text)
 .text          0x00000000080001a0       0x40 c:/st/stm32cubeide_1.11.0/stm32cubeide/plugins/com.st.stm32cube.ide.mcu.externaltools.gnu-tools-for-stm32.10.3-2021.10.win32_1.0.100.202210260954/tools/bin/../lib/gcc/arm-none-eabi/10.3.1/thumb/v7e-m+fp/hard/crtbegin.o
 .text          0x00000000080001e0       0x14 c:/st/stm32cubeide_1.11.0/stm32cubeide/plugins/com.st.stm32cube.ide.mcu.externaltools.gnu-tools-for-stm32.10.3-2021.10.win32_1.0.100.202210260954/tools/bin/../lib/gcc/arm-none-eabi/10.3.1/../../../../arm-none-eabi/lib/thumb/v7e-m+fp/hard\libc_nano.a(lib_a-strcmp.o)
                0x00000000080001e0                strcmp
 *fill*         0x00000000080001f4        0xc 
 .text          0x0000000008000200       0xa0 c:/st/stm32cubeide_1.11.0/stm32cubeide/plugins/com.st.stm32cube.ide.mcu.externaltools.gnu-tools-for-stm32.10.3-2021.10.win32_1.0.100.202210260954/tools/bin/../lib/gcc/arm-none-eabi/10.3.1/../../../../arm-none-eabi/lib/thumb/v7e-m+fp/hard\libc_nano.a(lib_a-memchr.o)
                0x0000000008000200                memchr
 .text          0x00000000080002a0       0x30 c:/st/stm32cubeide_1.11.0/stm32cubeide/plugins/com.st.stm32cube.ide.mcu.externaltools.gnu-tools-for-stm32.10.3-2021.10.win32_1.0.100.202210260954/tools/bin/../lib/gcc/arm-none-eabi/10.3.1/thumb/v7e-m+fp/hard\libgcc.a(_aeabi_uldivmod.o)
                0x00000000080002a0                __aeabi_uldivmod
 .text          0x00000000080002d0      0x2d0 c:/st/stm32cubeide_1.11.0/stm32cubeide/plugins/com.st.stm32cube.ide.mcu.externaltools.gnu-tools-for-stm32.10.3-2021.10.win32_1.0.100.202210260954/tools/bin/../lib/gcc/arm-none-eabi/10.3.1/thumb/v7e-m+fp/hard\libgcc.a(_udivmoddi4.o)
                0x00000000080002d0                __udivmoddi4
 .text          0x00000000080005a0        0x4 c:/st/stm32cubeide_1.11.0/stm32cubeide/plugins/com.st.stm32cube.ide.mcu.externaltools.gnu-tools-for-stm32.10.3-2021.10.win32_1.0.100.202210260954/tools/bin/../lib/gcc/arm-none-eabi/10.3.1/thumb/v7e-m+fp/hard\libgcc.a(_dvmd_tls.o)
                0x00000000080005a0                __aeabi_idiv0
                0x00000000080005a0                __aeabi_ldiv0
 *(.text*)
 .text.Update_Bellows_Mode
                0x00000000080005a4       0x38 ./Core/Src/main.o
 .text.Synth_Init
                0x00000000080005dc       0x68 ./Core/Src/main.o
                0x00000000080005dc                Synth_Init
 .text.NoteOn   0x0000000008000644      0x298 ./Core/Src/main.o
                0x0000000008000644                NoteOn
 .text.NoteOff  0x00000000080008dc       0x88 ./Core/Src/main.o
                0x00000000080008dc                NoteOff
 .text.Envelope_Update
                0x0000000008000964       0xc4 ./Core/Src/main.o
 .text.MCP_Read_All
                0x0000000008000a28       0x9c ./Core/Src/main.o
 .text.MCP_Index
                0x0000000008000ac4       0x48 ./Core/Src/main.o
 .text.HAL_GPIO_EXTI_Callback
                0x0000000008000b0c      0x118 ./Core/Src/main.o
                0x0000000008000b0c                HAL_GPIO_EXTI_Callback
 .text.I2C_ScanBus
                0x0000000008000c24       0x6c ./Core/Src/main.o
 .text.MCP_Init_WithIRQ
                0x0000000008000c90       0xe0 ./Core/Src/main.o
 .text.MCP_Read_Dirty
                0x0000000008000d70       0xa4 ./Core/Src/main.o
 .text.IsNoteHeldByOtherButton
                0x0000000008000e14       0xb8 ./Core/Src/main.o
 .text.NoteNameToMidi
                0x0000000008000ecc       0x88 ./Core/Src/main.o
 .text.MIDI_NoteEvent
                0x0000000008000f54       0xac ./Core/Src/main.o
 .text.Dispatch_Buttons
                0x0000000008001000      0x2c4 ./Core/Src/main.o
 .text.UI_ScanAndDispatch
                0x00000000080012c4       0x10 ./Core/Src/main.o
 .text.get_wave_index
                0x00000000080012d4       0x9c ./Core/Src/main.o
 .text.get_bl_index
                0x0000000008001370       0x68 ./Core/Src/main.o
 .text.Voice_SetWave
                0x00000000080013d8       0x5c ./Core/Src/main.o
 .text.render_audio_block
                0x0000000008001434      0x19c ./Core/Src/main.o
                0x0000000008001434                render_audio_block
 .text.__io_putchar
                0x00000000080015d0       0x24 ./Core/Src/main.o
                0x00000000080015d0                __io_putchar
 .text.HAL_ADC_ConvCpltCallback
                0x00000000080015f4       0x30 ./Core/Src/main.o
                0x00000000080015f4                HAL_ADC_ConvCpltCallback
 .text.HAL_I2S_TxHalfCpltCallback
                0x0000000008001624       0x38 ./Core/Src/main.o
                0x0000000008001624                HAL_I2S_TxHalfCpltCallback
 .text.HAL_I2S_TxCpltCallback
                0x000000000800165c       0x38 ./Core/Src/main.o
                0x000000000800165c                HAL_I2S_TxCpltCallback
 .text.main     0x0000000008001694      0x128 ./Core/Src/main.o
                0x0000000008001694                main
 .text.SystemClock_Config
                0x00000000080017bc      0x104 ./Core/Src/main.o
                0x00000000080017bc                SystemClock_Config
 .text.MX_ADC1_Init
                0x00000000080018c0       0xb4 ./Core/Src/main.o
 .text.MX_USART2_UART_Init
                0x0000000008001974       0x54 ./Core/Src/main.o
 .text.MX_USB_DEVICE_Init
                0x00000000080019c8       0x4c ./Core/Src/main.o
 .text.MX_I2C1_Init
                0x0000000008001a14       0x5c ./Core/Src/main.o
 .text.MX_I2S1_Init
                0x0000000008001a70       0x5c ./Core/Src/main.o
 .text.MX_DMA_Init
                0x0000000008001acc       0x40 ./Core/Src/main.o
 .text.MX_GPIO_Init
                0x0000000008001b0c      0x184 ./Core/Src/main.o
 .text.Error_Handler
                0x0000000008001c90        0xa ./Core/Src/main.o
                0x0000000008001c90                Error_Handler
 .text.mcp23017_init
                0x0000000008001c9a       0x2a ./Core/Src/mcp23017.o
                0x0000000008001c9a                mcp23017_init
 .text.mcp23017_read
                0x0000000008001cc4       0x34 ./Core/Src/mcp23017.o
                0x0000000008001cc4                mcp23017_read
 .text.mcp23017_write
                0x0000000008001cf8       0x34 ./Core/Src/mcp23017.o
                0x0000000008001cf8                mcp23017_write
 .text.mcp23017_iodir
                0x0000000008001d2c       0x2e ./Core/Src/mcp23017.o
                0x0000000008001d2c                mcp23017_iodir
 .text.mcp23017_read_gpio_int
                0x0000000008001d5a       0x42 ./Core/Src/mcp23017.o
                0x0000000008001d5a                mcp23017_read_gpio_int
 .text.mcp23017_gpinten
                0x0000000008001d9c       0x34 ./Core/Src/mcp23017.o
                0x0000000008001d9c                mcp23017_gpinten
 .text.mcp23017_intcon
                0x0000000008001dd0       0x34 ./Core/Src/mcp23017.o
                0x0000000008001dd0                mcp23017_intcon
 .text.Note_GetFrequency
                0x0000000008001e04       0x54 ./Core/Src/note.o
                0x0000000008001e04                Note_GetFrequency
 .text.HAL_MspInit
                0x0000000008001e58       0x50 ./Core/Src/stm32f4xx_hal_msp.o
                0x0000000008001e58                HAL_MspInit
 .text.HAL_ADC_MspInit
                0x0000000008001ea8       0x88 ./Core/Src/stm32f4xx_hal_msp.o
                0x0000000008001ea8                HAL_ADC_MspInit
 .text.HAL_I2C_MspInit
                0x0000000008001f30       0x90 ./Core/Src/stm32f4xx_hal_msp.o
                0x0000000008001f30                HAL_I2C_MspInit
 .text.HAL_I2S_MspInit
                0x0000000008001fc0      0x130 ./Core/Src/stm32f4xx_hal_msp.o
                0x0000000008001fc0                HAL_I2S_MspInit
 .text.HAL_PCD_MspInit
                0x00000000080020f0       0xa8 ./Core/Src/stm32f4xx_hal_msp.o
                0x00000000080020f0                HAL_PCD_MspInit
 .text.HAL_UART_MspInit
                0x0000000008002198       0x90 ./Core/Src/stm32f4xx_hal_msp.o
                0x0000000008002198                HAL_UART_MspInit
 .text.NMI_Handler
                0x0000000008002228        0x6 ./Core/Src/stm32f4xx_it.o
                0x0000000008002228                NMI_Handler
 .text.HardFault_Handler
                0x000000000800222e        0x6 ./Core/Src/stm32f4xx_it.o
                0x000000000800222e                HardFault_Handler
 .text.MemManage_Handler
                0x0000000008002234        0x6 ./Core/Src/stm32f4xx_it.o
                0x0000000008002234                MemManage_Handler
 .text.BusFault_Handler
                0x000000000800223a        0x6 ./Core/Src/stm32f4xx_it.o
                0x000000000800223a                BusFault_Handler
 .text.UsageFault_Handler
                0x0000000008002240        0x6 ./Core/Src/stm32f4xx_it.o
                0x0000000008002240                UsageFault_Handler
 .text.SVC_Handler
                0x0000000008002246        0xe ./Core/Src/stm32f4xx_it.o
                0x0000000008002246                SVC_Handler
 .text.DebugMon_Handler
                0x0000000008002254        0xe ./Core/Src/stm32f4xx_it.o
                0x0000000008002254                DebugMon_Handler
 .text.PendSV_Handler
                0x0000000008002262        0xe ./Core/Src/stm32f4xx_it.o
                0x0000000008002262                PendSV_Handler
 .text.SysTick_Handler
                0x0000000008002270        0xc ./Core/Src/stm32f4xx_it.o
                0x0000000008002270                SysTick_Handler
 .text.EXTI0_IRQHandler
                0x000000000800227c        0xe ./Core/Src/stm32f4xx_it.o
                0x000000000800227c                EXTI0_IRQHandler
 .text.EXTI1_IRQHandler
                0x000000000800228a        0xe ./Core/Src/stm32f4xx_it.o
                0x000000000800228a                EXTI1_IRQHandler
 .text.EXTI2_IRQHandler
                0x0000000008002298        0xe ./Core/Src/stm32f4xx_it.o
                0x0000000008002298                EXTI2_IRQHandler
 .text.EXTI3_IRQHandler
                0x00000000080022a6        0xe ./Core/Src/stm32f4xx_it.o
                0x00000000080022a6                EXTI3_IRQHandler
 .text.EXTI9_5_IRQHandler
                0x00000000080022b4       0x10 ./Core/Src/stm32f4xx_it.o
                0x00000000080022b4                EXTI9_5_IRQHandler
 .text.EXTI15_10_IRQHandler
                0x00000000080022c4       0x20 ./Core/Src/stm32f4xx_it.o
                0x00000000080022c4                EXTI15_10_IRQHandler
 .text.DMA2_Stream2_IRQHandler
                0x00000000080022e4       0x14 ./Core/Src/stm32f4xx_it.o
                0x00000000080022e4                DMA2_Stream2_IRQHandler
 .text.ADC_IRQHandler
                0x00000000080022f8       0x14 ./Core/Src/stm32f4xx_it.o
                0x00000000080022f8                ADC_IRQHandler
 .text.OTG_FS_IRQHandler
                0x000000000800230c       0x14 ./Core/Src/stm32f4xx_it.o
                0x000000000800230c                OTG_FS_IRQHandler
 .text._read    0x0000000008002320       0x3a ./Core/Src/syscalls.o
                0x0000000008002320                _read
 .text._write   0x000000000800235a       0x38 ./Core/Src/syscalls.o
                0x000000000800235a                _write
 .text._close   0x0000000008002392       0x18 ./Core/Src/syscalls.o
                0x0000000008002392                _close
 .text._fstat   0x00000000080023aa       0x20 ./Core/Src/syscalls.o
                0x00000000080023aa                _fstat
 .text._isatty  0x00000000080023ca       0x16 ./Core/Src/syscalls.o
                0x00000000080023ca                _isatty
 .text._lseek   0x00000000080023e0       0x1a ./Core/Src/syscalls.o
                0x00000000080023e0                _lseek
 *fill*         0x00000000080023fa        0x2 
 .text._sbrk    0x00000000080023fc       0x6c ./Core/Src/sysmem.o
                0x00000000080023fc                _sbrk
 .text.SystemInit
                0x0000000008002468       0x24 ./Core/Src/system_stm32f4xx.o
                0x0000000008002468                SystemInit
 .text.HAL_PCD_SetupStageCallback
                0x000000000800248c       0x24 ./Core/Src/usbd_conf.o
                0x000000000800248c                HAL_PCD_SetupStageCallback
 .text.HAL_PCD_DataOutStageCallback
                0x00000000080024b0       0x36 ./Core/Src/usbd_conf.o
                0x00000000080024b0                HAL_PCD_DataOutStageCallback
 .text.HAL_PCD_DataInStageCallback
                0x00000000080024e6       0x34 ./Core/Src/usbd_conf.o
                0x00000000080024e6                HAL_PCD_DataInStageCallback
 .text.HAL_PCD_SOFCallback
                0x000000000800251a       0x1c ./Core/Src/usbd_conf.o
                0x000000000800251a                HAL_PCD_SOFCallback
 *fill*         0x0000000008002536        0x2 
 .text.HAL_PCD_ResetCallback
                0x0000000008002538       0x34 ./Core/Src/usbd_conf.o
                0x0000000008002538                HAL_PCD_ResetCallback
 .text.HAL_PCD_SuspendCallback
                0x000000000800256c       0x1c ./Core/Src/usbd_conf.o
                0x000000000800256c                HAL_PCD_SuspendCallback
 .text.HAL_PCD_ResumeCallback
                0x0000000008002588       0x1c ./Core/Src/usbd_conf.o
                0x0000000008002588                HAL_PCD_ResumeCallback
 .text.HAL_PCD_ISOOUTIncompleteCallback
                0x00000000080025a4       0x24 ./Core/Src/usbd_conf.o
                0x00000000080025a4                HAL_PCD_ISOOUTIncompleteCallback
 .text.HAL_PCD_ISOINIncompleteCallback
                0x00000000080025c8       0x24 ./Core/Src/usbd_conf.o
                0x00000000080025c8                HAL_PCD_ISOINIncompleteCallback
 .text.HAL_PCD_ConnectCallback
                0x00000000080025ec       0x28 ./Core/Src/usbd_conf.o
                0x00000000080025ec                HAL_PCD_ConnectCallback
 .text.HAL_PCD_DisconnectCallback
                0x0000000008002614       0x28 ./Core/Src/usbd_conf.o
                0x0000000008002614                HAL_PCD_DisconnectCallback
 .text.USBD_LL_Init
                0x000000000800263c       0x90 ./Core/Src/usbd_conf.o
                0x000000000800263c                USBD_LL_Init
 .text.USBD_LL_Start
                0x00000000080026cc       0x1e ./Core/Src/usbd_conf.o
                0x00000000080026cc                USBD_LL_Start
 .text.USBD_LL_OpenEP
                0x00000000080026ea       0x34 ./Core/Src/usbd_conf.o
                0x00000000080026ea                USBD_LL_OpenEP
 .text.USBD_LL_CloseEP
                0x000000000800271e       0x26 ./Core/Src/usbd_conf.o
                0x000000000800271e                USBD_LL_CloseEP
 .text.USBD_LL_StallEP
                0x0000000008002744       0x26 ./Core/Src/usbd_conf.o
                0x0000000008002744                USBD_LL_StallEP
 .text.USBD_LL_ClearStallEP
                0x000000000800276a       0x26 ./Core/Src/usbd_conf.o
                0x000000000800276a                USBD_LL_ClearStallEP
 .text.USBD_LL_IsStallEP
                0x0000000008002790       0x58 ./Core/Src/usbd_conf.o
                0x0000000008002790                USBD_LL_IsStallEP
 .text.USBD_LL_SetUSBAddress
                0x00000000080027e8       0x26 ./Core/Src/usbd_conf.o
                0x00000000080027e8                USBD_LL_SetUSBAddress
 .text.USBD_LL_Transmit
                0x000000000800280e       0x2a ./Core/Src/usbd_conf.o
                0x000000000800280e                USBD_LL_Transmit
 .text.USBD_LL_PrepareReceive
                0x0000000008002838       0x2a ./Core/Src/usbd_conf.o
                0x0000000008002838                USBD_LL_PrepareReceive
 .text.USBD_Init
                0x0000000008002862       0x60 ./Core/Src/usbd_core.o
                0x0000000008002862                USBD_Init
 .text.USBD_RegisterClass
                0x00000000080028c2       0x6c ./Core/Src/usbd_core.o
                0x00000000080028c2                USBD_RegisterClass
 .text.USBD_Start
                0x000000000800292e       0x18 ./Core/Src/usbd_core.o
                0x000000000800292e                USBD_Start
 .text.USBD_RunTestMode
                0x0000000008002946       0x16 ./Core/Src/usbd_core.o
                0x0000000008002946                USBD_RunTestMode
 .text.USBD_SetClassConfig
                0x000000000800295c       0x38 ./Core/Src/usbd_core.o
                0x000000000800295c                USBD_SetClassConfig
 .text.USBD_ClrClassConfig
                0x0000000008002994       0x34 ./Core/Src/usbd_core.o
                0x0000000008002994                USBD_ClrClassConfig
 .text.USBD_LL_SetupStage
                0x00000000080029c8       0xaa ./Core/Src/usbd_core.o
                0x00000000080029c8                USBD_LL_SetupStage
 .text.USBD_LL_DataOutStage
                0x0000000008002a72      0x178 ./Core/Src/usbd_core.o
                0x0000000008002a72                USBD_LL_DataOutStage
 .text.USBD_LL_DataInStage
                0x0000000008002bea      0x176 ./Core/Src/usbd_core.o
                0x0000000008002bea                USBD_LL_DataInStage
 .text.USBD_LL_Reset
                0x0000000008002d60       0xa6 ./Core/Src/usbd_core.o
                0x0000000008002d60                USBD_LL_Reset
 .text.USBD_LL_SetSpeed
                0x0000000008002e06       0x20 ./Core/Src/usbd_core.o
                0x0000000008002e06                USBD_LL_SetSpeed
 .text.USBD_LL_Suspend
                0x0000000008002e26       0x38 ./Core/Src/usbd_core.o
                0x0000000008002e26                USBD_LL_Suspend
 .text.USBD_LL_Resume
                0x0000000008002e5e       0x30 ./Core/Src/usbd_core.o
                0x0000000008002e5e                USBD_LL_Resume
 .text.USBD_LL_SOF
                0x0000000008002e8e       0x40 ./Core/Src/usbd_core.o
                0x0000000008002e8e                USBD_LL_SOF
 .text.USBD_LL_IsoINIncomplete
                0x0000000008002ece       0x64 ./Core/Src/usbd_core.o
                0x0000000008002ece                USBD_LL_IsoINIncomplete
 .text.USBD_LL_IsoOUTIncomplete
                0x0000000008002f32       0x64 ./Core/Src/usbd_core.o
                0x0000000008002f32                USBD_LL_IsoOUTIncomplete
 .text.USBD_LL_DevConnected
                0x0000000008002f96       0x16 ./Core/Src/usbd_core.o
                0x0000000008002f96                USBD_LL_DevConnected
 .text.USBD_LL_DevDisconnected
                0x0000000008002fac       0x46 ./Core/Src/usbd_core.o
                0x0000000008002fac                USBD_LL_DevDisconnected
 .text.USBD_CoreFindIF
                0x0000000008002ff2       0x1a ./Core/Src/usbd_core.o
                0x0000000008002ff2                USBD_CoreFindIF
 .text.USBD_CoreFindEP
                0x000000000800300c       0x1a ./Core/Src/usbd_core.o
                0x000000000800300c                USBD_CoreFindEP
 .text.SWAPBYTE
                0x0000000008003026       0x3c ./Core/Src/usbd_ctlreq.o
 *fill*         0x0000000008003062        0x2 
 .text.USBD_StdDevReq
                0x0000000008003064       0xe4 ./Core/Src/usbd_ctlreq.o
                0x0000000008003064                USBD_StdDevReq
 .text.USBD_StdItfReq
                0x0000000008003148       0xd8 ./Core/Src/usbd_ctlreq.o
                0x0000000008003148                USBD_StdItfReq
 .text.USBD_StdEPReq
                0x0000000008003220      0x33e ./Core/Src/usbd_ctlreq.o
                0x0000000008003220                USBD_StdEPReq
 *fill*         0x000000000800355e        0x2 
 .text.USBD_GetDescriptor
                0x0000000008003560      0x2d4 ./Core/Src/usbd_ctlreq.o
 .text.USBD_SetAddress
                0x0000000008003834       0x88 ./Core/Src/usbd_ctlreq.o
 .text.USBD_SetConfig
                0x00000000080038bc      0x154 ./Core/Src/usbd_ctlreq.o
 .text.USBD_GetConfig
                0x0000000008003a10       0x6c ./Core/Src/usbd_ctlreq.o
 .text.USBD_GetStatus
                0x0000000008003a7c       0x68 ./Core/Src/usbd_ctlreq.o
 .text.USBD_SetFeature
                0x0000000008003ae4       0x52 ./Core/Src/usbd_ctlreq.o
 .text.USBD_ClrFeature
                0x0000000008003b36       0x44 ./Core/Src/usbd_ctlreq.o
 .text.USBD_ParseSetupRequest
                0x0000000008003b7a       0x74 ./Core/Src/usbd_ctlreq.o
                0x0000000008003b7a                USBD_ParseSetupRequest
 .text.USBD_CtlError
                0x0000000008003bee       0x22 ./Core/Src/usbd_ctlreq.o
                0x0000000008003bee                USBD_CtlError
 .text.USBD_GetString
                0x0000000008003c10       0xa4 ./Core/Src/usbd_ctlreq.o
                0x0000000008003c10                USBD_GetString
 .text.USBD_GetLen
                0x0000000008003cb4       0x34 ./Core/Src/usbd_ctlreq.o
 .text.USBD_MIDI_DeviceDescriptor
                0x0000000008003ce8       0x24 ./Core/Src/usbd_desc.o
 .text.USBD_MIDI_LangIDStrDescriptor
                0x0000000008003d0c       0x24 ./Core/Src/usbd_desc.o
 .text.USBD_MIDI_ManufacturerStrDescriptor
                0x0000000008003d30       0x28 ./Core/Src/usbd_desc.o
 .text.USBD_MIDI_ProductStrDescriptor
                0x0000000008003d58       0x28 ./Core/Src/usbd_desc.o
 .text.USBD_MIDI_SerialStrDescriptor
                0x0000000008003d80       0x24 ./Core/Src/usbd_desc.o
 .text.USBD_MIDI_ConfigStrDescriptor
                0x0000000008003da4       0x28 ./Core/Src/usbd_desc.o
 .text.USBD_MIDI_InterfaceStrDescriptor
                0x0000000008003dcc       0x28 ./Core/Src/usbd_desc.o
 .text.Get_SerialNum
                0x0000000008003df4       0x58 ./Core/Src/usbd_desc.o
 .text.IntToUnicode
                0x0000000008003e4c       0x6a ./Core/Src/usbd_desc.o
 .text.USBD_CtlSendData
                0x0000000008003eb6       0x3c ./Core/Src/usbd_ioreq.o
                0x0000000008003eb6                USBD_CtlSendData
 .text.USBD_CtlContinueSendData
                0x0000000008003ef2       0x22 ./Core/Src/usbd_ioreq.o
                0x0000000008003ef2                USBD_CtlContinueSendData
 .text.USBD_CtlContinueRx
                0x0000000008003f14       0x22 ./Core/Src/usbd_ioreq.o
                0x0000000008003f14                USBD_CtlContinueRx
 .text.USBD_CtlSendStatus
                0x0000000008003f36       0x26 ./Core/Src/usbd_ioreq.o
                0x0000000008003f36                USBD_CtlSendStatus
 .text.USBD_CtlReceiveStatus
                0x0000000008003f5c       0x26 ./Core/Src/usbd_ioreq.o
                0x0000000008003f5c                USBD_CtlReceiveStatus
 *fill*         0x0000000008003f82        0x2 
 .text.USBD_MIDI_Init
                0x0000000008003f84       0x70 ./Core/Src/usbd_midi.o
 .text.USBD_MIDI_DeInit
                0x0000000008003ff4       0x3e ./Core/Src/usbd_midi.o
 .text.USBD_MIDI_Setup
                0x0000000008004032       0x30 ./Core/Src/usbd_midi.o
 *fill*         0x0000000008004062        0x2 
 .text.USBD_MIDI_DataIn
                0x0000000008004064       0x24 ./Core/Src/usbd_midi.o
 .text.USBD_MIDI_DataOut
                0x0000000008004088       0x28 ./Core/Src/usbd_midi.o
 .text.USBD_MIDI_GetFSCfgDesc
                0x00000000080040b0       0x20 ./Core/Src/usbd_midi.o
 .text.USBD_MIDI_GetHSCfgDesc
                0x00000000080040d0       0x20 ./Core/Src/usbd_midi.o
 .text.USBD_MIDI_GetOtherSpeedCfgDesc
                0x00000000080040f0       0x20 ./Core/Src/usbd_midi.o
 .text.USBD_MIDI_GetDeviceQualifierDesc
                0x0000000008004110       0x20 ./Core/Src/usbd_midi.o
 .text.USBD_MIDI_SendPacket
                0x0000000008004130       0x80 ./Core/Src/usbd_midi.o
                0x0000000008004130                USBD_MIDI_SendPacket
 .text.bit_reverse_shuffle
                0x00000000080041b0       0xba ./Core/Src/wavetable.o
 *fill*         0x000000000800426a        0x2 
 .text.fft_forward
                0x000000000800426c      0x1d8 ./Core/Src/wavetable.o
 .text.fft_inverse
                0x0000000008004444       0xbe ./Core/Src/wavetable.o
 .text.resample_periodic
                0x0000000008004502       0xbe ./Core/Src/wavetable.o
 .text.generate_bl_wavetable
                0x00000000080045c0      0x2e8 ./Core/Src/wavetable.o
 .text.Wavetable_Init
                0x00000000080048a8       0xec ./Core/Src/wavetable.o
                0x00000000080048a8                Wavetable_Init
 .text.Reset_Handler
                0x0000000008004994       0x50 ./Core/Startup/startup_stm32f411retx.o
                0x0000000008004994                Reset_Handler
 .text.Default_Handler
                0x00000000080049e4        0x2 ./Core/Startup/startup_stm32f411retx.o
                0x00000000080049e4                RTC_Alarm_IRQHandler
                0x00000000080049e4                SPI4_IRQHandler
                0x00000000080049e4                TIM1_CC_IRQHandler
                0x00000000080049e4                DMA2_Stream5_IRQHandler
                0x00000000080049e4                DMA1_Stream5_IRQHandler
                0x00000000080049e4                PVD_IRQHandler
                0x00000000080049e4                SDIO_IRQHandler
                0x00000000080049e4                TAMP_STAMP_IRQHandler
                0x00000000080049e4                TIM1_UP_TIM10_IRQHandler
                0x00000000080049e4                I2C3_ER_IRQHandler
                0x00000000080049e4                I2C2_EV_IRQHandler
                0x00000000080049e4                DMA1_Stream2_IRQHandler
                0x00000000080049e4                FPU_IRQHandler
                0x00000000080049e4                SPI1_IRQHandler
                0x00000000080049e4                TIM1_BRK_TIM9_IRQHandler
                0x00000000080049e4                DMA2_Stream3_IRQHandler
                0x00000000080049e4                USART6_IRQHandler
                0x00000000080049e4                DMA2_Stream0_IRQHandler
                0x00000000080049e4                TIM4_IRQHandler
                0x00000000080049e4                I2C1_EV_IRQHandler
                0x00000000080049e4                DMA1_Stream6_IRQHandler
                0x00000000080049e4                DMA1_Stream1_IRQHandler
                0x00000000080049e4                TIM3_IRQHandler
                0x00000000080049e4                RCC_IRQHandler
                0x00000000080049e4                Default_Handler
                0x00000000080049e4                DMA1_Stream7_IRQHandler
                0x00000000080049e4                SPI5_IRQHandler
                0x00000000080049e4                TIM5_IRQHandler
                0x00000000080049e4                DMA2_Stream7_IRQHandler
                0x00000000080049e4                I2C3_EV_IRQHandler
                0x00000000080049e4                RTC_WKUP_IRQHandler
                0x00000000080049e4                SPI2_IRQHandler
                0x00000000080049e4                DMA1_Stream0_IRQHandler
                0x00000000080049e4                EXTI4_IRQHandler
                0x00000000080049e4                WWDG_IRQHandler
                0x00000000080049e4                TIM2_IRQHandler
                0x00000000080049e4                OTG_FS_WKUP_IRQHandler
                0x00000000080049e4                TIM1_TRG_COM_TIM11_IRQHandler
                0x00000000080049e4                USART2_IRQHandler
                0x00000000080049e4                I2C2_ER_IRQHandler
                0x00000000080049e4                DMA2_Stream1_IRQHandler
                0x00000000080049e4                FLASH_IRQHandler
                0x00000000080049e4                DMA2_Stream4_IRQHandler
                0x00000000080049e4                USART1_IRQHandler
                0x00000000080049e4                SPI3_IRQHandler
                0x00000000080049e4                DMA1_Stream4_IRQHandler
                0x00000000080049e4                I2C1_ER_IRQHandler
                0x00000000080049e4                DMA2_Stream6_IRQHandler
                0x00000000080049e4                DMA1_Stream3_IRQHandler
 *fill*         0x00000000080049e6        0x2 
 .text.HAL_Init
                0x00000000080049e8       0x44 ./Drivers/STM32F4xx_HAL_Driver/Src/stm32f4xx_hal.o
                0x00000000080049e8                HAL_Init
 .text.HAL_InitTick
                0x0000000008004a2c       0x60 ./Drivers/STM32F4xx_HAL_Driver/Src/stm32f4xx_hal.o
                0x0000000008004a2c                HAL_InitTick
 .text.HAL_IncTick
                0x0000000008004a8c       0x28 ./Drivers/STM32F4xx_HAL_Driver/Src/stm32f4xx_hal.o
                0x0000000008004a8c                HAL_IncTick
 .text.HAL_GetTick
                0x0000000008004ab4       0x18 ./Drivers/STM32F4xx_HAL_Driver/Src/stm32f4xx_hal.o
                0x0000000008004ab4                HAL_GetTick
 .text.HAL_Delay
                0x0000000008004acc       0x48 ./Drivers/STM32F4xx_HAL_Driver/Src/stm32f4xx_hal.o
                0x0000000008004acc                HAL_Delay
 .text.HAL_ADC_Init
                0x0000000008004b14       0x86 ./Drivers/STM32F4xx_HAL_Driver/Src/stm32f4xx_hal_adc.o
                0x0000000008004b14                HAL_ADC_Init
 *fill*         0x0000000008004b9a        0x2 
 .text.HAL_ADC_Start_IT
                0x0000000008004b9c      0x17c ./Drivers/STM32F4xx_HAL_Driver/Src/stm32f4xx_hal_adc.o
                0x0000000008004b9c                HAL_ADC_Start_IT
 .text.HAL_ADC_IRQHandler
                0x0000000008004d18      0x220 ./Drivers/STM32F4xx_HAL_Driver/Src/stm32f4xx_hal_adc.o
                0x0000000008004d18                HAL_ADC_IRQHandler
 .text.HAL_ADC_GetValue
                0x0000000008004f38       0x1a ./Drivers/STM32F4xx_HAL_Driver/Src/stm32f4xx_hal_adc.o
                0x0000000008004f38                HAL_ADC_GetValue
 .text.HAL_ADC_LevelOutOfWindowCallback
                0x0000000008004f52       0x14 ./Drivers/STM32F4xx_HAL_Driver/Src/stm32f4xx_hal_adc.o
                0x0000000008004f52                HAL_ADC_LevelOutOfWindowCallback
 .text.HAL_ADC_ErrorCallback
                0x0000000008004f66       0x14 ./Drivers/STM32F4xx_HAL_Driver/Src/stm32f4xx_hal_adc.o
                0x0000000008004f66                HAL_ADC_ErrorCallback
 *fill*         0x0000000008004f7a        0x2 
 .text.HAL_ADC_ConfigChannel
                0x0000000008004f7c      0x264 ./Drivers/STM32F4xx_HAL_Driver/Src/stm32f4xx_hal_adc.o
                0x0000000008004f7c                HAL_ADC_ConfigChannel
 .text.HAL_ADC_GetState
                0x00000000080051e0       0x18 ./Drivers/STM32F4xx_HAL_Driver/Src/stm32f4xx_hal_adc.o
                0x00000000080051e0                HAL_ADC_GetState
 .text.ADC_Init
                0x00000000080051f8      0x1f8 ./Drivers/STM32F4xx_HAL_Driver/Src/stm32f4xx_hal_adc.o
 .text.HAL_ADCEx_InjectedConvCpltCallback
                0x00000000080053f0       0x14 ./Drivers/STM32F4xx_HAL_Driver/Src/stm32f4xx_hal_adc_ex.o
                0x00000000080053f0                HAL_ADCEx_InjectedConvCpltCallback
 .text.__NVIC_SetPriorityGrouping
                0x0000000008005404       0x48 ./Drivers/STM32F4xx_HAL_Driver/Src/stm32f4xx_hal_cortex.o
 .text.__NVIC_GetPriorityGrouping
                0x000000000800544c       0x1c ./Drivers/STM32F4xx_HAL_Driver/Src/stm32f4xx_hal_cortex.o
 .text.__NVIC_EnableIRQ
                0x0000000008005468       0x3c ./Drivers/STM32F4xx_HAL_Driver/Src/stm32f4xx_hal_cortex.o
 .text.__NVIC_SetPriority
                0x00000000080054a4       0x54 ./Drivers/STM32F4xx_HAL_Driver/Src/stm32f4xx_hal_cortex.o
 .text.NVIC_EncodePriority
                0x00000000080054f8       0x66 ./Drivers/STM32F4xx_HAL_Driver/Src/stm32f4xx_hal_cortex.o
 *fill*         0x000000000800555e        0x2 
 .text.SysTick_Config
                0x0000000008005560       0x44 ./Drivers/STM32F4xx_HAL_Driver/Src/stm32f4xx_hal_cortex.o
 .text.HAL_NVIC_SetPriorityGrouping
                0x00000000080055a4       0x16 ./Drivers/STM32F4xx_HAL_Driver/Src/stm32f4xx_hal_cortex.o
                0x00000000080055a4                HAL_NVIC_SetPriorityGrouping
 .text.HAL_NVIC_SetPriority
                0x00000000080055ba       0x38 ./Drivers/STM32F4xx_HAL_Driver/Src/stm32f4xx_hal_cortex.o
                0x00000000080055ba                HAL_NVIC_SetPriority
 .text.HAL_NVIC_EnableIRQ
                0x00000000080055f2       0x1c ./Drivers/STM32F4xx_HAL_Driver/Src/stm32f4xx_hal_cortex.o
                0x00000000080055f2                HAL_NVIC_EnableIRQ
 .text.HAL_SYSTICK_Config
                0x000000000800560e       0x18 ./Drivers/STM32F4xx_HAL_Driver/Src/stm32f4xx_hal_cortex.o
                0x000000000800560e                HAL_SYSTICK_Config
 *fill*         0x0000000008005626        0x2 
 .text.HAL_DMA_Init
                0x0000000008005628      0x15c ./Drivers/STM32F4xx_HAL_Driver/Src/stm32f4xx_hal_dma.o
                0x0000000008005628                HAL_DMA_Init
 .text.HAL_DMA_Start_IT
                0x0000000008005784       0xb0 ./Drivers/STM32F4xx_HAL_Driver/Src/stm32f4xx_hal_dma.o
                0x0000000008005784                HAL_DMA_Start_IT
 .text.HAL_DMA_IRQHandler
                0x0000000008005834      0x314 ./Drivers/STM32F4xx_HAL_Driver/Src/stm32f4xx_hal_dma.o
                0x0000000008005834                HAL_DMA_IRQHandler
 .text.DMA_SetConfig
                0x0000000008005b48       0x5c ./Drivers/STM32F4xx_HAL_Driver/Src/stm32f4xx_hal_dma.o
 .text.DMA_CalcBaseAndBitshift
                0x0000000008005ba4       0x6c ./Drivers/STM32F4xx_HAL_Driver/Src/stm32f4xx_hal_dma.o
 .text.DMA_CheckFifoParam
                0x0000000008005c10       0xf8 ./Drivers/STM32F4xx_HAL_Driver/Src/stm32f4xx_hal_dma.o
 .text.HAL_GPIO_Init
                0x0000000008005d08      0x308 ./Drivers/STM32F4xx_HAL_Driver/Src/stm32f4xx_hal_gpio.o
                0x0000000008005d08                HAL_GPIO_Init
 .text.HAL_GPIO_EXTI_IRQHandler
                0x0000000008006010       0x30 ./Drivers/STM32F4xx_HAL_Driver/Src/stm32f4xx_hal_gpio.o
                0x0000000008006010                HAL_GPIO_EXTI_IRQHandler
 .text.HAL_I2C_Init
                0x0000000008006040      0x288 ./Drivers/STM32F4xx_HAL_Driver/Src/stm32f4xx_hal_i2c.o
                0x0000000008006040                HAL_I2C_Init
 .text.HAL_I2C_Mem_Write
                0x00000000080062c8      0x1f4 ./Drivers/STM32F4xx_HAL_Driver/Src/stm32f4xx_hal_i2c.o
                0x00000000080062c8                HAL_I2C_Mem_Write
 .text.HAL_I2C_Mem_Read
                0x00000000080064bc      0x44c ./Drivers/STM32F4xx_HAL_Driver/Src/stm32f4xx_hal_i2c.o
                0x00000000080064bc                HAL_I2C_Mem_Read
 .text.HAL_I2C_IsDeviceReady
                0x0000000008006908      0x25c ./Drivers/STM32F4xx_HAL_Driver/Src/stm32f4xx_hal_i2c.o
                0x0000000008006908                HAL_I2C_IsDeviceReady
 .text.I2C_RequestMemoryWrite
                0x0000000008006b64      0x12c ./Drivers/STM32F4xx_HAL_Driver/Src/stm32f4xx_hal_i2c.o
 .text.I2C_RequestMemoryRead
                0x0000000008006c90      0x1d0 ./Drivers/STM32F4xx_HAL_Driver/Src/stm32f4xx_hal_i2c.o
 .text.I2C_WaitOnFlagUntilTimeout
                0x0000000008006e60       0xae ./Drivers/STM32F4xx_HAL_Driver/Src/stm32f4xx_hal_i2c.o
 .text.I2C_WaitOnMasterAddressFlagUntilTimeout
                0x0000000008006f0e       0xfe ./Drivers/STM32F4xx_HAL_Driver/Src/stm32f4xx_hal_i2c.o
 .text.I2C_WaitOnTXEFlagUntilTimeout
                0x000000000800700c       0x82 ./Drivers/STM32F4xx_HAL_Driver/Src/stm32f4xx_hal_i2c.o
 .text.I2C_WaitOnBTFFlagUntilTimeout
                0x000000000800708e       0x82 ./Drivers/STM32F4xx_HAL_Driver/Src/stm32f4xx_hal_i2c.o
 .text.I2C_WaitOnRXNEFlagUntilTimeout
                0x0000000008007110       0xac ./Drivers/STM32F4xx_HAL_Driver/Src/stm32f4xx_hal_i2c.o
 .text.I2C_IsAcknowledgeFailed
                0x00000000080071bc       0x5e ./Drivers/STM32F4xx_HAL_Driver/Src/stm32f4xx_hal_i2c.o
 *fill*         0x000000000800721a        0x2 
 .text.HAL_I2S_Init
                0x000000000800721c      0x280 ./Drivers/STM32F4xx_HAL_Driver/Src/stm32f4xx_hal_i2s.o
                0x000000000800721c                HAL_I2S_Init
 .text.HAL_I2S_Transmit_DMA
                0x000000000800749c      0x150 ./Drivers/STM32F4xx_HAL_Driver/Src/stm32f4xx_hal_i2s.o
                0x000000000800749c                HAL_I2S_Transmit_DMA
 .text.HAL_I2S_RxCpltCallback
                0x00000000080075ec       0x14 ./Drivers/STM32F4xx_HAL_Driver/Src/stm32f4xx_hal_i2s.o
                0x00000000080075ec                HAL_I2S_RxCpltCallback
 .text.HAL_I2S_ErrorCallback
                0x0000000008007600       0x14 ./Drivers/STM32F4xx_HAL_Driver/Src/stm32f4xx_hal_i2s.o
                0x0000000008007600                HAL_I2S_ErrorCallback
 .text.I2S_DMATxCplt
                0x0000000008007614       0x42 ./Drivers/STM32F4xx_HAL_Driver/Src/stm32f4xx_hal_i2s.o
 .text.I2S_DMATxHalfCplt
                0x0000000008007656       0x1c ./Drivers/STM32F4xx_HAL_Driver/Src/stm32f4xx_hal_i2s.o
 .text.I2S_DMAError
                0x0000000008007672       0x4c ./Drivers/STM32F4xx_HAL_Driver/Src/stm32f4xx_hal_i2s.o
 .text.I2S_Transmit_IT
                0x00000000080076be       0x5c ./Drivers/STM32F4xx_HAL_Driver/Src/stm32f4xx_hal_i2s.o
 .text.I2S_Receive_IT
                0x000000000800771a       0x5e ./Drivers/STM32F4xx_HAL_Driver/Src/stm32f4xx_hal_i2s.o
 .text.I2S_IRQHandler
                0x0000000008007778      0x114 ./Drivers/STM32F4xx_HAL_Driver/Src/stm32f4xx_hal_i2s.o
 .text.HAL_I2SEx_FullDuplex_IRQHandler
                0x000000000800788c      0x2a8 ./Drivers/STM32F4xx_HAL_Driver/Src/stm32f4xx_hal_i2s_ex.o
                0x000000000800788c                HAL_I2SEx_FullDuplex_IRQHandler
 .text.HAL_I2SEx_TxRxCpltCallback
                0x0000000008007b34       0x14 ./Drivers/STM32F4xx_HAL_Driver/Src/stm32f4xx_hal_i2s_ex.o
                0x0000000008007b34                HAL_I2SEx_TxRxCpltCallback
 .text.I2SEx_TxISR_I2S
                0x0000000008007b48       0x62 ./Drivers/STM32F4xx_HAL_Driver/Src/stm32f4xx_hal_i2s_ex.o
 *fill*         0x0000000008007baa        0x2 
 .text.I2SEx_TxISR_I2SExt
                0x0000000008007bac       0x98 ./Drivers/STM32F4xx_HAL_Driver/Src/stm32f4xx_hal_i2s_ex.o
 .text.I2SEx_RxISR_I2S
                0x0000000008007c44       0x64 ./Drivers/STM32F4xx_HAL_Driver/Src/stm32f4xx_hal_i2s_ex.o
 .text.I2SEx_RxISR_I2SExt
                0x0000000008007ca8       0x98 ./Drivers/STM32F4xx_HAL_Driver/Src/stm32f4xx_hal_i2s_ex.o
 .text.HAL_PCD_Init
                0x0000000008007d40      0x23a ./Drivers/STM32F4xx_HAL_Driver/Src/stm32f4xx_hal_pcd.o
                0x0000000008007d40                HAL_PCD_Init
 .text.HAL_PCD_Start
                0x0000000008007f7a       0x66 ./Drivers/STM32F4xx_HAL_Driver/Src/stm32f4xx_hal_pcd.o
                0x0000000008007f7a                HAL_PCD_Start
 .text.HAL_PCD_IRQHandler
                0x0000000008007fe0      0x93e ./Drivers/STM32F4xx_HAL_Driver/Src/stm32f4xx_hal_pcd.o
                0x0000000008007fe0                HAL_PCD_IRQHandler
 .text.HAL_PCD_SetAddress
                0x000000000800891e       0x4a ./Drivers/STM32F4xx_HAL_Driver/Src/stm32f4xx_hal_pcd.o
                0x000000000800891e                HAL_PCD_SetAddress
 .text.HAL_PCD_EP_Open
                0x0000000008008968       0xd0 ./Drivers/STM32F4xx_HAL_Driver/Src/stm32f4xx_hal_pcd.o
                0x0000000008008968                HAL_PCD_EP_Open
 .text.HAL_PCD_EP_Close
                0x0000000008008a38       0x94 ./Drivers/STM32F4xx_HAL_Driver/Src/stm32f4xx_hal_pcd.o
                0x0000000008008a38                HAL_PCD_EP_Close
 .text.HAL_PCD_EP_Receive
                0x0000000008008acc       0x96 ./Drivers/STM32F4xx_HAL_Driver/Src/stm32f4xx_hal_pcd.o
                0x0000000008008acc                HAL_PCD_EP_Receive
 .text.HAL_PCD_EP_Transmit
                0x0000000008008b62       0x94 ./Drivers/STM32F4xx_HAL_Driver/Src/stm32f4xx_hal_pcd.o
                0x0000000008008b62                HAL_PCD_EP_Transmit
 .text.HAL_PCD_EP_SetStall
                0x0000000008008bf6       0xc8 ./Drivers/STM32F4xx_HAL_Driver/Src/stm32f4xx_hal_pcd.o
                0x0000000008008bf6                HAL_PCD_EP_SetStall
 .text.HAL_PCD_EP_ClrStall
                0x0000000008008cbe       0xac ./Drivers/STM32F4xx_HAL_Driver/Src/stm32f4xx_hal_pcd.o
                0x0000000008008cbe                HAL_PCD_EP_ClrStall
 .text.HAL_PCD_EP_Abort
                0x0000000008008d6a       0x62 ./Drivers/STM32F4xx_HAL_Driver/Src/stm32f4xx_hal_pcd.o
                0x0000000008008d6a                HAL_PCD_EP_Abort
 .text.PCD_WriteEmptyTxFifo
                0x0000000008008dcc      0x11a ./Drivers/STM32F4xx_HAL_Driver/Src/stm32f4xx_hal_pcd.o
 *fill*         0x0000000008008ee6        0x2 
 .text.PCD_EP_OutXfrComplete_int
                0x0000000008008ee8      0x1d0 ./Drivers/STM32F4xx_HAL_Driver/Src/stm32f4xx_hal_pcd.o
 .text.PCD_EP_OutSetupPacket_int
                0x00000000080090b8       0x8c ./Drivers/STM32F4xx_HAL_Driver/Src/stm32f4xx_hal_pcd.o
 .text.HAL_PCDEx_SetTxFiFo
                0x0000000008009144       0x8e ./Drivers/STM32F4xx_HAL_Driver/Src/stm32f4xx_hal_pcd_ex.o
                0x0000000008009144                HAL_PCDEx_SetTxFiFo
 .text.HAL_PCDEx_SetRxFiFo
                0x00000000080091d2       0x22 ./Drivers/STM32F4xx_HAL_Driver/Src/stm32f4xx_hal_pcd_ex.o
                0x00000000080091d2                HAL_PCDEx_SetRxFiFo
 .text.HAL_PCDEx_LPM_Callback
                0x00000000080091f4       0x18 ./Drivers/STM32F4xx_HAL_Driver/Src/stm32f4xx_hal_pcd_ex.o
                0x00000000080091f4                HAL_PCDEx_LPM_Callback
 .text.HAL_RCC_OscConfig
                0x000000000800920c      0x4f0 ./Drivers/STM32F4xx_HAL_Driver/Src/stm32f4xx_hal_rcc.o
                0x000000000800920c                HAL_RCC_OscConfig
 .text.HAL_RCC_ClockConfig
                0x00000000080096fc      0x1cc ./Drivers/STM32F4xx_HAL_Driver/Src/stm32f4xx_hal_rcc.o
                0x00000000080096fc                HAL_RCC_ClockConfig
 .text.HAL_RCC_GetSysClockFreq
                0x00000000080098c8      0x20c ./Drivers/STM32F4xx_HAL_Driver/Src/stm32f4xx_hal_rcc.o
                0x00000000080098c8                HAL_RCC_GetSysClockFreq
 .text.HAL_RCC_GetHCLKFreq
                0x0000000008009ad4       0x18 ./Drivers/STM32F4xx_HAL_Driver/Src/stm32f4xx_hal_rcc.o
                0x0000000008009ad4                HAL_RCC_GetHCLKFreq
 .text.HAL_RCC_GetPCLK1Freq
                0x0000000008009aec       0x28 ./Drivers/STM32F4xx_HAL_Driver/Src/stm32f4xx_hal_rcc.o
                0x0000000008009aec                HAL_RCC_GetPCLK1Freq
 .text.HAL_RCC_GetPCLK2Freq
                0x0000000008009b14       0x28 ./Drivers/STM32F4xx_HAL_Driver/Src/stm32f4xx_hal_rcc.o
                0x0000000008009b14                HAL_RCC_GetPCLK2Freq
 .text.HAL_RCCEx_PeriphCLKConfig
                0x0000000008009b3c      0x1e0 ./Drivers/STM32F4xx_HAL_Driver/Src/stm32f4xx_hal_rcc_ex.o
                0x0000000008009b3c                HAL_RCCEx_PeriphCLKConfig
 .text.HAL_RCCEx_GetPeriphCLKFreq
                0x0000000008009d1c       0xc0 ./Drivers/STM32F4xx_HAL_Driver/Src/stm32f4xx_hal_rcc_ex.o
                0x0000000008009d1c                HAL_RCCEx_GetPeriphCLKFreq
 .text.HAL_UART_Init
                0x0000000008009ddc       0x9a ./Drivers/STM32F4xx_HAL_Driver/Src/stm32f4xx_hal_uart.o
                0x0000000008009ddc                HAL_UART_Init
 .text.HAL_UART_Transmit
                0x0000000008009e76      0x124 ./Drivers/STM32F4xx_HAL_Driver/Src/stm32f4xx_hal_uart.o
                0x0000000008009e76                HAL_UART_Transmit
 .text.UART_WaitOnFlagUntilTimeout
                0x0000000008009f9a       0xdc ./Drivers/STM32F4xx_HAL_Driver/Src/stm32f4xx_hal_uart.o
 *fill*         0x000000000800a076        0x2 
 .text.UART_SetConfig
                0x000000000800a078      0x4e8 ./Drivers/STM32F4xx_HAL_Driver/Src/stm32f4xx_hal_uart.o
 .text.USB_CoreInit
                0x000000000800a560       0xc2 ./Drivers/STM32F4xx_HAL_Driver/Src/stm32f4xx_ll_usb.o
                0x000000000800a560                USB_CoreInit
 *fill*         0x000000000800a622        0x2 
 .text.USB_SetTurnaroundTime
                0x000000000800a624      0x144 ./Drivers/STM32F4xx_HAL_Driver/Src/stm32f4xx_ll_usb.o
                0x000000000800a624                USB_SetTurnaroundTime
 .text.USB_EnableGlobalInt
                0x000000000800a768       0x22 ./Drivers/STM32F4xx_HAL_Driver/Src/stm32f4xx_ll_usb.o
                0x000000000800a768                USB_EnableGlobalInt
 .text.USB_DisableGlobalInt
                0x000000000800a78a       0x22 ./Drivers/STM32F4xx_HAL_Driver/Src/stm32f4xx_ll_usb.o
                0x000000000800a78a                USB_DisableGlobalInt
 .text.USB_SetCurrentMode
                0x000000000800a7ac       0x98 ./Drivers/STM32F4xx_HAL_Driver/Src/stm32f4xx_ll_usb.o
                0x000000000800a7ac                USB_SetCurrentMode
 .text.USB_DevInit
                0x000000000800a844      0x2c8 ./Drivers/STM32F4xx_HAL_Driver/Src/stm32f4xx_ll_usb.o
                0x000000000800a844                USB_DevInit
 .text.USB_FlushTxFifo
                0x000000000800ab0c       0x68 ./Drivers/STM32F4xx_HAL_Driver/Src/stm32f4xx_ll_usb.o
                0x000000000800ab0c                USB_FlushTxFifo
 .text.USB_FlushRxFifo
                0x000000000800ab74       0x60 ./Drivers/STM32F4xx_HAL_Driver/Src/stm32f4xx_ll_usb.o
                0x000000000800ab74                USB_FlushRxFifo
 .text.USB_SetDevSpeed
                0x000000000800abd4       0x32 ./Drivers/STM32F4xx_HAL_Driver/Src/stm32f4xx_ll_usb.o
                0x000000000800abd4                USB_SetDevSpeed
 .text.USB_GetDevSpeed
                0x000000000800ac06       0x4a ./Drivers/STM32F4xx_HAL_Driver/Src/stm32f4xx_ll_usb.o
                0x000000000800ac06                USB_GetDevSpeed
 .text.USB_ActivateEndpoint
                0x000000000800ac50      0x10e ./Drivers/STM32F4xx_HAL_Driver/Src/stm32f4xx_ll_usb.o
                0x000000000800ac50                USB_ActivateEndpoint
 *fill*         0x000000000800ad5e        0x2 
 .text.USB_DeactivateEndpoint
                0x000000000800ad60      0x1b8 ./Drivers/STM32F4xx_HAL_Driver/Src/stm32f4xx_ll_usb.o
                0x000000000800ad60                USB_DeactivateEndpoint
 .text.USB_EPStartXfer
                0x000000000800af18      0x490 ./Drivers/STM32F4xx_HAL_Driver/Src/stm32f4xx_ll_usb.o
                0x000000000800af18                USB_EPStartXfer
 .text.USB_EP0StartXfer
                0x000000000800b3a8      0x2b0 ./Drivers/STM32F4xx_HAL_Driver/Src/stm32f4xx_ll_usb.o
                0x000000000800b3a8                USB_EP0StartXfer
 .text.USB_EPStopXfer
                0x000000000800b658      0x154 ./Drivers/STM32F4xx_HAL_Driver/Src/stm32f4xx_ll_usb.o
                0x000000000800b658                USB_EPStopXfer
 .text.USB_WritePacket
                0x000000000800b7ac       0x7c ./Drivers/STM32F4xx_HAL_Driver/Src/stm32f4xx_ll_usb.o
                0x000000000800b7ac                USB_WritePacket
 .text.USB_ReadPacket
                0x000000000800b828       0xb0 ./Drivers/STM32F4xx_HAL_Driver/Src/stm32f4xx_ll_usb.o
                0x000000000800b828                USB_ReadPacket
 .text.USB_EPSetStall
                0x000000000800b8d8       0xdc ./Drivers/STM32F4xx_HAL_Driver/Src/stm32f4xx_ll_usb.o
                0x000000000800b8d8                USB_EPSetStall
 .text.USB_EPClearStall
                0x000000000800b9b4       0xcc ./Drivers/STM32F4xx_HAL_Driver/Src/stm32f4xx_ll_usb.o
                0x000000000800b9b4                USB_EPClearStall
 .text.USB_SetDevAddress
                0x000000000800ba80       0x4c ./Drivers/STM32F4xx_HAL_Driver/Src/stm32f4xx_ll_usb.o
                0x000000000800ba80                USB_SetDevAddress
 .text.USB_DevConnect
                0x000000000800bacc       0x42 ./Drivers/STM32F4xx_HAL_Driver/Src/stm32f4xx_ll_usb.o
                0x000000000800bacc                USB_DevConnect
 .text.USB_DevDisconnect
                0x000000000800bb0e       0x42 ./Drivers/STM32F4xx_HAL_Driver/Src/stm32f4xx_ll_usb.o
                0x000000000800bb0e                USB_DevDisconnect
 .text.USB_ReadInterrupts
                0x000000000800bb50       0x26 ./Drivers/STM32F4xx_HAL_Driver/Src/stm32f4xx_ll_usb.o
                0x000000000800bb50                USB_ReadInterrupts
 .text.USB_ReadDevAllOutEpInterrupt
                0x000000000800bb76       0x34 ./Drivers/STM32F4xx_HAL_Driver/Src/stm32f4xx_ll_usb.o
                0x000000000800bb76                USB_ReadDevAllOutEpInterrupt
 .text.USB_ReadDevAllInEpInterrupt
                0x000000000800bbaa       0x34 ./Drivers/STM32F4xx_HAL_Driver/Src/stm32f4xx_ll_usb.o
                0x000000000800bbaa                USB_ReadDevAllInEpInterrupt
 .text.USB_ReadDevOutEPInterrupt
                0x000000000800bbde       0x3c ./Drivers/STM32F4xx_HAL_Driver/Src/stm32f4xx_ll_usb.o
                0x000000000800bbde                USB_ReadDevOutEPInterrupt
 .text.USB_ReadDevInEPInterrupt
                0x000000000800bc1a       0x5c ./Drivers/STM32F4xx_HAL_Driver/Src/stm32f4xx_ll_usb.o
                0x000000000800bc1a                USB_ReadDevInEPInterrupt
 .text.USB_GetMode
                0x000000000800bc76       0x1c ./Drivers/STM32F4xx_HAL_Driver/Src/stm32f4xx_ll_usb.o
                0x000000000800bc76                USB_GetMode
 .text.USB_ActivateSetup
                0x000000000800bc92       0x46 ./Drivers/STM32F4xx_HAL_Driver/Src/stm32f4xx_ll_usb.o
                0x000000000800bc92                USB_ActivateSetup
 .text.USB_EP0_OutStart
                0x000000000800bcd8       0xbc ./Drivers/STM32F4xx_HAL_Driver/Src/stm32f4xx_ll_usb.o
                0x000000000800bcd8                USB_EP0_OutStart
 .text.USB_CoreReset
                0x000000000800bd94       0x68 ./Drivers/STM32F4xx_HAL_Driver/Src/stm32f4xx_ll_usb.o
 .text.__errno  0x000000000800bdfc        0xc c:/st/stm32cubeide_1.11.0/stm32cubeide/plugins/com.st.stm32cube.ide.mcu.externaltools.gnu-tools-for-stm32.10.3-2021.10.win32_1.0.100.202210260954/tools/bin/../lib/gcc/arm-none-eabi/10.3.1/../../../../arm-none-eabi/lib/thumb/v7e-m+fp/hard\libc_nano.a(lib_a-errno.o)
                0x000000000800bdfc                __errno
 .text.__libc_init_array
                0x000000000800be08       0x48 c:/st/stm32cubeide_1.11.0/stm32cubeide/plugins/com.st.stm32cube.ide.mcu.externaltools.gnu-tools-for-stm32.10.3-2021.10.win32_1.0.100.202210260954/tools/bin/../lib/gcc/arm-none-eabi/10.3.1/../../../../arm-none-eabi/lib/thumb/v7e-m+fp/hard\libc_nano.a(lib_a-init.o)
                0x000000000800be08                __libc_init_array
 .text.memset   0x000000000800be50       0x10 c:/st/stm32cubeide_1.11.0/stm32cubeide/plugins/com.st.stm32cube.ide.mcu.externaltools.gnu-tools-for-stm32.10.3-2021.10.win32_1.0.100.202210260954/tools/bin/../lib/gcc/arm-none-eabi/10.3.1/../../../../arm-none-eabi/lib/thumb/v7e-m+fp/hard\libc_nano.a(lib_a-memset.o)
                0x000000000800be50                memset
 .text.printf   0x000000000800be60       0x30 c:/st/stm32cubeide_1.11.0/stm32cubeide/plugins/com.st.stm32cube.ide.mcu.externaltools.gnu-tools-for-stm32.10.3-2021.10.win32_1.0.100.202210260954/tools/bin/../lib/gcc/arm-none-eabi/10.3.1/../../../../arm-none-eabi/lib/thumb/v7e-m+fp/hard\libc_nano.a(lib_a-printf.o)
                0x000000000800be60                iprintf
                0x000000000800be60                printf
 .text._puts_r  0x000000000800be90       0xdc c:/st/stm32cubeide_1.11.0/stm32cubeide/plugins/com.st.stm32cube.ide.mcu.externaltools.gnu-tools-for-stm32.10.3-2021.10.win32_1.0.100.202210260954/tools/bin/../lib/gcc/arm-none-eabi/10.3.1/../../../../arm-none-eabi/lib/thumb/v7e-m+fp/hard\libc_nano.a(lib_a-puts.o)
                0x000000000800be90                _puts_r
 .text.puts     0x000000000800bf6c       0x10 c:/st/stm32cubeide_1.11.0/stm32cubeide/plugins/com.st.stm32cube.ide.mcu.externaltools.gnu-tools-for-stm32.10.3-2021.10.win32_1.0.100.202210260954/tools/bin/../lib/gcc/arm-none-eabi/10.3.1/../../../../arm-none-eabi/lib/thumb/v7e-m+fp/hard\libc_nano.a(lib_a-puts.o)
                0x000000000800bf6c                puts
 .text.__swbuf_r
                0x000000000800bf7c       0xa4 c:/st/stm32cubeide_1.11.0/stm32cubeide/plugins/com.st.stm32cube.ide.mcu.externaltools.gnu-tools-for-stm32.10.3-2021.10.win32_1.0.100.202210260954/tools/bin/../lib/gcc/arm-none-eabi/10.3.1/../../../../arm-none-eabi/lib/thumb/v7e-m+fp/hard\libc_nano.a(lib_a-wbuf.o)
                0x000000000800bf7c                __swbuf_r
 .text.__swsetup_r
                0x000000000800c020       0xdc c:/st/stm32cubeide_1.11.0/stm32cubeide/plugins/com.st.stm32cube.ide.mcu.externaltools.gnu-tools-for-stm32.10.3-2021.10.win32_1.0.100.202210260954/tools/bin/../lib/gcc/arm-none-eabi/10.3.1/../../../../arm-none-eabi/lib/thumb/v7e-m+fp/hard\libc_nano.a(lib_a-wsetup.o)
                0x000000000800c020                __swsetup_r
 .text.__sflush_r
                0x000000000800c0fc      0x10c c:/st/stm32cubeide_1.11.0/stm32cubeide/plugins/com.st.stm32cube.ide.mcu.externaltools.gnu-tools-for-stm32.10.3-2021.10.win32_1.0.100.202210260954/tools/bin/../lib/gcc/arm-none-eabi/10.3.1/../../../../arm-none-eabi/lib/thumb/v7e-m+fp/hard\libc_nano.a(lib_a-fflush.o)
                0x000000000800c0fc                __sflush_r
 .text._fflush_r
                0x000000000800c208       0x78 c:/st/stm32cubeide_1.11.0/stm32cubeide/plugins/com.st.stm32cube.ide.mcu.externaltools.gnu-tools-for-stm32.10.3-2021.10.win32_1.0.100.202210260954/tools/bin/../lib/gcc/arm-none-eabi/10.3.1/../../../../arm-none-eabi/lib/thumb/v7e-m+fp/hard\libc_nano.a(lib_a-fflush.o)
                0x000000000800c208                _fflush_r
 .text.std      0x000000000800c280       0x48 c:/st/stm32cubeide_1.11.0/stm32cubeide/plugins/com.st.stm32cube.ide.mcu.externaltools.gnu-tools-for-stm32.10.3-2021.10.win32_1.0.100.202210260954/tools/bin/../lib/gcc/arm-none-eabi/10.3.1/../../../../arm-none-eabi/lib/thumb/v7e-m+fp/hard\libc_nano.a(lib_a-findfp.o)
 .text._cleanup_r
                0x000000000800c2c8        0xc c:/st/stm32cubeide_1.11.0/stm32cubeide/plugins/com.st.stm32cube.ide.mcu.externaltools.gnu-tools-for-stm32.10.3-2021.10.win32_1.0.100.202210260954/tools/bin/../lib/gcc/arm-none-eabi/10.3.1/../../../../arm-none-eabi/lib/thumb/v7e-m+fp/hard\libc_nano.a(lib_a-findfp.o)
                0x000000000800c2c8                _cleanup_r
 .text.__sfmoreglue
                0x000000000800c2d4       0x2c c:/st/stm32cubeide_1.11.0/stm32cubeide/plugins/com.st.stm32cube.ide.mcu.externaltools.gnu-tools-for-stm32.10.3-2021.10.win32_1.0.100.202210260954/tools/bin/../lib/gcc/arm-none-eabi/10.3.1/../../../../arm-none-eabi/lib/thumb/v7e-m+fp/hard\libc_nano.a(lib_a-findfp.o)
                0x000000000800c2d4                __sfmoreglue
 .text.__sfp_lock_acquire
                0x000000000800c300        0xc c:/st/stm32cubeide_1.11.0/stm32cubeide/plugins/com.st.stm32cube.ide.mcu.externaltools.gnu-tools-for-stm32.10.3-2021.10.win32_1.0.100.202210260954/tools/bin/../lib/gcc/arm-none-eabi/10.3.1/../../../../arm-none-eabi/lib/thumb/v7e-m+fp/hard\libc_nano.a(lib_a-findfp.o)
                0x000000000800c300                __sfp_lock_acquire
 .text.__sfp_lock_release
                0x000000000800c30c        0xc c:/st/stm32cubeide_1.11.0/stm32cubeide/plugins/com.st.stm32cube.ide.mcu.externaltools.gnu-tools-for-stm32.10.3-2021.10.win32_1.0.100.202210260954/tools/bin/../lib/gcc/arm-none-eabi/10.3.1/../../../../arm-none-eabi/lib/thumb/v7e-m+fp/hard\libc_nano.a(lib_a-findfp.o)
                0x000000000800c30c                __sfp_lock_release
 .text.__sinit_lock_acquire
                0x000000000800c318        0xc c:/st/stm32cubeide_1.11.0/stm32cubeide/plugins/com.st.stm32cube.ide.mcu.externaltools.gnu-tools-for-stm32.10.3-2021.10.win32_1.0.100.202210260954/tools/bin/../lib/gcc/arm-none-eabi/10.3.1/../../../../arm-none-eabi/lib/thumb/v7e-m+fp/hard\libc_nano.a(lib_a-findfp.o)
                0x000000000800c318                __sinit_lock_acquire
 .text.__sinit_lock_release
                0x000000000800c324        0xc c:/st/stm32cubeide_1.11.0/stm32cubeide/plugins/com.st.stm32cube.ide.mcu.externaltools.gnu-tools-for-stm32.10.3-2021.10.win32_1.0.100.202210260954/tools/bin/../lib/gcc/arm-none-eabi/10.3.1/../../../../arm-none-eabi/lib/thumb/v7e-m+fp/hard\libc_nano.a(lib_a-findfp.o)
                0x000000000800c324                __sinit_lock_release
 .text.__sinit  0x000000000800c330       0x70 c:/st/stm32cubeide_1.11.0/stm32cubeide/plugins/com.st.stm32cube.ide.mcu.externaltools.gnu-tools-for-stm32.10.3-2021.10.win32_1.0.100.202210260954/tools/bin/../lib/gcc/arm-none-eabi/10.3.1/../../../../arm-none-eabi/lib/thumb/v7e-m+fp/hard\libc_nano.a(lib_a-findfp.o)
                0x000000000800c330                __sinit
 .text.__sfp    0x000000000800c3a0       0x8c c:/st/stm32cubeide_1.11.0/stm32cubeide/plugins/com.st.stm32cube.ide.mcu.externaltools.gnu-tools-for-stm32.10.3-2021.10.win32_1.0.100.202210260954/tools/bin/../lib/gcc/arm-none-eabi/10.3.1/../../../../arm-none-eabi/lib/thumb/v7e-m+fp/hard\libc_nano.a(lib_a-findfp.o)
                0x000000000800c3a0                __sfp
 .text._fwalk_reent
                0x000000000800c42c       0x3e c:/st/stm32cubeide_1.11.0/stm32cubeide/plugins/com.st.stm32cube.ide.mcu.externaltools.gnu-tools-for-stm32.10.3-2021.10.win32_1.0.100.202210260954/tools/bin/../lib/gcc/arm-none-eabi/10.3.1/../../../../arm-none-eabi/lib/thumb/v7e-m+fp/hard\libc_nano.a(lib_a-fwalk.o)
                0x000000000800c42c                _fwalk_reent
 .text.__retarget_lock_init_recursive
                0x000000000800c46a        0x2 c:/st/stm32cubeide_1.11.0/stm32cubeide/plugins/com.st.stm32cube.ide.mcu.externaltools.gnu-tools-for-stm32.10.3-2021.10.win32_1.0.100.202210260954/tools/bin/../lib/gcc/arm-none-eabi/10.3.1/../../../../arm-none-eabi/lib/thumb/v7e-m+fp/hard\libc_nano.a(lib_a-lock.o)
                0x000000000800c46a                __retarget_lock_init_recursive
 .text.__retarget_lock_acquire_recursive
                0x000000000800c46c        0x2 c:/st/stm32cubeide_1.11.0/stm32cubeide/plugins/com.st.stm32cube.ide.mcu.externaltools.gnu-tools-for-stm32.10.3-2021.10.win32_1.0.100.202210260954/tools/bin/../lib/gcc/arm-none-eabi/10.3.1/../../../../arm-none-eabi/lib/thumb/v7e-m+fp/hard\libc_nano.a(lib_a-lock.o)
                0x000000000800c46c                __retarget_lock_acquire_recursive
 .text.__retarget_lock_release_recursive
                0x000000000800c46e        0x2 c:/st/stm32cubeide_1.11.0/stm32cubeide/plugins/com.st.stm32cube.ide.mcu.externaltools.gnu-tools-for-stm32.10.3-2021.10.win32_1.0.100.202210260954/tools/bin/../lib/gcc/arm-none-eabi/10.3.1/../../../../arm-none-eabi/lib/thumb/v7e-m+fp/hard\libc_nano.a(lib_a-lock.o)
                0x000000000800c46e                __retarget_lock_release_recursive
 .text.__swhatbuf_r
                0x000000000800c470       0x4a c:/st/stm32cubeide_1.11.0/stm32cubeide/plugins/com.st.stm32cube.ide.mcu.externaltools.gnu-tools-for-stm32.10.3-2021.10.win32_1.0.100.202210260954/tools/bin/../lib/gcc/arm-none-eabi/10.3.1/../../../../arm-none-eabi/lib/thumb/v7e-m+fp/hard\libc_nano.a(lib_a-makebuf.o)
                0x000000000800c470                __swhatbuf_r
 *fill*         0x000000000800c4ba        0x2 
 .text.__smakebuf_r
                0x000000000800c4bc       0x80 c:/st/stm32cubeide_1.11.0/stm32cubeide/plugins/com.st.stm32cube.ide.mcu.externaltools.gnu-tools-for-stm32.10.3-2021.10.win32_1.0.100.202210260954/tools/bin/../lib/gcc/arm-none-eabi/10.3.1/../../../../arm-none-eabi/lib/thumb/v7e-m+fp/hard\libc_nano.a(lib_a-makebuf.o)
                0x000000000800c4bc                __smakebuf_r
 .text._free_r  0x000000000800c53c       0x98 c:/st/stm32cubeide_1.11.0/stm32cubeide/plugins/com.st.stm32cube.ide.mcu.externaltools.gnu-tools-for-stm32.10.3-2021.10.win32_1.0.100.202210260954/tools/bin/../lib/gcc/arm-none-eabi/10.3.1/../../../../arm-none-eabi/lib/thumb/v7e-m+fp/hard\libc_nano.a(lib_a-nano-freer.o)
                0x000000000800c53c                _free_r
 .text.sbrk_aligned
                0x000000000800c5d4       0x40 c:/st/stm32cubeide_1.11.0/stm32cubeide/plugins/com.st.stm32cube.ide.mcu.externaltools.gnu-tools-for-stm32.10.3-2021.10.win32_1.0.100.202210260954/tools/bin/../lib/gcc/arm-none-eabi/10.3.1/../../../../arm-none-eabi/lib/thumb/v7e-m+fp/hard\libc_nano.a(lib_a-nano-mallocr.o)
 .text._malloc_r
                0x000000000800c614       0xe8 c:/st/stm32cubeide_1.11.0/stm32cubeide/plugins/com.st.stm32cube.ide.mcu.externaltools.gnu-tools-for-stm32.10.3-2021.10.win32_1.0.100.202210260954/tools/bin/../lib/gcc/arm-none-eabi/10.3.1/../../../../arm-none-eabi/lib/thumb/v7e-m+fp/hard\libc_nano.a(lib_a-nano-mallocr.o)
                0x000000000800c614                _malloc_r
 .text.__sfputc_r
                0x000000000800c6fc       0x2e c:/st/stm32cubeide_1.11.0/stm32cubeide/plugins/com.st.stm32cube.ide.mcu.externaltools.gnu-tools-for-stm32.10.3-2021.10.win32_1.0.100.202210260954/tools/bin/../lib/gcc/arm-none-eabi/10.3.1/../../../../arm-none-eabi/lib/thumb/v7e-m+fp/hard\libc_nano.a(lib_a-nano-vfprintf.o)
 .text.__sfputs_r
                0x000000000800c72a       0x24 c:/st/stm32cubeide_1.11.0/stm32cubeide/plugins/com.st.stm32cube.ide.mcu.externaltools.gnu-tools-for-stm32.10.3-2021.10.win32_1.0.100.202210260954/tools/bin/../lib/gcc/arm-none-eabi/10.3.1/../../../../arm-none-eabi/lib/thumb/v7e-m+fp/hard\libc_nano.a(lib_a-nano-vfprintf.o)
                0x000000000800c72a                __sfputs_r
 *fill*         0x000000000800c74e        0x2 
 .text._vfprintf_r
                0x000000000800c750      0x260 c:/st/stm32cubeide_1.11.0/stm32cubeide/plugins/com.st.stm32cube.ide.mcu.externaltools.gnu-tools-for-stm32.10.3-2021.10.win32_1.0.100.202210260954/tools/bin/../lib/gcc/arm-none-eabi/10.3.1/../../../../arm-none-eabi/lib/thumb/v7e-m+fp/hard\libc_nano.a(lib_a-nano-vfprintf.o)
                0x000000000800c750                _vfprintf_r
                0x000000000800c750                _vfiprintf_r
 .text._printf_common
                0x000000000800c9b0       0xda c:/st/stm32cubeide_1.11.0/stm32cubeide/plugins/com.st.stm32cube.ide.mcu.externaltools.gnu-tools-for-stm32.10.3-2021.10.win32_1.0.100.202210260954/tools/bin/../lib/gcc/arm-none-eabi/10.3.1/../../../../arm-none-eabi/lib/thumb/v7e-m+fp/hard\libc_nano.a(lib_a-nano-vfprintf_i.o)
                0x000000000800c9b0                _printf_common
 *fill*         0x000000000800ca8a        0x2 
 .text._printf_i
                0x000000000800ca8c      0x24c c:/st/stm32cubeide_1.11.0/stm32cubeide/plugins/com.st.stm32cube.ide.mcu.externaltools.gnu-tools-for-stm32.10.3-2021.10.win32_1.0.100.202210260954/tools/bin/../lib/gcc/arm-none-eabi/10.3.1/../../../../arm-none-eabi/lib/thumb/v7e-m+fp/hard\libc_nano.a(lib_a-nano-vfprintf_i.o)
                0x000000000800ca8c                _printf_i
 .text._sbrk_r  0x000000000800ccd8       0x20 c:/st/stm32cubeide_1.11.0/stm32cubeide/plugins/com.st.stm32cube.ide.mcu.externaltools.gnu-tools-for-stm32.10.3-2021.10.win32_1.0.100.202210260954/tools/bin/../lib/gcc/arm-none-eabi/10.3.1/../../../../arm-none-eabi/lib/thumb/v7e-m+fp/hard\libc_nano.a(lib_a-sbrkr.o)
                0x000000000800ccd8                _sbrk_r
 .text.__sread  0x000000000800ccf8       0x22 c:/st/stm32cubeide_1.11.0/stm32cubeide/plugins/com.st.stm32cube.ide.mcu.externaltools.gnu-tools-for-stm32.10.3-2021.10.win32_1.0.100.202210260954/tools/bin/../lib/gcc/arm-none-eabi/10.3.1/../../../../arm-none-eabi/lib/thumb/v7e-m+fp/hard\libc_nano.a(lib_a-stdio.o)
                0x000000000800ccf8                __sread
 .text.__swrite
                0x000000000800cd1a       0x38 c:/st/stm32cubeide_1.11.0/stm32cubeide/plugins/com.st.stm32cube.ide.mcu.externaltools.gnu-tools-for-stm32.10.3-2021.10.win32_1.0.100.202210260954/tools/bin/../lib/gcc/arm-none-eabi/10.3.1/../../../../arm-none-eabi/lib/thumb/v7e-m+fp/hard\libc_nano.a(lib_a-stdio.o)
                0x000000000800cd1a                __swrite
 .text.__sseek  0x000000000800cd52       0x24 c:/st/stm32cubeide_1.11.0/stm32cubeide/plugins/com.st.stm32cube.ide.mcu.externaltools.gnu-tools-for-stm32.10.3-2021.10.win32_1.0.100.202210260954/tools/bin/../lib/gcc/arm-none-eabi/10.3.1/../../../../arm-none-eabi/lib/thumb/v7e-m+fp/hard\libc_nano.a(lib_a-stdio.o)
                0x000000000800cd52                __sseek
 .text.__sclose
                0x000000000800cd76        0x8 c:/st/stm32cubeide_1.11.0/stm32cubeide/plugins/com.st.stm32cube.ide.mcu.externaltools.gnu-tools-for-stm32.10.3-2021.10.win32_1.0.100.202210260954/tools/bin/../lib/gcc/arm-none-eabi/10.3.1/../../../../arm-none-eabi/lib/thumb/v7e-m+fp/hard\libc_nano.a(lib_a-stdio.o)
                0x000000000800cd76                __sclose
 *fill*         0x000000000800cd7e        0x2 
 .text._write_r
                0x000000000800cd80       0x24 c:/st/stm32cubeide_1.11.0/stm32cubeide/plugins/com.st.stm32cube.ide.mcu.externaltools.gnu-tools-for-stm32.10.3-2021.10.win32_1.0.100.202210260954/tools/bin/../lib/gcc/arm-none-eabi/10.3.1/../../../../arm-none-eabi/lib/thumb/v7e-m+fp/hard\libc_nano.a(lib_a-writer.o)
                0x000000000800cd80                _write_r
 .text._close_r
                0x000000000800cda4       0x20 c:/st/stm32cubeide_1.11.0/stm32cubeide/plugins/com.st.stm32cube.ide.mcu.externaltools.gnu-tools-for-stm32.10.3-2021.10.win32_1.0.100.202210260954/tools/bin/../lib/gcc/arm-none-eabi/10.3.1/../../../../arm-none-eabi/lib/thumb/v7e-m+fp/hard\libc_nano.a(lib_a-closer.o)
                0x000000000800cda4                _close_r
 .text._fstat_r
                0x000000000800cdc4       0x24 c:/st/stm32cubeide_1.11.0/stm32cubeide/plugins/com.st.stm32cube.ide.mcu.externaltools.gnu-tools-for-stm32.10.3-2021.10.win32_1.0.100.202210260954/tools/bin/../lib/gcc/arm-none-eabi/10.3.1/../../../../arm-none-eabi/lib/thumb/v7e-m+fp/hard\libc_nano.a(lib_a-fstatr.o)
                0x000000000800cdc4                _fstat_r
 .text._isatty_r
                0x000000000800cde8       0x20 c:/st/stm32cubeide_1.11.0/stm32cubeide/plugins/com.st.stm32cube.ide.mcu.externaltools.gnu-tools-for-stm32.10.3-2021.10.win32_1.0.100.202210260954/tools/bin/../lib/gcc/arm-none-eabi/10.3.1/../../../../arm-none-eabi/lib/thumb/v7e-m+fp/hard\libc_nano.a(lib_a-isattyr.o)
                0x000000000800cde8                _isatty_r
 .text._lseek_r
                0x000000000800ce08       0x24 c:/st/stm32cubeide_1.11.0/stm32cubeide/plugins/com.st.stm32cube.ide.mcu.externaltools.gnu-tools-for-stm32.10.3-2021.10.win32_1.0.100.202210260954/tools/bin/../lib/gcc/arm-none-eabi/10.3.1/../../../../arm-none-eabi/lib/thumb/v7e-m+fp/hard\libc_nano.a(lib_a-lseekr.o)
                0x000000000800ce08                _lseek_r
 .text.__malloc_lock
                0x000000000800ce2c        0xc c:/st/stm32cubeide_1.11.0/stm32cubeide/plugins/com.st.stm32cube.ide.mcu.externaltools.gnu-tools-for-stm32.10.3-2021.10.win32_1.0.100.202210260954/tools/bin/../lib/gcc/arm-none-eabi/10.3.1/../../../../arm-none-eabi/lib/thumb/v7e-m+fp/hard\libc_nano.a(lib_a-mlock.o)
                0x000000000800ce2c                __malloc_lock
 .text.__malloc_unlock
                0x000000000800ce38        0xc c:/st/stm32cubeide_1.11.0/stm32cubeide/plugins/com.st.stm32cube.ide.mcu.externaltools.gnu-tools-for-stm32.10.3-2021.10.win32_1.0.100.202210260954/tools/bin/../lib/gcc/arm-none-eabi/10.3.1/../../../../arm-none-eabi/lib/thumb/v7e-m+fp/hard\libc_nano.a(lib_a-mlock.o)
                0x000000000800ce38                __malloc_unlock
 .text._read_r  0x000000000800ce44       0x24 c:/st/stm32cubeide_1.11.0/stm32cubeide/plugins/com.st.stm32cube.ide.mcu.externaltools.gnu-tools-for-stm32.10.3-2021.10.win32_1.0.100.202210260954/tools/bin/../lib/gcc/arm-none-eabi/10.3.1/../../../../arm-none-eabi/lib/thumb/v7e-m+fp/hard\libc_nano.a(lib_a-readr.o)
                0x000000000800ce44                _read_r
 .text.cosf     0x000000000800ce68       0x88 c:/st/stm32cubeide_1.11.0/stm32cubeide/plugins/com.st.stm32cube.ide.mcu.externaltools.gnu-tools-for-stm32.10.3-2021.10.win32_1.0.100.202210260954/tools/bin/../lib/gcc/arm-none-eabi/10.3.1/../../../../arm-none-eabi/lib/thumb/v7e-m+fp/hard\libm.a(lib_a-sf_cos.o)
                0x000000000800ce68                cosf
 .text.sinf     0x000000000800cef0       0x8c c:/st/stm32cubeide_1.11.0/stm32cubeide/plugins/com.st.stm32cube.ide.mcu.externaltools.gnu-tools-for-stm32.10.3-2021.10.win32_1.0.100.202210260954/tools/bin/../lib/gcc/arm-none-eabi/10.3.1/../../../../arm-none-eabi/lib/thumb/v7e-m+fp/hard\libm.a(lib_a-sf_sin.o)
                0x000000000800cef0                sinf
 .text.log2f    0x000000000800cf7c       0x14 c:/st/stm32cubeide_1.11.0/stm32cubeide/plugins/com.st.stm32cube.ide.mcu.externaltools.gnu-tools-for-stm32.10.3-2021.10.win32_1.0.100.202210260954/tools/bin/../lib/gcc/arm-none-eabi/10.3.1/../../../../arm-none-eabi/lib/thumb/v7e-m+fp/hard\libm.a(lib_a-wf_log2.o)
                0x000000000800cf7c                log2f
 .text.__ieee754_rem_pio2f
                0x000000000800cf90      0x278 c:/st/stm32cubeide_1.11.0/stm32cubeide/plugins/com.st.stm32cube.ide.mcu.externaltools.gnu-tools-for-stm32.10.3-2021.10.win32_1.0.100.202210260954/tools/bin/../lib/gcc/arm-none-eabi/10.3.1/../../../../arm-none-eabi/lib/thumb/v7e-m+fp/hard\libm.a(lib_a-ef_rem_pio2.o)
                0x000000000800cf90                __ieee754_rem_pio2f
 .text.__kernel_cosf
                0x000000000800d208       0xc0 c:/st/stm32cubeide_1.11.0/stm32cubeide/plugins/com.st.stm32cube.ide.mcu.externaltools.gnu-tools-for-stm32.10.3-2021.10.win32_1.0.100.202210260954/tools/bin/../lib/gcc/arm-none-eabi/10.3.1/../../../../arm-none-eabi/lib/thumb/v7e-m+fp/hard\libm.a(lib_a-kf_cos.o)
                0x000000000800d208                __kernel_cosf
 .text.__kernel_rem_pio2f
                0x000000000800d2c8      0x4ec c:/st/stm32cubeide_1.11.0/stm32cubeide/plugins/com.st.stm32cube.ide.mcu.externaltools.gnu-tools-for-stm32.10.3-2021.10.win32_1.0.100.202210260954/tools/bin/../lib/gcc/arm-none-eabi/10.3.1/../../../../arm-none-eabi/lib/thumb/v7e-m+fp/hard\libm.a(lib_a-kf_rem_pio2.o)
                0x000000000800d2c8                __kernel_rem_pio2f
 .text.__kernel_sinf
                0x000000000800d7b4       0x90 c:/st/stm32cubeide_1.11.0/stm32cubeide/plugins/com.st.stm32cube.ide.mcu.externaltools.gnu-tools-for-stm32.10.3-2021.10.win32_1.0.100.202210260954/tools/bin/../lib/gcc/arm-none-eabi/10.3.1/../../../../arm-none-eabi/lib/thumb/v7e-m+fp/hard\libm.a(lib_a-kf_sin.o)
                0x000000000800d7b4                __kernel_sinf
 .text.fabsf    0x000000000800d844        0xe c:/st/stm32cubeide_1.11.0/stm32cubeide/plugins/com.st.stm32cube.ide.mcu.externaltools.gnu-tools-for-stm32.10.3-2021.10.win32_1.0.100.202210260954/tools/bin/../lib/gcc/arm-none-eabi/10.3.1/../../../../arm-none-eabi/lib/thumb/v7e-m+fp/hard\libm.a(lib_a-sf_fabs.o)
                0x000000000800d844                fabsf
 *fill*         0x000000000800d852        0x2 
 .text.floorf   0x000000000800d854       0x84 c:/st/stm32cubeide_1.11.0/stm32cubeide/plugins/com.st.stm32cube.ide.mcu.externaltools.gnu-tools-for-stm32.10.3-2021.10.win32_1.0.100.202210260954/tools/bin/../lib/gcc/arm-none-eabi/10.3.1/../../../../arm-none-eabi/lib/thumb/v7e-m+fp/hard\libm.a(lib_a-sf_floor.o)
                0x000000000800d854                floorf
 .text.scalbnf  0x000000000800d8d8       0xe4 c:/st/stm32cubeide_1.11.0/stm32cubeide/plugins/com.st.stm32cube.ide.mcu.externaltools.gnu-tools-for-stm32.10.3-2021.10.win32_1.0.100.202210260954/tools/bin/../lib/gcc/arm-none-eabi/10.3.1/../../../../arm-none-eabi/lib/thumb/v7e-m+fp/hard\libm.a(lib_a-sf_scalbn.o)
                0x000000000800d8d8                scalbnf
 .text.logf     0x000000000800d9bc       0x5c c:/st/stm32cubeide_1.11.0/stm32cubeide/plugins/com.st.stm32cube.ide.mcu.externaltools.gnu-tools-for-stm32.10.3-2021.10.win32_1.0.100.202210260954/tools/bin/../lib/gcc/arm-none-eabi/10.3.1/../../../../arm-none-eabi/lib/thumb/v7e-m+fp/hard\libm.a(lib_a-wf_log.o)
                0x000000000800d9bc                logf
 .text.__ieee754_logf
                0x000000000800da18      0x1e0 c:/st/stm32cubeide_1.11.0/stm32cubeide/plugins/com.st.stm32cube.ide.mcu.externaltools.gnu-tools-for-stm32.10.3-2021.10.win32_1.0.100.202210260954/tools/bin/../lib/gcc/arm-none-eabi/10.3.1/../../../../arm-none-eabi/lib/thumb/v7e-m+fp/hard\libm.a(lib_a-ef_log.o)
                0x000000000800da18                __ieee754_logf
 .text.nanf     0x000000000800dbf8        0xc c:/st/stm32cubeide_1.11.0/stm32cubeide/plugins/com.st.stm32cube.ide.mcu.externaltools.gnu-tools-for-stm32.10.3-2021.10.win32_1.0.100.202210260954/tools/bin/../lib/gcc/arm-none-eabi/10.3.1/../../../../arm-none-eabi/lib/thumb/v7e-m+fp/hard\libm.a(lib_a-sf_nan.o)
                0x000000000800dbf8                nanf
 *(.glue_7)
 .glue_7        0x000000000800dc04        0x0 linker stubs
 *(.glue_7t)
 .glue_7t       0x000000000800dc04        0x0 linker stubs
 *(.eh_frame)
 .eh_frame      0x000000000800dc04        0x0 c:/st/stm32cubeide_1.11.0/stm32cubeide/plugins/com.st.stm32cube.ide.mcu.externaltools.gnu-tools-for-stm32.10.3-2021.10.win32_1.0.100.202210260954/tools/bin/../lib/gcc/arm-none-eabi/10.3.1/thumb/v7e-m+fp/hard/crtbegin.o
 *(.init)
 .init          0x000000000800dc04        0x4 c:/st/stm32cubeide_1.11.0/stm32cubeide/plugins/com.st.stm32cube.ide.mcu.externaltools.gnu-tools-for-stm32.10.3-2021.10.win32_1.0.100.202210260954/tools/bin/../lib/gcc/arm-none-eabi/10.3.1/thumb/v7e-m+fp/hard/crti.o
                0x000000000800dc04                _init
 .init          0x000000000800dc08        0x8 c:/st/stm32cubeide_1.11.0/stm32cubeide/plugins/com.st.stm32cube.ide.mcu.externaltools.gnu-tools-for-stm32.10.3-2021.10.win32_1.0.100.202210260954/tools/bin/../lib/gcc/arm-none-eabi/10.3.1/thumb/v7e-m+fp/hard/crtn.o
 *(.fini)
 .fini          0x000000000800dc10        0x4 c:/st/stm32cubeide_1.11.0/stm32cubeide/plugins/com.st.stm32cube.ide.mcu.externaltools.gnu-tools-for-stm32.10.3-2021.10.win32_1.0.100.202210260954/tools/bin/../lib/gcc/arm-none-eabi/10.3.1/thumb/v7e-m+fp/hard/crti.o
                0x000000000800dc10                _fini
 .fini          0x000000000800dc14        0x8 c:/st/stm32cubeide_1.11.0/stm32cubeide/plugins/com.st.stm32cube.ide.mcu.externaltools.gnu-tools-for-stm32.10.3-2021.10.win32_1.0.100.202210260954/tools/bin/../lib/gcc/arm-none-eabi/10.3.1/thumb/v7e-m+fp/hard/crtn.o
                0x000000000800dc1c                . = ALIGN (0x4)
                0x000000000800dc1c                _etext = .

.vfp11_veneer   0x000000000800dc1c        0x0
 .vfp11_veneer  0x000000000800dc1c        0x0 linker stubs

.v4_bx          0x000000000800dc1c        0x0
 .v4_bx         0x000000000800dc1c        0x0 linker stubs

.iplt           0x000000000800dc1c        0x0
 .iplt          0x000000000800dc1c        0x0 c:/st/stm32cubeide_1.11.0/stm32cubeide/plugins/com.st.stm32cube.ide.mcu.externaltools.gnu-tools-for-stm32.10.3-2021.10.win32_1.0.100.202210260954/tools/bin/../lib/gcc/arm-none-eabi/10.3.1/thumb/v7e-m+fp/hard/crtbegin.o

.rodata         0x000000000800dc1c     0x13b8
                0x000000000800dc1c                . = ALIGN (0x4)
 *(.rodata)
 .rodata        0x000000000800dc1c      0x32b ./Core/Src/main.o
 *fill*         0x000000000800df47        0x1 
 .rodata        0x000000000800df48      0x155 ./Core/Src/note.o
 *fill*         0x000000000800e09d        0x3 
 .rodata        0x000000000800e0a0       0x5e ./Core/Src/usbd_conf.o
 *fill*         0x000000000800e0fe        0x2 
 .rodata        0x000000000800e100       0x3b ./Core/Src/usbd_desc.o
 *fill*         0x000000000800e13b        0x1 
 .rodata        0x000000000800e13c       0x43 ./Core/Src/usbd_midi.o
 *fill*         0x000000000800e17f        0x1 
 .rodata        0x000000000800e180       0x18 ./Core/Src/wavetable.o
 *(.rodata*)
 .rodata.do3    0x000000000800e198      0x2a0 ./Core/Src/accordion_tables.o
                0x000000000800e198                do3
 .rodata.do4    0x000000000800e438      0x120 ./Core/Src/accordion_tables.o
                0x000000000800e438                do4
 .rodata.do5    0x000000000800e558       0x90 ./Core/Src/accordion_tables.o
                0x000000000800e558                do5
 .rodata.sol3   0x000000000800e5e8      0x1c2 ./Core/Src/accordion_tables.o
                0x000000000800e5e8                sol3
 *fill*         0x000000000800e7aa        0x2 
 .rodata.sol4   0x000000000800e7ac       0xde ./Core/Src/accordion_tables.o
                0x000000000800e7ac                sol4
 *fill*         0x000000000800e88a        0x2 
 .rodata.sol5   0x000000000800e88c       0x66 ./Core/Src/accordion_tables.o
                0x000000000800e88c                sol5
 *fill*         0x000000000800e8f2        0x2 
 .rodata.note_table
                0x000000000800e8f4      0x230 ./Core/Src/note.o
 .rodata.AHBPrescTable
                0x000000000800eb24       0x10 ./Core/Src/system_stm32f4xx.o
                0x000000000800eb24                AHBPrescTable
 .rodata.APBPrescTable
                0x000000000800eb34        0x8 ./Core/Src/system_stm32f4xx.o
                0x000000000800eb34                APBPrescTable
 .rodata.bl_max_harmonic
                0x000000000800eb3c       0x10 ./Core/Src/wavetable.o
 .rodata.source_sizes.0
                0x000000000800eb4c       0x18 ./Core/Src/wavetable.o
 .rodata.flagBitshiftOffset.0
                0x000000000800eb64        0x8 ./Drivers/STM32F4xx_HAL_Driver/Src/stm32f4xx_hal_dma.o
 .rodata._global_impure_ptr
                0x000000000800eb6c        0x4 c:/st/stm32cubeide_1.11.0/stm32cubeide/plugins/com.st.stm32cube.ide.mcu.externaltools.gnu-tools-for-stm32.10.3-2021.10.win32_1.0.100.202210260954/tools/bin/../lib/gcc/arm-none-eabi/10.3.1/../../../../arm-none-eabi/lib/thumb/v7e-m+fp/hard\libc_nano.a(lib_a-impure.o)
                0x000000000800eb6c                _global_impure_ptr
 .rodata.__sf_fake_stderr
                0x000000000800eb70       0x20 c:/st/stm32cubeide_1.11.0/stm32cubeide/plugins/com.st.stm32cube.ide.mcu.externaltools.gnu-tools-for-stm32.10.3-2021.10.win32_1.0.100.202210260954/tools/bin/../lib/gcc/arm-none-eabi/10.3.1/../../../../arm-none-eabi/lib/thumb/v7e-m+fp/hard\libc_nano.a(lib_a-findfp.o)
                0x000000000800eb70                __sf_fake_stderr
 .rodata.__sf_fake_stdin
                0x000000000800eb90       0x20 c:/st/stm32cubeide_1.11.0/stm32cubeide/plugins/com.st.stm32cube.ide.mcu.externaltools.gnu-tools-for-stm32.10.3-2021.10.win32_1.0.100.202210260954/tools/bin/../lib/gcc/arm-none-eabi/10.3.1/../../../../arm-none-eabi/lib/thumb/v7e-m+fp/hard\libc_nano.a(lib_a-findfp.o)
                0x000000000800eb90                __sf_fake_stdin
 .rodata.__sf_fake_stdout
                0x000000000800ebb0       0x20 c:/st/stm32cubeide_1.11.0/stm32cubeide/plugins/com.st.stm32cube.ide.mcu.externaltools.gnu-tools-for-stm32.10.3-2021.10.win32_1.0.100.202210260954/tools/bin/../lib/gcc/arm-none-eabi/10.3.1/../../../../arm-none-eabi/lib/thumb/v7e-m+fp/hard\libc_nano.a(lib_a-findfp.o)
                0x000000000800ebb0                __sf_fake_stdout
 .rodata._vfprintf_r.str1.1
                0x000000000800ebd0       0x11 c:/st/stm32cubeide_1.11.0/stm32cubeide/plugins/com.st.stm32cube.ide.mcu.externaltools.gnu-tools-for-stm32.10.3-2021.10.win32_1.0.100.202210260954/tools/bin/../lib/gcc/arm-none-eabi/10.3.1/../../../../arm-none-eabi/lib/thumb/v7e-m+fp/hard\libc_nano.a(lib_a-nano-vfprintf.o)
 .rodata._printf_i.str1.1
                0x000000000800ebe1       0x22 c:/st/stm32cubeide_1.11.0/stm32cubeide/plugins/com.st.stm32cube.ide.mcu.externaltools.gnu-tools-for-stm32.10.3-2021.10.win32_1.0.100.202210260954/tools/bin/../lib/gcc/arm-none-eabi/10.3.1/../../../../arm-none-eabi/lib/thumb/v7e-m+fp/hard\libc_nano.a(lib_a-nano-vfprintf_i.o)
 *fill*         0x000000000800ec03        0x1 
 .rodata.npio2_hw
                0x000000000800ec04       0x80 c:/st/stm32cubeide_1.11.0/stm32cubeide/plugins/com.st.stm32cube.ide.mcu.externaltools.gnu-tools-for-stm32.10.3-2021.10.win32_1.0.100.202210260954/tools/bin/../lib/gcc/arm-none-eabi/10.3.1/../../../../arm-none-eabi/lib/thumb/v7e-m+fp/hard\libm.a(lib_a-ef_rem_pio2.o)
 .rodata.two_over_pi
                0x000000000800ec84      0x318 c:/st/stm32cubeide_1.11.0/stm32cubeide/plugins/com.st.stm32cube.ide.mcu.externaltools.gnu-tools-for-stm32.10.3-2021.10.win32_1.0.100.202210260954/tools/bin/../lib/gcc/arm-none-eabi/10.3.1/../../../../arm-none-eabi/lib/thumb/v7e-m+fp/hard\libm.a(lib_a-ef_rem_pio2.o)
 .rodata.PIo2   0x000000000800ef9c       0x2c c:/st/stm32cubeide_1.11.0/stm32cubeide/plugins/com.st.stm32cube.ide.mcu.externaltools.gnu-tools-for-stm32.10.3-2021.10.win32_1.0.100.202210260954/tools/bin/../lib/gcc/arm-none-eabi/10.3.1/../../../../arm-none-eabi/lib/thumb/v7e-m+fp/hard\libm.a(lib_a-kf_rem_pio2.o)
 .rodata.init_jk
                0x000000000800efc8        0xc c:/st/stm32cubeide_1.11.0/stm32cubeide/plugins/com.st.stm32cube.ide.mcu.externaltools.gnu-tools-for-stm32.10.3-2021.10.win32_1.0.100.202210260954/tools/bin/../lib/gcc/arm-none-eabi/10.3.1/../../../../arm-none-eabi/lib/thumb/v7e-m+fp/hard\libm.a(lib_a-kf_rem_pio2.o)
 .rodata.logf.str1.1
                0x000000000800efd4       0x22 c:/st/stm32cubeide_1.11.0/stm32cubeide/plugins/com.st.stm32cube.ide.mcu.externaltools.gnu-tools-for-stm32.10.3-2021.10.win32_1.0.100.202210260954/tools/bin/../lib/gcc/arm-none-eabi/10.3.1/../../../../arm-none-eabi/lib/thumb/v7e-m+fp/hard\libm.a(lib_a-wf_log.o)
                                          0x1 (size before relaxing)
                0x000000000800eff8                . = ALIGN (0x4)

.ARM.extab      0x000000000800efd4        0x0
                0x000000000800efd4                . = ALIGN (0x4)
 *(.ARM.extab* .gnu.linkonce.armextab.*)
                0x000000000800efd4                . = ALIGN (0x4)

.ARM            0x000000000800efd4        0x8
                0x000000000800efd4                . = ALIGN (0x4)
                0x000000000800efd4                __exidx_start = .
 *(.ARM.exidx*)
 .ARM.exidx     0x000000000800efd4        0x8 c:/st/stm32cubeide_1.11.0/stm32cubeide/plugins/com.st.stm32cube.ide.mcu.externaltools.gnu-tools-for-stm32.10.3-2021.10.win32_1.0.100.202210260954/tools/bin/../lib/gcc/arm-none-eabi/10.3.1/thumb/v7e-m+fp/hard\libgcc.a(_udivmoddi4.o)
                0x000000000800efdc                __exidx_end = .
                0x000000000800efdc                . = ALIGN (0x4)

.rel.dyn        0x000000000800efdc        0x0
 .rel.iplt      0x000000000800efdc        0x0 c:/st/stm32cubeide_1.11.0/stm32cubeide/plugins/com.st.stm32cube.ide.mcu.externaltools.gnu-tools-for-stm32.10.3-2021.10.win32_1.0.100.202210260954/tools/bin/../lib/gcc/arm-none-eabi/10.3.1/thumb/v7e-m+fp/hard/crtbegin.o

.preinit_array  0x000000000800efdc        0x0
                0x000000000800efdc                . = ALIGN (0x4)
                0x000000000800efdc                PROVIDE (__preinit_array_start = .)
 *(.preinit_array*)
                0x000000000800efdc                PROVIDE (__preinit_array_end = .)
                0x000000000800efdc                . = ALIGN (0x4)

.init_array     0x000000000800efdc        0x4
                0x000000000800efdc                . = ALIGN (0x4)
                0x000000000800efdc                PROVIDE (__init_array_start = .)
 *(SORT_BY_NAME(.init_array.*))
 *(.init_array*)
 .init_array    0x000000000800efdc        0x4 c:/st/stm32cubeide_1.11.0/stm32cubeide/plugins/com.st.stm32cube.ide.mcu.externaltools.gnu-tools-for-stm32.10.3-2021.10.win32_1.0.100.202210260954/tools/bin/../lib/gcc/arm-none-eabi/10.3.1/thumb/v7e-m+fp/hard/crtbegin.o
                0x000000000800efe0                PROVIDE (__init_array_end = .)
                0x000000000800efe0                . = ALIGN (0x4)

.fini_array     0x000000000800efe0        0x4
                0x000000000800efe0                . = ALIGN (0x4)
                [!provide]                        PROVIDE (__fini_array_start = .)
 *(SORT_BY_NAME(.fini_array.*))
 *(.fini_array*)
 .fini_array    0x000000000800efe0        0x4 c:/st/stm32cubeide_1.11.0/stm32cubeide/plugins/com.st.stm32cube.ide.mcu.externaltools.gnu-tools-for-stm32.10.3-2021.10.win32_1.0.100.202210260954/tools/bin/../lib/gcc/arm-none-eabi/10.3.1/thumb/v7e-m+fp/hard/crtbegin.o
                [!provide]                        PROVIDE (__fini_array_end = .)
                0x000000000800efe4                . = ALIGN (0x4)
                0x000000000800efe4                _sidata = LOADADDR (.data)

.data           0x0000000020000000      0x840 load address 0x000000000800efe4
                0x0000000020000000                . = ALIGN (0x4)
                0x0000000020000000                _sdata = .
 *(.data)
 *(.data*)
 .data.buttons  0x0000000020000000      0x6e4 ./Core/Src/main.o
                0x0000000020000000                buttons
 .data.SystemCoreClock
                0x00000000200006e4        0x4 ./Core/Src/system_stm32f4xx.o
                0x00000000200006e4                SystemCoreClock
 .data.MIDI_Desc
                0x00000000200006e8       0x1c ./Core/Src/usbd_desc.o
                0x00000000200006e8                MIDI_Desc
 .data.USBD_DeviceDesc
                0x0000000020000704       0x12 ./Core/Src/usbd_desc.o
                0x0000000020000704                USBD_DeviceDesc
 *fill*         0x0000000020000716        0x2 
 .data.USBD_LangIDDesc
                0x0000000020000718        0x4 ./Core/Src/usbd_desc.o
                0x0000000020000718                USBD_LangIDDesc
 .data.USBD_StringSerial
                0x000000002000071c       0x1a ./Core/Src/usbd_desc.o
                0x000000002000071c                USBD_StringSerial
 *fill*         0x0000000020000736        0x2 
 .data.USBD_MIDI
                0x0000000020000738       0x38 ./Core/Src/usbd_midi.o
                0x0000000020000738                USBD_MIDI
 .data.USBD_MIDI_CfgDesc
                0x0000000020000770       0x58 ./Core/Src/usbd_midi.o
 .data.USBD_MIDI_DeviceQualifierDesc
                0x00000000200007c8        0xa ./Core/Src/usbd_midi.o
 *fill*         0x00000000200007d2        0x2 
 .data.uwTickPrio
                0x00000000200007d4        0x4 ./Drivers/STM32F4xx_HAL_Driver/Src/stm32f4xx_hal.o
                0x00000000200007d4                uwTickPrio
 .data.uwTickFreq
                0x00000000200007d8        0x1 ./Drivers/STM32F4xx_HAL_Driver/Src/stm32f4xx_hal.o
                0x00000000200007d8                uwTickFreq
 *fill*         0x00000000200007d9        0x3 
 .data._impure_ptr
                0x00000000200007dc        0x4 c:/st/stm32cubeide_1.11.0/stm32cubeide/plugins/com.st.stm32cube.ide.mcu.externaltools.gnu-tools-for-stm32.10.3-2021.10.win32_1.0.100.202210260954/tools/bin/../lib/gcc/arm-none-eabi/10.3.1/../../../../arm-none-eabi/lib/thumb/v7e-m+fp/hard\libc_nano.a(lib_a-impure.o)
                0x00000000200007dc                _impure_ptr
 .data.impure_data
                0x00000000200007e0       0x60 c:/st/stm32cubeide_1.11.0/stm32cubeide/plugins/com.st.stm32cube.ide.mcu.externaltools.gnu-tools-for-stm32.10.3-2021.10.win32_1.0.100.202210260954/tools/bin/../lib/gcc/arm-none-eabi/10.3.1/../../../../arm-none-eabi/lib/thumb/v7e-m+fp/hard\libc_nano.a(lib_a-impure.o)
 *(.RamFunc)
 *(.RamFunc*)
                0x0000000020000840                . = ALIGN (0x4)
                0x0000000020000840                _edata = .

.igot.plt       0x0000000020000840        0x0 load address 0x000000000800f824
 .igot.plt      0x0000000020000840        0x0 c:/st/stm32cubeide_1.11.0/stm32cubeide/plugins/com.st.stm32cube.ide.mcu.externaltools.gnu-tools-for-stm32.10.3-2021.10.win32_1.0.100.202210260954/tools/bin/../lib/gcc/arm-none-eabi/10.3.1/thumb/v7e-m+fp/hard/crtbegin.o
                0x0000000020000840                . = ALIGN (0x4)
