Archive member included to satisfy reference by file (symbol)

c:/st/stm32cubeide_1.11.0/stm32cubeide/plugins/com.st.stm32cube.ide.mcu.externaltools.gnu-tools-for-stm32.10.3-2021.10.win32_1.0.100.202210260954/tools/bin/../lib/gcc/arm-none-eabi/10.3.1/../../../../arm-none-eabi/lib/thumb/v7e-m+fp/hard\libc_nano.a(lib_a-errno.o)
                              ./Core/Src/syscalls.o (__errno)
c:/st/stm32cubeide_1.11.0/stm32cubeide/plugins/com.st.stm32cube.ide.mcu.externaltools.gnu-tools-for-stm32.10.3-2021.10.win32_1.0.100.202210260954/tools/bin/../lib/gcc/arm-none-eabi/10.3.1/../../../../arm-none-eabi/lib/thumb/v7e-m+fp/hard\libc_nano.a(lib_a-exit.o)
                              c:/st/stm32cubeide_1.11.0/stm32cubeide/plugins/com.st.stm32cube.ide.mcu.externaltools.gnu-tools-for-stm32.10.3-2021.10.win32_1.0.100.202210260954/tools/bin/../lib/gcc/arm-none-eabi/10.3.1/../../../../arm-none-eabi/lib/thumb/v7e-m+fp/hard/crt0.o (exit)
c:/st/stm32cubeide_1.11.0/stm32cubeide/plugins/com.st.stm32cube.ide.mcu.externaltools.gnu-tools-for-stm32.10.3-2021.10.win32_1.0.100.202210260954/tools/bin/../lib/gcc/arm-none-eabi/10.3.1/../../../../arm-none-eabi/lib/thumb/v7e-m+fp/hard\libc_nano.a(lib_a-impure.o)
                              c:/st/stm32cubeide_1.11.0/stm32cubeide/plugins/com.st.stm32cube.ide.mcu.externaltools.gnu-tools-for-stm32.10.3-2021.10.win32_1.0.100.202210260954/tools/bin/../lib/gcc/arm-none-eabi/10.3.1/../../../../arm-none-eabi/lib/thumb/v7e-m+fp/hard\libc_nano.a(lib_a-exit.o) (_global_impure_ptr)
c:/st/stm32cubeide_1.11.0/stm32cubeide/plugins/com.st.stm32cube.ide.mcu.externaltools.gnu-tools-for-stm32.10.3-2021.10.win32_1.0.100.202210260954/tools/bin/../lib/gcc/arm-none-eabi/10.3.1/../../../../arm-none-eabi/lib/thumb/v7e-m+fp/hard\libc_nano.a(lib_a-init.o)
                              c:/st/stm32cubeide_1.11.0/stm32cubeide/plugins/com.st.stm32cube.ide.mcu.externaltools.gnu-tools-for-stm32.10.3-2021.10.win32_1.0.100.202210260954/tools/bin/../lib/gcc/arm-none-eabi/10.3.1/../../../../arm-none-eabi/lib/thumb/v7e-m+fp/hard/crt0.o (__libc_init_array)
c:/st/stm32cubeide_1.11.0/stm32cubeide/plugins/com.st.stm32cube.ide.mcu.externaltools.gnu-tools-for-stm32.10.3-2021.10.win32_1.0.100.202210260954/tools/bin/../lib/gcc/arm-none-eabi/10.3.1/../../../../arm-none-eabi/lib/thumb/v7e-m+fp/hard\libc_nano.a(lib_a-memset.o)
                              c:/st/stm32cubeide_1.11.0/stm32cubeide/plugins/com.st.stm32cube.ide.mcu.externaltools.gnu-tools-for-stm32.10.3-2021.10.win32_1.0.100.202210260954/tools/bin/../lib/gcc/arm-none-eabi/10.3.1/../../../../arm-none-eabi/lib/thumb/v7e-m+fp/hard/crt0.o (memset)
c:/st/stm32cubeide_1.11.0/stm32cubeide/plugins/com.st.stm32cube.ide.mcu.externaltools.gnu-tools-for-stm32.10.3-2021.10.win32_1.0.100.202210260954/tools/bin/../lib/gcc/arm-none-eabi/10.3.1/../../../../arm-none-eabi/lib/thumb/v7e-m+fp/hard\libc_nano.a(lib_a-printf.o)
                              ./Core/Src/main.o (printf)
c:/st/stm32cubeide_1.11.0/stm32cubeide/plugins/com.st.stm32cube.ide.mcu.externaltools.gnu-tools-for-stm32.10.3-2021.10.win32_1.0.100.202210260954/tools/bin/../lib/gcc/arm-none-eabi/10.3.1/../../../../arm-none-eabi/lib/thumb/v7e-m+fp/hard\libc_nano.a(lib_a-puts.o)
                              ./Core/Src/main.o (puts)
c:/st/stm32cubeide_1.11.0/stm32cubeide/plugins/com.st.stm32cube.ide.mcu.externaltools.gnu-tools-for-stm32.10.3-2021.10.win32_1.0.100.202210260954/tools/bin/../lib/gcc/arm-none-eabi/10.3.1/../../../../arm-none-eabi/lib/thumb/v7e-m+fp/hard\libc_nano.a(lib_a-strcmp.o)
                              ./Core/Src/main.o (strcmp)
c:/st/stm32cubeide_1.11.0/stm32cubeide/plugins/com.st.stm32cube.ide.mcu.externaltools.gnu-tools-for-stm32.10.3-2021.10.win32_1.0.100.202210260954/tools/bin/../lib/gcc/arm-none-eabi/10.3.1/../../../../arm-none-eabi/lib/thumb/v7e-m+fp/hard\libc_nano.a(lib_a-wbuf.o)
                              c:/st/stm32cubeide_1.11.0/stm32cubeide/plugins/com.st.stm32cube.ide.mcu.externaltools.gnu-tools-for-stm32.10.3-2021.10.win32_1.0.100.202210260954/tools/bin/../lib/gcc/arm-none-eabi/10.3.1/../../../../arm-none-eabi/lib/thumb/v7e-m+fp/hard\libc_nano.a(lib_a-puts.o) (__swbuf_r)
c:/st/stm32cubeide_1.11.0/stm32cubeide/plugins/com.st.stm32cube.ide.mcu.externaltools.gnu-tools-for-stm32.10.3-2021.10.win32_1.0.100.202210260954/tools/bin/../lib/gcc/arm-none-eabi/10.3.1/../../../../arm-none-eabi/lib/thumb/v7e-m+fp/hard\libc_nano.a(lib_a-wsetup.o)
                              c:/st/stm32cubeide_1.11.0/stm32cubeide/plugins/com.st.stm32cube.ide.mcu.externaltools.gnu-tools-for-stm32.10.3-2021.10.win32_1.0.100.202210260954/tools/bin/../lib/gcc/arm-none-eabi/10.3.1/../../../../arm-none-eabi/lib/thumb/v7e-m+fp/hard\libc_nano.a(lib_a-puts.o) (__swsetup_r)
[...]
Memory Configuration

Name             Origin             Length             Attributes
RAM              0x0000000020000000 0x0000000000020000 xrw
FLASH            0x0000000008000000 0x0000000000080000 xr
*default*        0x0000000000000000 0xffffffffffffffff

Linker script and memory map

LOAD c:/st/stm32cubeide_1.11.0/stm32cubeide/plugins/com.st.stm32cube.ide.mcu.externaltools.gnu-tools-for-stm32.10.3-2021.10.win32_1.0.100.202210260954/tools/bin/../lib/gcc/arm-none-eabi/10.3.1/thumb/v7e-m+fp/hard/crti.o
LOAD c:/st/stm32cubeide_1.11.0/stm32cubeide/plugins/com.st.stm32cube.ide.mcu.externaltools.gnu-tools-for-stm32.10.3-2021.10.win32_1.0.100.202210260954/tools/bin/../lib/gcc/arm-none-eabi/10.3.1/thumb/v7e-m+fp/hard/crtbegin.o
LOAD c:/st/stm32cubeide_1.11.0/stm32cubeide/plugins/com.st.stm32cube.ide.mcu.externaltools.gnu-tools-for-stm32.10.3-2021.10.win32_1.0.100.202210260954/tools/bin/../lib/gcc/arm-none-eabi/10.3.1/../../../../arm-none-eabi/lib/thumb/v7e-m+fp/hard/crt0.o
LOAD ./Core/Src/accordion_tables.o
LOAD ./Core/Src/main.o
LOAD ./Core/Src/mcp23017.o
LOAD ./Core/Src/note.o
LOAD ./Core/Src/stm32f4xx_hal_msp.o
LOAD ./Core/Src/stm32f4xx_it.o
LOAD ./Core/Src/syscalls.o
LOAD ./Core/Src/sysmem.o
LOAD ./Core/Src/system_stm32f4xx.o
LOAD ./Core/Src/usbd_conf.o
LOAD ./Core/Src/usbd_core.o
LOAD ./Core/Src/usbd_ctlreq.o
LOAD ./Core/Src/usbd_desc.o
LOAD ./Core/Src/usbd_ioreq.o
LOAD ./Core/Src/usbd_midi.o
LOAD ./Core/Src/wavetable.o
LOAD ./Core/Startup/startup_stm32f411retx.o
LOAD ./Drivers/STM32F4xx_HAL_Driver/Src/stm32f4xx_hal.o
LOAD ./Drivers/STM32F4xx_HAL_Driver/Src/stm32f4xx_hal_adc.o
LOAD ./Drivers/STM32F4xx_HAL_Driver/Src/stm32f4xx_hal_adc_ex.o
LOAD ./Drivers/STM32F4xx_HAL_Driver/Src/stm32f4xx_hal_cortex.o
LOAD ./Drivers/STM32F4xx_HAL_Driver/Src/stm32f4xx_hal_dma.o
LOAD ./Drivers/STM32F4xx_HAL_Driver/Src/stm32f4xx_hal_dma_ex.o
LOAD ./Drivers/STM32F4xx_HAL_Driver/Src/stm32f4xx_hal_exti.o
LOAD ./Drivers/STM32F4xx_HAL_Driver/Src/stm32f4xx_hal_flash.o
LOAD ./Drivers/STM32F4xx_HAL_Driver/Src/stm32f4xx_hal_flash_ex.o
LOAD ./Drivers/STM32F4xx_HAL_Driver/Src/stm32f4xx_hal_flash_ramfunc.o
LOAD ./Drivers/STM32F4xx_HAL_Driver/Src/stm32f4xx_hal_gpio.o
LOAD ./Drivers/STM32F4xx_HAL_Driver/Src/stm32f4xx_hal_i2c.o
LOAD ./Drivers/STM32F4xx_HAL_Driver/Src/stm32f4xx_hal_i2c_ex.o
LOAD ./Drivers/STM32F4xx_HAL_Driver/Src/stm32f4xx_hal_i2s.o
LOAD ./Drivers/STM32F4xx_HAL_Driver/Src/stm32f4xx_hal_i2s_ex.o
LOAD ./Drivers/STM32F4xx_HAL_Driver/Src/stm32f4xx_hal_pcd.o
LOAD ./Drivers/STM32F4xx_HAL_Driver/Src/stm32f4xx_hal_pcd_ex.o
LOAD ./Drivers/STM32F4xx_HAL_Driver/Src/stm32f4xx_hal_pwr.o
LOAD ./Drivers/STM32F4xx_HAL_Driver/Src/stm32f4xx_hal_pwr_ex.o
LOAD ./Drivers/STM32F4xx_HAL_Driver/Src/stm32f4xx_hal_rcc.o
LOAD ./Drivers/STM32F4xx_HAL_Driver/Src/stm32f4xx_hal_rcc_ex.o
LOAD ./Drivers/STM32F4xx_HAL_Driver/Src/stm32f4xx_hal_tim.o
LOAD ./Drivers/STM32F4xx_HAL_Driver/Src/stm32f4xx_hal_tim_ex.o
LOAD ./Drivers/STM32F4xx_HAL_Driver/Src/stm32f4xx_hal_uart.o
LOAD ./Drivers/STM32F4xx_HAL_Driver/Src/stm32f4xx_ll_adc.o
LOAD ./Drivers/STM32F4xx_HAL_Driver/Src/stm32f4xx_ll_usb.o
START GROUP
LOAD c:/st/stm32cubeide_1.11.0/stm32cubeide/plugins/com.st.stm32cube.ide.mcu.externaltools.gnu-tools-for-stm32.10.3-2021.10.win32_1.0.100.202210260954/tools/bin/../lib/gcc/arm-none-eabi/10.3.1/../../../../arm-none-eabi/lib/thumb/v7e-m+fp/hard\libc_nano.a
LOAD c:/st/stm32cubeide_1.11.0/stm32cubeide/plugins/com.st.stm32cube.ide.mcu.externaltools.gnu-tools-for-stm32.10.3-2021.10.win32_1.0.100.202210260954/tools/bin/../lib/gcc/arm-none-eabi/10.3.1/../../../../arm-none-eabi/lib/thumb/v7e-m+fp/hard\libm.a
END GROUP
START GROUP
LOAD c:/st/stm32cubeide_1.11.0/stm32cubeide/plugins/com.st.stm32cube.ide.mcu.externaltools.gnu-tools-for-stm32.10.3-2021.10.win32_1.0.100.202210260954/tools/bin/../lib/gcc/arm-none-eabi/10.3.1/thumb/v7e-m+fp/hard\libgcc.a
LOAD c:/st/stm32cubeide_1.11.0/stm32cubeide/plugins/com.st.stm32cube.ide.mcu.externaltools.gnu-tools-for-stm32.10.3-2021.10.win32_1.0.100.202210260954/tools/bin/../lib/gcc/arm-none-eabi/10.3.1/../../../../arm-none-eabi/lib/thumb/v7e-m+fp/hard\libc_nano.a
END GROUP
START GROUP
LOAD c:/st/stm32cubeide_1.11.0/stm32cubeide/plugins/com.st.stm32cube.ide.mcu.externaltools.gnu-tools-for-stm32.10.3-2021.10.win32_1.0.100.202210260954/tools/bin/../lib/gcc/arm-none-eabi/10.3.1/thumb/v7e-m+fp/hard\libgcc.a
LOAD c:/st/stm32cubeide_1.11.0/stm32cubeide/plugins/com.st.stm32cube.ide.mcu.externaltools.gnu-tools-for-stm32.10.3-2021.10.win32_1.0.100.202210260954/tools/bin/../lib/gcc/arm-none-eabi/10.3.1/../../../../arm-none-eabi/lib/thumb/v7e-m+fp/hard\libc_nano.a
LOAD c:/st/stm32cubeide_1.11.0/stm32cubeide/plugins/com.st.stm32cube.ide.mcu.externaltools.gnu-tools-for-stm32.10.3-2021.10.win32_1.0.100.202210260954/tools/bin/../lib/gcc/arm-none-eabi/10.3.1/../../../../arm-none-eabi/lib/thumb/v7e-m+fp/hard\libnosys.a
END GROUP
START GROUP
LOAD c:/st/stm32cubeide_1.11.0/stm32cubeide/plugins/com.st.stm32cube.ide.mcu.externaltools.gnu-tools-for-stm32.10.3-2021.10.win32_1.0.100.202210260954/tools/bin/../lib/gcc/arm-none-eabi/10.3.1/thumb/v7e-m+fp/hard\libgcc.a
LOAD c:/st/stm32cubeide_1.11.0/stm32cubeide/plugins/com.st.stm32cube.ide.mcu.externaltools.gnu-tools-for-stm32.10.3-2021.10.win32_1.0.100.202210260954/tools/bin/../lib/gcc/arm-none-eabi/10.3.1/../../../../arm-none-eabi/lib/thumb/v7e-m+fp/hard\libc_nano.a
LOAD c:/st/stm32cubeide_1.11.0/stm32cubeide/plugins/com.st.stm32cube.ide.mcu.externaltools.gnu-tools-for-stm32.10.3-2021.10.win32_1.0.100.202210260954/tools/bin/../lib/gcc/arm-none-eabi/10.3.1/../../../../arm-none-eabi/lib/thumb/v7e-m+fp/hard\libnosys.a
END GROUP
LOAD c:/st/stm32cubeide_1.11.0/stm32cubeide/plugins/com.st.stm32cube.ide.mcu.externaltools.gnu-tools-for-stm32.10.3-2021.10.win32_1.0.100.202210260954/tools/bin/../lib/gcc/arm-none-eabi/10.3.1/thumb/v7e-m+fp/hard/crtend.o
LOAD c:/st/stm32cubeide_1.11.0/stm32cubeide/plugins/com.st.stm32cube.ide.mcu.externaltools.gnu-tools-for-stm32.10.3-2021.10.win32_1.0.100.202210260954/tools/bin/../lib/gcc/arm-none-eabi/10.3.1/thumb/v7e-m+fp/hard/crtn.o
                0x0000000020020000                _estack = (ORIGIN (RAM) + LENGTH (RAM))
                0x0000000000000200                _Min_Heap_Size = 0x200
                0x0000000000000400                _Min_Stack_Size = 0x400

.isr_vector     0x0000000008000000      0x198
                0x0000000008000000                . = ALIGN (0x4)
 *(.isr_vector)
 .isr_vector    0x0000000008000000      0x198 ./Core/Startup/startup_stm32f411retx.o
                0x0000000008000000                g_pfnVectors
                0x0000000008000198                . = ALIGN (0x4)

.text           0x00000000080001a0     0xe0b4
                0x00000000080001a0                . = ALIGN (0x4)
 *(.text)
 .text          0x00000000080001a0       0x40 c:/st/stm32cubeide_1.11.0/stm32cubeide/plugins/com.st.stm32cube.ide.mcu.externaltools.gnu-tools-for-stm32.10.3-2021.10.win32_1.0.100.202210260954/tools/bin/../lib/gcc/arm-none-eabi/10.3.1/thumb/v7e-m+fp/hard/crtbegin.o
 .text          0x00000000080001e0       0x14 c:/st/stm32cubeide_1.11.0/stm32cubeide/plugins/com.st.stm32cube.ide.mcu.externaltools.gnu-tools-for-stm32.10.3-2021.10.win32_1.0.100.202210260954/tools/bin/../lib/gcc/arm-none-eabi/10.3.1/../../../../arm-none-eabi/lib/thumb/v7e-m+fp/hard\libc_nano.a(lib_a-strcmp.o)
                0x00000000080001e0                strcmp
 *fill*         0x00000000080001f4        0xc 
 .text          0x0000000008000200       0xa0 c:/st/stm32cubeide_1.11.0/stm32cubeide/plugins/com.st.stm32cube.ide.mcu.externaltools.gnu-tools-for-stm32.10.3-2021.10.win32_1.0.100.202210260954/tools/bin/../lib/gcc/arm-none-eabi/10.3.1/../../../../arm-none-eabi/lib/thumb/v7e-m+fp/hard\libc_nano.a(lib_a-memchr.o)
                0x0000000008000200                memchr
 .text          0x00000000080002a0       0x30 c:/st/stm32cubeide_1.11.0/stm32cubeide/plugins/com.st.stm32cube.ide.mcu.externaltools.gnu-tools-for-stm32.10.3-2021.10.win32_1.0.100.202210260954/tools/bin/../lib/gcc/arm-none-eabi/10.3.1/thumb/v7e-m+fp/hard\libgcc.a(_aeabi_uldivmod.o)
                0x00000000080002a0                __aeabi_uldivmod
 .text          0x00000000080002d0      0x2d0 c:/st/stm32cubeide_1.11.0/stm32cubeide/plugins/com.st.stm32cube.ide.mcu.externaltools.gnu-tools-for-stm32.10.3-2021.10.win32_1.0.100.202210260954/tools/bin/../lib/gcc/arm-none-eabi/10.3.1/thumb/v7e-m+fp/hard\libgcc.a(_udivmoddi4.o)
                0x00000000080002d0                __udivmoddi4
 .text          0x00000000080005a0        0x4 c:/st/stm32cubeide_1.11.0/stm32cubeide/plugins/com.st.stm32cube.ide.mcu.externaltools.gnu-tools-for-stm32.10.3-2021.10.win32_1.0.100.202210260954/tools/bin/../lib/gcc/arm-none-eabi/10.3.1/thumb/v7e-m+fp/hard\libgcc.a(_dvmd_tls.o)
                0x00000000080005a0                __aeabi_idiv0
                0x00000000080005a0                __aeabi_ldiv0
 *(.text*)
 .text.Update_Bellows_Mode
                0x00000000080005a4       0x38 ./Core/Src/main.o
 .text.Synth_Init
                0x00000000080005dc       0x6c ./Core/Src/main.o
                0x00000000080005dc                Synth_Init
 .text.NoteOn   0x0000000008000648      0x2c4 ./Core/Src/main.o
                0x0000000008000648                NoteOn
 .text.NoteOff  0x000000000800090c       0x90 ./Core/Src/main.o
                0x000000000800090c                NoteOff
 .text.Envelope_Update
                0x000000000800099c       0xc4 ./Core/Src/main.o
 .text.MCP_Read_All
                0x0000000008000a60       0x9c ./Core/Src/main.o
 .text.MCP_Index
                0x0000000008000afc       0x48 ./Core/Src/main.o
 .text.HAL_GPIO_EXTI_Callback
                0x0000000008000b44      0x118 ./Core/Src/main.o
                0x0000000008000b44                HAL_GPIO_EXTI_Callback
 .text.I2C_ScanBus
                0x0000000008000c5c       0x6c ./Core/Src/main.o
 .text.MCP_Init_WithIRQ
                0x0000000008000cc8       0xe0 ./Core/Src/main.o
 .text.MCP_Read_Dirty
                0x0000000008000da8       0xa4 ./Core/Src/main.o
 .text.IsNoteHeldByOtherButton
                0x0000000008000e4c       0xb8 ./Core/Src/main.o
 .text.NoteNameToMidi
                0x0000000008000f04       0x88 ./Core/Src/main.o
 .text.Bellows_Gain
                0x0000000008000f8c       0xdc ./Core/Src/main.o
 .text.MIDI_NoteEvent
                0x0000000008001068       0xa4 ./Core/Src/main.o
 .text.Dispatch_Buttons
                0x000000000800110c      0x5bc ./Core/Src/main.o
 .text.UI_ScanAndDispatch
                0x00000000080016c8       0x10 ./Core/Src/main.o
 .text.get_wave_index
                0x00000000080016d8       0x9c ./Core/Src/main.o
 .text.get_bl_index
                0x0000000008001774       0x68 ./Core/Src/main.o
 .text.Voice_SetWave
                0x00000000080017dc       0x70 ./Core/Src/main.o
 .text.render_audio_block
                0x000000000800184c      0x278 ./Core/Src/main.o
                0x000000000800184c                render_audio_block
 .text.__io_putchar
                0x0000000008001ac4       0x24 ./Core/Src/main.o
                0x0000000008001ac4                __io_putchar
 .text.HAL_ADC_ConvCpltCallback
                0x0000000008001ae8       0xa0 ./Core/Src/main.o
                0x0000000008001ae8                HAL_ADC_ConvCpltCallback
 .text.HAL_I2S_TxHalfCpltCallback
                0x0000000008001b88       0x38 ./Core/Src/main.o
                0x0000000008001b88                HAL_I2S_TxHalfCpltCallback
 .text.HAL_I2S_TxCpltCallback
                0x0000000008001bc0       0x38 ./Core/Src/main.o
                0x0000000008001bc0                HAL_I2S_TxCpltCallback
 .text.main     0x0000000008001bf8      0x1a4 ./Core/Src/main.o
                0x0000000008001bf8                main
 .text.SystemClock_Config
                0x0000000008001d9c      0x104 ./Core/Src/main.o
                0x0000000008001d9c                SystemClock_Config
 .text.MX_ADC1_Init
                0x0000000008001ea0       0xb4 ./Core/Src/main.o
 .text.MX_USART2_UART_Init
                0x0000000008001f54       0x54 ./Core/Src/main.o
 .text.MX_USB_DEVICE_Init
                0x0000000008001fa8       0x4c ./Core/Src/main.o
 .text.MX_I2C1_Init
                0x0000000008001ff4       0x5c ./Core/Src/main.o
 .text.MX_I2S1_Init
                0x0000000008002050       0x5c ./Core/Src/main.o
 .text.MX_DMA_Init
                0x00000000080020ac       0x40 ./Core/Src/main.o
 .text.MX_GPIO_Init
                0x00000000080020ec      0x184 ./Core/Src/main.o
 .text.Error_Handler
                0x0000000008002270        0xa ./Core/Src/main.o
                0x0000000008002270                Error_Handler
 .text.mcp23017_init
                0x000000000800227a       0x2a ./Core/Src/mcp23017.o
                0x000000000800227a                mcp23017_init
 .text.mcp23017_read
                0x00000000080022a4       0x34 ./Core/Src/mcp23017.o
                0x00000000080022a4                mcp23017_read
 .text.mcp23017_write
                0x00000000080022d8       0x34 ./Core/Src/mcp23017.o
                0x00000000080022d8                mcp23017_write
 .text.mcp23017_iodir
                0x000000000800230c       0x2e ./Core/Src/mcp23017.o
                0x000000000800230c                mcp23017_iodir
 .text.mcp23017_read_gpio_int
                0x000000000800233a       0x42 ./Core/Src/mcp23017.o
                0x000000000800233a                mcp23017_read_gpio_int
 .text.mcp23017_gpinten
                0x000000000800237c       0x34 ./Core/Src/mcp23017.o
                0x000000000800237c                mcp23017_gpinten
 .text.mcp23017_intcon
                0x00000000080023b0       0x34 ./Core/Src/mcp23017.o
                0x00000000080023b0                mcp23017_intcon
 .text.Note_GetFrequency
                0x00000000080023e4       0x54 ./Core/Src/note.o
                0x00000000080023e4                Note_GetFrequency
 .text.HAL_MspInit
                0x0000000008002438       0x50 ./Core/Src/stm32f4xx_hal_msp.o
                0x0000000008002438                HAL_MspInit
 .text.HAL_ADC_MspInit
                0x0000000008002488       0x88 ./Core/Src/stm32f4xx_hal_msp.o
                0x0000000008002488                HAL_ADC_MspInit
 .text.HAL_I2C_MspInit
                0x0000000008002510       0x90 ./Core/Src/stm32f4xx_hal_msp.o
                0x0000000008002510                HAL_I2C_MspInit
 .text.HAL_I2S_MspInit
                0x00000000080025a0      0x130 ./Core/Src/stm32f4xx_hal_msp.o
                0x00000000080025a0                HAL_I2S_MspInit
 .text.HAL_PCD_MspInit
                0x00000000080026d0       0xa8 ./Core/Src/stm32f4xx_hal_msp.o
                0x00000000080026d0                HAL_PCD_MspInit
 .text.HAL_UART_MspInit
                0x0000000008002778       0x90 ./Core/Src/stm32f4xx_hal_msp.o
                0x0000000008002778                HAL_UART_MspInit
 .text.NMI_Handler
                0x0000000008002808        0x6 ./Core/Src/stm32f4xx_it.o
                0x0000000008002808                NMI_Handler
 .text.HardFault_Handler
                0x000000000800280e        0x6 ./Core/Src/stm32f4xx_it.o
                0x000000000800280e                HardFault_Handler
 .text.MemManage_Handler
                0x0000000008002814        0x6 ./Core/Src/stm32f4xx_it.o
                0x0000000008002814                MemManage_Handler
 .text.BusFault_Handler
                0x000000000800281a        0x6 ./Core/Src/stm32f4xx_it.o
                0x000000000800281a                BusFault_Handler
 .text.UsageFault_Handler
                0x0000000008002820        0x6 ./Core/Src/stm32f4xx_it.o
                0x0000000008002820                UsageFault_Handler
 .text.SVC_Handler
                0x0000000008002826        0xe ./Core/Src/stm32f4xx_it.o
                0x0000000008002826                SVC_Handler
 .text.DebugMon_Handler
                0x0000000008002834        0xe ./Core/Src/stm32f4xx_it.o
                0x0000000008002834                DebugMon_Handler
 .text.PendSV_Handler
                0x0000000008002842        0xe ./Core/Src/stm32f4xx_it.o
                0x0000000008002842                PendSV_Handler
 .text.SysTick_Handler
                0x0000000008002850        0xc ./Core/Src/stm32f4xx_it.o
                0x0000000008002850                SysTick_Handler
 .text.EXTI0_IRQHandler
                0x000000000800285c        0xe ./Core/Src/stm32f4xx_it.o
                0x000000000800285c                EXTI0_IRQHandler
 .text.EXTI1_IRQHandler
                0x000000000800286a        0xe ./Core/Src/stm32f4xx_it.o
                0x000000000800286a                EXTI1_IRQHandler
 .text.EXTI2_IRQHandler
                0x0000000008002878        0xe ./Core/Src/stm32f4xx_it.o
                0x0000000008002878                EXTI2_IRQHandler
 .text.EXTI3_IRQHandler
                0x0000000008002886        0xe ./Core/Src/stm32f4xx_it.o
                0x0000000008002886                EXTI3_IRQHandler
 .text.EXTI9_5_IRQHandler
                0x0000000008002894       0x10 ./Core/Src/stm32f4xx_it.o
                0x0000000008002894                EXTI9_5_IRQHandler
 .text.EXTI15_10_IRQHandler
                0x00000000080028a4       0x20 ./Core/Src/stm32f4xx_it.o
                0x00000000080028a4                EXTI15_10_IRQHandler
 .text.DMA2_Stream2_IRQHandler
                0x00000000080028c4       0x14 ./Core/Src/stm32f4xx_it.o
                0x00000000080028c4                DMA2_Stream2_IRQHandler
 .text.ADC_IRQHandler
                0x00000000080028d8       0x14 ./Core/Src/stm32f4xx_it.o
                0x00000000080028d8                ADC_IRQHandler
 .text.OTG_FS_IRQHandler
                0x00000000080028ec       0x14 ./Core/Src/stm32f4xx_it.o
                0x00000000080028ec                OTG_FS_IRQHandler
 .text._read    0x0000000008002900       0x3a ./Core/Src/syscalls.o
                0x0000000008002900                _read
 .text._write   0x000000000800293a       0x38 ./Core/Src/syscalls.o
                0x000000000800293a                _write
 .text._close   0x0000000008002972       0x18 ./Core/Src/syscalls.o
                0x0000000008002972                _close
 .text._fstat   0x000000000800298a       0x20 ./Core/Src/syscalls.o
                0x000000000800298a                _fstat
 .text._isatty  0x00000000080029aa       0x16 ./Core/Src/syscalls.o
                0x00000000080029aa                _isatty
 .text._lseek   0x00000000080029c0       0x1a ./Core/Src/syscalls.o
                0x00000000080029c0                _lseek
 *fill*         0x00000000080029da        0x2 
 .text._sbrk    0x00000000080029dc       0x6c ./Core/Src/sysmem.o
                0x00000000080029dc                _sbrk
 .text.SystemInit
                0x0000000008002a48       0x24 ./Core/Src/system_stm32f4xx.o
                0x0000000008002a48                SystemInit
 .text.HAL_PCD_SetupStageCallback
                0x0000000008002a6c       0x24 ./Core/Src/usbd_conf.o
                0x0000000008002a6c                HAL_PCD_SetupStageCallback
 .text.HAL_PCD_DataOutStageCallback
                0x0000000008002a90       0x36 ./Core/Src/usbd_conf.o
                0x0000000008002a90                HAL_PCD_DataOutStageCallback
 .text.HAL_PCD_DataInStageCallback
                0x0000000008002ac6       0x34 ./Core/Src/usbd_conf.o
                0x0000000008002ac6                HAL_PCD_DataInStageCallback
 .text.HAL_PCD_SOFCallback
                0x0000000008002afa       0x1c ./Core/Src/usbd_conf.o
                0x0000000008002afa                HAL_PCD_SOFCallback
 *fill*         0x0000000008002b16        0x2 
 .text.HAL_PCD_ResetCallback
                0x0000000008002b18       0x34 ./Core/Src/usbd_conf.o
                0x0000000008002b18                HAL_PCD_ResetCallback
 .text.HAL_PCD_SuspendCallback
                0x0000000008002b4c       0x1c ./Core/Src/usbd_conf.o
                0x0000000008002b4c                HAL_PCD_SuspendCallback
 .text.HAL_PCD_ResumeCallback
                0x0000000008002b68       0x1c ./Core/Src/usbd_conf.o
                0x0000000008002b68                HAL_PCD_ResumeCallback
 .text.HAL_PCD_ISOOUTIncompleteCallback
                0x0000000008002b84       0x24 ./Core/Src/usbd_conf.o
                0x0000000008002b84                HAL_PCD_ISOOUTIncompleteCallback
 .text.HAL_PCD_ISOINIncompleteCallback
                0x0000000008002ba8       0x24 ./Core/Src/usbd_conf.o
                0x0000000008002ba8                HAL_PCD_ISOINIncompleteCallback
 .text.HAL_PCD_ConnectCallback
                0x0000000008002bcc       0x28 ./Core/Src/usbd_conf.o
                0x0000000008002bcc                HAL_PCD_ConnectCallback
 .text.HAL_PCD_DisconnectCallback
                0x0000000008002bf4       0x28 ./Core/Src/usbd_conf.o
                0x0000000008002bf4                HAL_PCD_DisconnectCallback
 .text.USBD_LL_Init
                0x0000000008002c1c       0x90 ./Core/Src/usbd_conf.o
                0x0000000008002c1c                USBD_LL_Init
 .text.USBD_LL_Start
                0x0000000008002cac       0x1e ./Core/Src/usbd_conf.o
                0x0000000008002cac                USBD_LL_Start
 .text.USBD_LL_OpenEP
                0x0000000008002cca       0x34 ./Core/Src/usbd_conf.o
                0x0000000008002cca                USBD_LL_OpenEP
 .text.USBD_LL_CloseEP
                0x0000000008002cfe       0x26 ./Core/Src/usbd_conf.o
                0x0000000008002cfe                USBD_LL_CloseEP
 .text.USBD_LL_StallEP
                0x0000000008002d24       0x26 ./Core/Src/usbd_conf.o
                0x0000000008002d24                USBD_LL_StallEP
 .text.USBD_LL_ClearStallEP
                0x0000000008002d4a       0x26 ./Core/Src/usbd_conf.o
                0x0000000008002d4a                USBD_LL_ClearStallEP
 .text.USBD_LL_IsStallEP
                0x0000000008002d70       0x58 ./Core/Src/usbd_conf.o
                0x0000000008002d70                USBD_LL_IsStallEP
 .text.USBD_LL_SetUSBAddress
                0x0000000008002dc8       0x26 ./Core/Src/usbd_conf.o
                0x0000000008002dc8                USBD_LL_SetUSBAddress
 .text.USBD_LL_Transmit
                0x0000000008002dee       0x2a ./Core/Src/usbd_conf.o
                0x0000000008002dee                USBD_LL_Transmit
 .text.USBD_LL_PrepareReceive
                0x0000000008002e18       0x2a ./Core/Src/usbd_conf.o
                0x0000000008002e18                USBD_LL_PrepareReceive
 .text.USBD_Init
                0x0000000008002e42       0x60 ./Core/Src/usbd_core.o
                0x0000000008002e42                USBD_Init
 .text.USBD_RegisterClass
                0x0000000008002ea2       0x6c ./Core/Src/usbd_core.o
                0x0000000008002ea2                USBD_RegisterClass
 .text.USBD_Start
                0x0000000008002f0e       0x18 ./Core/Src/usbd_core.o
                0x0000000008002f0e                USBD_Start
 .text.USBD_RunTestMode
                0x0000000008002f26       0x16 ./Core/Src/usbd_core.o
                0x0000000008002f26                USBD_RunTestMode
 .text.USBD_SetClassConfig
                0x0000000008002f3c       0x38 ./Core/Src/usbd_core.o
                0x0000000008002f3c                USBD_SetClassConfig
 .text.USBD_ClrClassConfig
                0x0000000008002f74       0x34 ./Core/Src/usbd_core.o
                0x0000000008002f74                USBD_ClrClassConfig
 .text.USBD_LL_SetupStage
                0x0000000008002fa8       0xaa ./Core/Src/usbd_core.o
                0x0000000008002fa8                USBD_LL_SetupStage
 .text.USBD_LL_DataOutStage
                0x0000000008003052      0x178 ./Core/Src/usbd_core.o
                0x0000000008003052                USBD_LL_DataOutStage
 .text.USBD_LL_DataInStage
                0x00000000080031ca      0x176 ./Core/Src/usbd_core.o
                0x00000000080031ca                USBD_LL_DataInStage
 .text.USBD_LL_Reset
                0x0000000008003340       0xa6 ./Core/Src/usbd_core.o
                0x0000000008003340                USBD_LL_Reset
 .text.USBD_LL_SetSpeed
                0x00000000080033e6       0x20 ./Core/Src/usbd_core.o
                0x00000000080033e6                USBD_LL_SetSpeed
 .text.USBD_LL_Suspend
                0x0000000008003406       0x38 ./Core/Src/usbd_core.o
                0x0000000008003406                USBD_LL_Suspend
 .text.USBD_LL_Resume
                0x000000000800343e       0x30 ./Core/Src/usbd_core.o
                0x000000000800343e                USBD_LL_Resume
 .text.USBD_LL_SOF
                0x000000000800346e       0x40 ./Core/Src/usbd_core.o
                0x000000000800346e                USBD_LL_SOF
 .text.USBD_LL_IsoINIncomplete
                0x00000000080034ae       0x64 ./Core/Src/usbd_core.o
                0x00000000080034ae                USBD_LL_IsoINIncomplete
 .text.USBD_LL_IsoOUTIncomplete
                0x0000000008003512       0x64 ./Core/Src/usbd_core.o
                0x0000000008003512                USBD_LL_IsoOUTIncomplete
 .text.USBD_LL_DevConnected
                0x0000000008003576       0x16 ./Core/Src/usbd_core.o
                0x0000000008003576                USBD_LL_DevConnected
 .text.USBD_LL_DevDisconnected
                0x000000000800358c       0x46 ./Core/Src/usbd_core.o
                0x000000000800358c                USBD_LL_DevDisconnected
 .text.USBD_CoreFindIF
                0x00000000080035d2       0x1a ./Core/Src/usbd_core.o
                0x00000000080035d2                USBD_CoreFindIF
 .text.USBD_CoreFindEP
                0x00000000080035ec       0x1a ./Core/Src/usbd_core.o
                0x00000000080035ec                USBD_CoreFindEP
 .text.SWAPBYTE
                0x0000000008003606       0x3c ./Core/Src/usbd_ctlreq.o
 *fill*         0x0000000008003642        0x2 
 .text.USBD_StdDevReq
                0x0000000008003644       0xe4 ./Core/Src/usbd_ctlreq.o
                0x0000000008003644                USBD_StdDevReq
 .text.USBD_StdItfReq
                0x0000000008003728       0xd8 ./Core/Src/usbd_ctlreq.o
                0x0000000008003728                USBD_StdItfReq
 .text.USBD_StdEPReq
                0x0000000008003800      0x33e ./Core/Src/usbd_ctlreq.o
                0x0000000008003800                USBD_StdEPReq
 *fill*         0x0000000008003b3e        0x2 
 .text.USBD_GetDescriptor
                0x0000000008003b40      0x2d4 ./Core/Src/usbd_ctlreq.o
 .text.USBD_SetAddress
                0x0000000008003e14       0x88 ./Core/Src/usbd_ctlreq.o
 .text.USBD_SetConfig
                0x0000000008003e9c      0x154 ./Core/Src/usbd_ctlreq.o
 .text.USBD_GetConfig
                0x0000000008003ff0       0x6c ./Core/Src/usbd_ctlreq.o
 .text.USBD_GetStatus
                0x000000000800405c       0x68 ./Core/Src/usbd_ctlreq.o
 .text.USBD_SetFeature
                0x00000000080040c4       0x52 ./Core/Src/usbd_ctlreq.o
 .text.USBD_ClrFeature
                0x0000000008004116       0x44 ./Core/Src/usbd_ctlreq.o
 .text.USBD_ParseSetupRequest
                0x000000000800415a       0x74 ./Core/Src/usbd_ctlreq.o
                0x000000000800415a                USBD_ParseSetupRequest
 .text.USBD_CtlError
                0x00000000080041ce       0x22 ./Core/Src/usbd_ctlreq.o
                0x00000000080041ce                USBD_CtlError
 .text.USBD_GetString
                0x00000000080041f0       0xa4 ./Core/Src/usbd_ctlreq.o
                0x00000000080041f0                USBD_GetString
 .text.USBD_GetLen
                0x0000000008004294       0x34 ./Core/Src/usbd_ctlreq.o
 .text.USBD_MIDI_DeviceDescriptor
                0x00000000080042c8       0x24 ./Core/Src/usbd_desc.o
 .text.USBD_MIDI_LangIDStrDescriptor
                0x00000000080042ec       0x24 ./Core/Src/usbd_desc.o
 .text.USBD_MIDI_ManufacturerStrDescriptor
                0x0000000008004310       0x28 ./Core/Src/usbd_desc.o
 .text.USBD_MIDI_ProductStrDescriptor
                0x0000000008004338       0x28 ./Core/Src/usbd_desc.o
 .text.USBD_MIDI_SerialStrDescriptor
                0x0000000008004360       0x24 ./Core/Src/usbd_desc.o
 .text.USBD_MIDI_ConfigStrDescriptor
                0x0000000008004384       0x28 ./Core/Src/usbd_desc.o
 .text.USBD_MIDI_InterfaceStrDescriptor
                0x00000000080043ac       0x28 ./Core/Src/usbd_desc.o
 .text.Get_SerialNum
                0x00000000080043d4       0x58 ./Core/Src/usbd_desc.o
 .text.IntToUnicode
                0x000000000800442c       0x6a ./Core/Src/usbd_desc.o
 .text.USBD_CtlSendData
                0x0000000008004496       0x3c ./Core/Src/usbd_ioreq.o
                0x0000000008004496                USBD_CtlSendData
 .text.USBD_CtlContinueSendData
                0x00000000080044d2       0x22 ./Core/Src/usbd_ioreq.o
                0x00000000080044d2                USBD_CtlContinueSendData
 .text.USBD_CtlContinueRx
                0x00000000080044f4       0x22 ./Core/Src/usbd_ioreq.o
                0x00000000080044f4                USBD_CtlContinueRx
 .text.USBD_CtlSendStatus
                0x0000000008004516       0x26 ./Core/Src/usbd_ioreq.o
                0x0000000008004516                USBD_CtlSendStatus
 .text.USBD_CtlReceiveStatus
                0x000000000800453c       0x26 ./Core/Src/usbd_ioreq.o
                0x000000000800453c                USBD_CtlReceiveStatus
 *fill*         0x0000000008004562        0x2 
 .text.USBD_MIDI_Init
                0x0000000008004564       0x70 ./Core/Src/usbd_midi.o
 .text.USBD_MIDI_DeInit
                0x00000000080045d4       0x3e ./Core/Src/usbd_midi.o
 .text.USBD_MIDI_Setup
                0x0000000008004612       0x30 ./Core/Src/usbd_midi.o
 *fill*         0x0000000008004642        0x2 
 .text.USBD_MIDI_DataIn
                0x0000000008004644       0x24 ./Core/Src/usbd_midi.o
 .text.USBD_MIDI_DataOut
                0x0000000008004668       0x28 ./Core/Src/usbd_midi.o
 .text.USBD_MIDI_GetFSCfgDesc
                0x0000000008004690       0x20 ./Core/Src/usbd_midi.o
 .text.USBD_MIDI_GetHSCfgDesc
                0x00000000080046b0       0x20 ./Core/Src/usbd_midi.o
 .text.USBD_MIDI_GetOtherSpeedCfgDesc
                0x00000000080046d0       0x20 ./Core/Src/usbd_midi.o
 .text.USBD_MIDI_GetDeviceQualifierDesc
                0x00000000080046f0       0x20 ./Core/Src/usbd_midi.o
 .text.USBD_MIDI_SendPacket
                0x0000000008004710       0x80 ./Core/Src/usbd_midi.o
                0x0000000008004710                USBD_MIDI_SendPacket
 .text.bit_reverse_shuffle
                0x0000000008004790       0xba ./Core/Src/wavetable.o
 *fill*         0x000000000800484a        0x2 
 .text.fft_forward
                0x000000000800484c      0x1d8 ./Core/Src/wavetable.o
 .text.fft_inverse
                0x0000000008004a24       0xbe ./Core/Src/wavetable.o
 .text.resample_periodic
                0x0000000008004ae2       0xbe ./Core/Src/wavetable.o
 .text.generate_bl_wavetable
                0x0000000008004ba0      0x2e8 ./Core/Src/wavetable.o
 .text.Wavetable_Init
                0x0000000008004e88      0x144 ./Core/Src/wavetable.o
                0x0000000008004e88                Wavetable_Init
 .text.Reset_Handler
                0x0000000008004fcc       0x50 ./Core/Startup/startup_stm32f411retx.o
                0x0000000008004fcc                Reset_Handler
 .text.Default_Handler
                0x000000000800501c        0x2 ./Core/Startup/startup_stm32f411retx.o
                0x000000000800501c                RTC_Alarm_IRQHandler
                0x000000000800501c                SPI4_IRQHandler
                0x000000000800501c                TIM1_CC_IRQHandler
                0x000000000800501c                DMA2_Stream5_IRQHandler
                0x000000000800501c                DMA1_Stream5_IRQHandler
                0x000000000800501c                PVD_IRQHandler
                0x000000000800501c                SDIO_IRQHandler
                0x000000000800501c                TAMP_STAMP_IRQHandler
                0x000000000800501c                TIM1_UP_TIM10_IRQHandler
                0x000000000800501c                I2C3_ER_IRQHandler
                0x000000000800501c                I2C2_EV_IRQHandler
                0x000000000800501c                DMA1_Stream2_IRQHandler
                0x000000000800501c                FPU_IRQHandler
                0x000000000800501c                SPI1_IRQHandler
                0x000000000800501c                TIM1_BRK_TIM9_IRQHandler
                0x000000000800501c                DMA2_Stream3_IRQHandler
                0x000000000800501c                USART6_IRQHandler
                0x000000000800501c                DMA2_Stream0_IRQHandler
                0x000000000800501c                TIM4_IRQHandler
                0x000000000800501c                I2C1_EV_IRQHandler
                0x000000000800501c                DMA1_Stream6_IRQHandler
                0x000000000800501c                DMA1_Stream1_IRQHandler
                0x000000000800501c                TIM3_IRQHandler
                0x000000000800501c                RCC_IRQHandler
                0x000000000800501c                Default_Handler
                0x000000000800501c                DMA1_Stream7_IRQHandler
                0x000000000800501c                SPI5_IRQHandler
                0x000000000800501c                TIM5_IRQHandler
                0x000000000800501c                DMA2_Stream7_IRQHandler
                0x000000000800501c                I2C3_EV_IRQHandler
                0x000000000800501c                RTC_WKUP_IRQHandler
                0x000000000800501c                SPI2_IRQHandler
                0x000000000800501c                DMA1_Stream0_IRQHandler
                0x000000000800501c                EXTI4_IRQHandler
                0x000000000800501c                WWDG_IRQHandler
                0x000000000800501c                TIM2_IRQHandler
                0x000000000800501c                OTG_FS_WKUP_IRQHandler
                0x000000000800501c                TIM1_TRG_COM_TIM11_IRQHandler
                0x000000000800501c                USART2_IRQHandler
                0x000000000800501c                I2C2_ER_IRQHandler
                0x000000000800501c                DMA2_Stream1_IRQHandler
                0x000000000800501c                FLASH_IRQHandler
                0x000000000800501c                DMA2_Stream4_IRQHandler
                0x000000000800501c                USART1_IRQHandler
                0x000000000800501c                SPI3_IRQHandler
                0x000000000800501c                DMA1_Stream4_IRQHandler
                0x000000000800501c                I2C1_ER_IRQHandler
                0x000000000800501c                DMA2_Stream6_IRQHandler
                0x000000000800501c                DMA1_Stream3_IRQHandler
 *fill*         0x000000000800501e        0x2 
 .text.HAL_Init
                0x0000000008005020       0x44 ./Drivers/STM32F4xx_HAL_Driver/Src/stm32f4xx_hal.o
                0x0000000008005020                HAL_Init
 .text.HAL_InitTick
                0x0000000008005064       0x60 ./Drivers/STM32F4xx_HAL_Driver/Src/stm32f4xx_hal.o
                0x0000000008005064                HAL_InitTick
 .text.HAL_IncTick
                0x00000000080050c4       0x28 ./Drivers/STM32F4xx_HAL_Driver/Src/stm32f4xx_hal.o
                0x00000000080050c4                HAL_IncTick
 .text.HAL_GetTick
                0x00000000080050ec       0x18 ./Drivers/STM32F4xx_HAL_Driver/Src/stm32f4xx_hal.o
                0x00000000080050ec                HAL_GetTick
 .text.HAL_Delay
                0x0000000008005104       0x48 ./Drivers/STM32F4xx_HAL_Driver/Src/stm32f4xx_hal.o
                0x0000000008005104                HAL_Delay
 .text.HAL_ADC_Init
                0x000000000800514c       0x86 ./Drivers/STM32F4xx_HAL_Driver/Src/stm32f4xx_hal_adc.o
                0x000000000800514c                HAL_ADC_Init
 *fill*         0x00000000080051d2        0x2 
 .text.HAL_ADC_Start_IT
                0x00000000080051d4      0x17c ./Drivers/STM32F4xx_HAL_Driver/Src/stm32f4xx_hal_adc.o
                0x00000000080051d4                HAL_ADC_Start_IT
 .text.HAL_ADC_IRQHandler
                0x0000000008005350      0x220 ./Drivers/STM32F4xx_HAL_Driver/Src/stm32f4xx_hal_adc.o
                0x0000000008005350                HAL_ADC_IRQHandler
 .text.HAL_ADC_GetValue
                0x0000000008005570       0x1a ./Drivers/STM32F4xx_HAL_Driver/Src/stm32f4xx_hal_adc.o
                0x0000000008005570                HAL_ADC_GetValue
 .text.HAL_ADC_LevelOutOfWindowCallback
                0x000000000800558a       0x14 ./Drivers/STM32F4xx_HAL_Driver/Src/stm32f4xx_hal_adc.o
                0x000000000800558a                HAL_ADC_LevelOutOfWindowCallback
 .text.HAL_ADC_ErrorCallback
                0x000000000800559e       0x14 ./Drivers/STM32F4xx_HAL_Driver/Src/stm32f4xx_hal_adc.o
                0x000000000800559e                HAL_ADC_ErrorCallback
 *fill*         0x00000000080055b2        0x2 
 .text.HAL_ADC_ConfigChannel
                0x00000000080055b4      0x264 ./Drivers/STM32F4xx_HAL_Driver/Src/stm32f4xx_hal_adc.o
                0x00000000080055b4                HAL_ADC_ConfigChannel
 .text.HAL_ADC_GetState
                0x0000000008005818       0x18 ./Drivers/STM32F4xx_HAL_Driver/Src/stm32f4xx_hal_adc.o
                0x0000000008005818                HAL_ADC_GetState
 .text.ADC_Init
                0x0000000008005830      0x1f8 ./Drivers/STM32F4xx_HAL_Driver/Src/stm32f4xx_hal_adc.o
 .text.HAL_ADCEx_InjectedConvCpltCallback
                0x0000000008005a28       0x14 ./Drivers/STM32F4xx_HAL_Driver/Src/stm32f4xx_hal_adc_ex.o
                0x0000000008005a28                HAL_ADCEx_InjectedConvCpltCallback
 .text.__NVIC_SetPriorityGrouping
                0x0000000008005a3c       0x48 ./Drivers/STM32F4xx_HAL_Driver/Src/stm32f4xx_hal_cortex.o
 .text.__NVIC_GetPriorityGrouping
                0x0000000008005a84       0x1c ./Drivers/STM32F4xx_HAL_Driver/Src/stm32f4xx_hal_cortex.o
 .text.__NVIC_EnableIRQ
                0x0000000008005aa0       0x3c ./Drivers/STM32F4xx_HAL_Driver/Src/stm32f4xx_hal_cortex.o
 .text.__NVIC_SetPriority
                0x0000000008005adc       0x54 ./Drivers/STM32F4xx_HAL_Driver/Src/stm32f4xx_hal_cortex.o
 .text.NVIC_EncodePriority
                0x0000000008005b30       0x66 ./Drivers/STM32F4xx_HAL_Driver/Src/stm32f4xx_hal_cortex.o
 *fill*         0x0000000008005b96        0x2 
 .text.SysTick_Config
                0x0000000008005b98       0x44 ./Drivers/STM32F4xx_HAL_Driver/Src/stm32f4xx_hal_cortex.o
 .text.HAL_NVIC_SetPriorityGrouping
                0x0000000008005bdc       0x16 ./Drivers/STM32F4xx_HAL_Driver/Src/stm32f4xx_hal_cortex.o
                0x0000000008005bdc                HAL_NVIC_SetPriorityGrouping
 .text.HAL_NVIC_SetPriority
                0x0000000008005bf2       0x38 ./Drivers/STM32F4xx_HAL_Driver/Src/stm32f4xx_hal_cortex.o
                0x0000000008005bf2                HAL_NVIC_SetPriority
 .text.HAL_NVIC_EnableIRQ
                0x0000000008005c2a       0x1c ./Drivers/STM32F4xx_HAL_Driver/Src/stm32f4xx_hal_cortex.o
                0x0000000008005c2a                HAL_NVIC_EnableIRQ
 .text.HAL_SYSTICK_Config
                0x0000000008005c46       0x18 ./Drivers/STM32F4xx_HAL_Driver/Src/stm32f4xx_hal_cortex.o
                0x0000000008005c46                HAL_SYSTICK_Config
 *fill*         0x0000000008005c5e        0x2 
 .text.HAL_DMA_Init
                0x0000000008005c60      0x15c ./Drivers/STM32F4xx_HAL_Driver/Src/stm32f4xx_hal_dma.o
                0x0000000008005c60                HAL_DMA_Init
 .text.HAL_DMA_Start_IT
                0x0000000008005dbc       0xb0 ./Drivers/STM32F4xx_HAL_Driver/Src/stm32f4xx_hal_dma.o
                0x0000000008005dbc                HAL_DMA_Start_IT
 .text.HAL_DMA_IRQHandler
                0x0000000008005e6c      0x314 ./Drivers/STM32F4xx_HAL_Driver/Src/stm32f4xx_hal_dma.o
                0x0000000008005e6c                HAL_DMA_IRQHandler
 .text.DMA_SetConfig
                0x0000000008006180       0x5c ./Drivers/STM32F4xx_HAL_Driver/Src/stm32f4xx_hal_dma.o
 .text.DMA_CalcBaseAndBitshift
                0x00000000080061dc       0x6c ./Drivers/STM32F4xx_HAL_Driver/Src/stm32f4xx_hal_dma.o
 .text.DMA_CheckFifoParam
                0x0000000008006248       0xf8 ./Drivers/STM32F4xx_HAL_Driver/Src/stm32f4xx_hal_dma.o
 .text.HAL_GPIO_Init
                0x0000000008006340      0x308 ./Drivers/STM32F4xx_HAL_Driver/Src/stm32f4xx_hal_gpio.o
                0x0000000008006340                HAL_GPIO_Init
 .text.HAL_GPIO_EXTI_IRQHandler
                0x0000000008006648       0x30 ./Drivers/STM32F4xx_HAL_Driver/Src/stm32f4xx_hal_gpio.o
                0x0000000008006648                HAL_GPIO_EXTI_IRQHandler
 .text.HAL_I2C_Init
                0x0000000008006678      0x288 ./Drivers/STM32F4xx_HAL_Driver/Src/stm32f4xx_hal_i2c.o
                0x0000000008006678                HAL_I2C_Init
 .text.HAL_I2C_Mem_Write
                0x0000000008006900      0x1f4 ./Drivers/STM32F4xx_HAL_Driver/Src/stm32f4xx_hal_i2c.o
                0x0000000008006900                HAL_I2C_Mem_Write
 .text.HAL_I2C_Mem_Read
                0x0000000008006af4      0x44c ./Drivers/STM32F4xx_HAL_Driver/Src/stm32f4xx_hal_i2c.o
                0x0000000008006af4                HAL_I2C_Mem_Read
 .text.HAL_I2C_IsDeviceReady
                0x0000000008006f40      0x25c ./Drivers/STM32F4xx_HAL_Driver/Src/stm32f4xx_hal_i2c.o
                0x0000000008006f40                HAL_I2C_IsDeviceReady
 .text.I2C_RequestMemoryWrite
                0x000000000800719c      0x12c ./Drivers/STM32F4xx_HAL_Driver/Src/stm32f4xx_hal_i2c.o
 .text.I2C_RequestMemoryRead
                0x00000000080072c8      0x1d0 ./Drivers/STM32F4xx_HAL_Driver/Src/stm32f4xx_hal_i2c.o
 .text.I2C_WaitOnFlagUntilTimeout
                0x0000000008007498       0xae ./Drivers/STM32F4xx_HAL_Driver/Src/stm32f4xx_hal_i2c.o
 .text.I2C_WaitOnMasterAddressFlagUntilTimeout
                0x0000000008007546       0xfe ./Drivers/STM32F4xx_HAL_Driver/Src/stm32f4xx_hal_i2c.o
 .text.I2C_WaitOnTXEFlagUntilTimeout
                0x0000000008007644       0x82 ./Drivers/STM32F4xx_HAL_Driver/Src/stm32f4xx_hal_i2c.o
 .text.I2C_WaitOnBTFFlagUntilTimeout
                0x00000000080076c6       0x82 ./Drivers/STM32F4xx_HAL_Driver/Src/stm32f4xx_hal_i2c.o
 .text.I2C_WaitOnRXNEFlagUntilTimeout
                0x0000000008007748       0xac ./Drivers/STM32F4xx_HAL_Driver/Src/stm32f4xx_hal_i2c.o
 .text.I2C_IsAcknowledgeFailed
                0x00000000080077f4       0x5e ./Drivers/STM32F4xx_HAL_Driver/Src/stm32f4xx_hal_i2c.o
 *fill*         0x0000000008007852        0x2 
 .text.HAL_I2S_Init
                0x0000000008007854      0x280 ./Drivers/STM32F4xx_HAL_Driver/Src/stm32f4xx_hal_i2s.o
                0x0000000008007854                HAL_I2S_Init
 .text.HAL_I2S_Transmit_DMA
                0x0000000008007ad4      0x150 ./Drivers/STM32F4xx_HAL_Driver/Src/stm32f4xx_hal_i2s.o
                0x0000000008007ad4                HAL_I2S_Transmit_DMA
 .text.HAL_I2S_RxCpltCallback
                0x0000000008007c24       0x14 ./Drivers/STM32F4xx_HAL_Driver/Src/stm32f4xx_hal_i2s.o
                0x0000000008007c24                HAL_I2S_RxCpltCallback
 .text.HAL_I2S_ErrorCallback
                0x0000000008007c38       0x14 ./Drivers/STM32F4xx_HAL_Driver/Src/stm32f4xx_hal_i2s.o
                0x0000000008007c38                HAL_I2S_ErrorCallback
 .text.I2S_DMATxCplt
                0x0000000008007c4c       0x42 ./Drivers/STM32F4xx_HAL_Driver/Src/stm32f4xx_hal_i2s.o
 .text.I2S_DMATxHalfCplt
                0x0000000008007c8e       0x1c ./Drivers/STM32F4xx_HAL_Driver/Src/stm32f4xx_hal_i2s.o
 .text.I2S_DMAError
                0x0000000008007caa       0x4c ./Drivers/STM32F4xx_HAL_Driver/Src/stm32f4xx_hal_i2s.o
 .text.I2S_Transmit_IT
                0x0000000008007cf6       0x5c ./Drivers/STM32F4xx_HAL_Driver/Src/stm32f4xx_hal_i2s.o
 .text.I2S_Receive_IT
                0x0000000008007d52       0x5e ./Drivers/STM32F4xx_HAL_Driver/Src/stm32f4xx_hal_i2s.o
 .text.I2S_IRQHandler
                0x0000000008007db0      0x114 ./Drivers/STM32F4xx_HAL_Driver/Src/stm32f4xx_hal_i2s.o
 .text.HAL_I2SEx_FullDuplex_IRQHandler
                0x0000000008007ec4      0x2a8 ./Drivers/STM32F4xx_HAL_Driver/Src/stm32f4xx_hal_i2s_ex.o
                0x0000000008007ec4                HAL_I2SEx_FullDuplex_IRQHandler
 .text.HAL_I2SEx_TxRxCpltCallback
                0x000000000800816c       0x14 ./Drivers/STM32F4xx_HAL_Driver/Src/stm32f4xx_hal_i2s_ex.o
                0x000000000800816c                HAL_I2SEx_TxRxCpltCallback
 .text.I2SEx_TxISR_I2S
                0x0000000008008180       0x62 ./Drivers/STM32F4xx_HAL_Driver/Src/stm32f4xx_hal_i2s_ex.o
 *fill*         0x00000000080081e2        0x2 
 .text.I2SEx_TxISR_I2SExt
                0x00000000080081e4       0x98 ./Drivers/STM32F4xx_HAL_Driver/Src/stm32f4xx_hal_i2s_ex.o
 .text.I2SEx_RxISR_I2S
                0x000000000800827c       0x64 ./Drivers/STM32F4xx_HAL_Driver/Src/stm32f4xx_hal_i2s_ex.o
 .text.I2SEx_RxISR_I2SExt
                0x00000000080082e0       0x98 ./Drivers/STM32F4xx_HAL_Driver/Src/stm32f4xx_hal_i2s_ex.o
 .text.HAL_PCD_Init
                0x0000000008008378      0x23a ./Drivers/STM32F4xx_HAL_Driver/Src/stm32f4xx_hal_pcd.o
                0x0000000008008378                HAL_PCD_Init
 .text.HAL_PCD_Start
                0x00000000080085b2       0x66 ./Drivers/STM32F4xx_HAL_Driver/Src/stm32f4xx_hal_pcd.o
                0x00000000080085b2                HAL_PCD_Start
 .text.HAL_PCD_IRQHandler
                0x0000000008008618      0x93e ./Drivers/STM32F4xx_HAL_Driver/Src/stm32f4xx_hal_pcd.o
                0x0000000008008618                HAL_PCD_IRQHandler
 .text.HAL_PCD_SetAddress
                0x0000000008008f56       0x4a ./Drivers/STM32F4xx_HAL_Driver/Src/stm32f4xx_hal_pcd.o
                0x0000000008008f56                HAL_PCD_SetAddress
 .text.HAL_PCD_EP_Open
                0x0000000008008fa0       0xd0 ./Drivers/STM32F4xx_HAL_Driver/Src/stm32f4xx_hal_pcd.o
                0x0000000008008fa0                HAL_PCD_EP_Open
 .text.HAL_PCD_EP_Close
                0x0000000008009070       0x94 ./Drivers/STM32F4xx_HAL_Driver/Src/stm32f4xx_hal_pcd.o
                0x0000000008009070                HAL_PCD_EP_Close
 .text.HAL_PCD_EP_Receive
                0x0000000008009104       0x96 ./Drivers/STM32F4xx_HAL_Driver/Src/stm32f4xx_hal_pcd.o
                0x0000000008009104                HAL_PCD_EP_Receive
 .text.HAL_PCD_EP_Transmit
                0x000000000800919a       0x94 ./Drivers/STM32F4xx_HAL_Driver/Src/stm32f4xx_hal_pcd.o
                0x000000000800919a                HAL_PCD_EP_Transmit
 .text.HAL_PCD_EP_SetStall
                0x000000000800922e       0xc8 ./Drivers/STM32F4xx_HAL_Driver/Src/stm32f4xx_hal_pcd.o
                0x000000000800922e                HAL_PCD_EP_SetStall
 .text.HAL_PCD_EP_ClrStall
                0x00000000080092f6       0xac ./Drivers/STM32F4xx_HAL_Driver/Src/stm32f4xx_hal_pcd.o
                0x00000000080092f6                HAL_PCD_EP_ClrStall
 .text.HAL_PCD_EP_Abort
                0x00000000080093a2       0x62 ./Drivers/STM32F4xx_HAL_Driver/Src/stm32f4xx_hal_pcd.o
                0x00000000080093a2                HAL_PCD_EP_Abort
 .text.PCD_WriteEmptyTxFifo
                0x0000000008009404      0x11a ./Drivers/STM32F4xx_HAL_Driver/Src/stm32f4xx_hal_pcd.o
 *fill*         0x000000000800951e        0x2 
 .text.PCD_EP_OutXfrComplete_int
                0x0000000008009520      0x1d0 ./Drivers/STM32F4xx_HAL_Driver/Src/stm32f4xx_hal_pcd.o
 .text.PCD_EP_OutSetupPacket_int
                0x00000000080096f0       0x8c ./Drivers/STM32F4xx_HAL_Driver/Src/stm32f4xx_hal_pcd.o
 .text.HAL_PCDEx_SetTxFiFo
                0x000000000800977c       0x8e ./Drivers/STM32F4xx_HAL_Driver/Src/stm32f4xx_hal_pcd_ex.o
                0x000000000800977c                HAL_PCDEx_SetTxFiFo
 .text.HAL_PCDEx_SetRxFiFo
                0x000000000800980a       0x22 ./Drivers/STM32F4xx_HAL_Driver/Src/stm32f4xx_hal_pcd_ex.o
                0x000000000800980a                HAL_PCDEx_SetRxFiFo
 .text.HAL_PCDEx_LPM_Callback
                0x000000000800982c       0x18 ./Drivers/STM32F4xx_HAL_Driver/Src/stm32f4xx_hal_pcd_ex.o
                0x000000000800982c                HAL_PCDEx_LPM_Callback
 .text.HAL_RCC_OscConfig
                0x0000000008009844      0x4f0 ./Drivers/STM32F4xx_HAL_Driver/Src/stm32f4xx_hal_rcc.o
                0x0000000008009844                HAL_RCC_OscConfig
 .text.HAL_RCC_ClockConfig
                0x0000000008009d34      0x1cc ./Drivers/STM32F4xx_HAL_Driver/Src/stm32f4xx_hal_rcc.o
                0x0000000008009d34                HAL_RCC_ClockConfig
 .text.HAL_RCC_GetSysClockFreq
                0x0000000008009f00      0x20c ./Drivers/STM32F4xx_HAL_Driver/Src/stm32f4xx_hal_rcc.o
                0x0000000008009f00                HAL_RCC_GetSysClockFreq
 .text.HAL_RCC_GetHCLKFreq
                0x000000000800a10c       0x18 ./Drivers/STM32F4xx_HAL_Driver/Src/stm32f4xx_hal_rcc.o
                0x000000000800a10c                HAL_RCC_GetHCLKFreq
 .text.HAL_RCC_GetPCLK1Freq
                0x000000000800a124       0x28 ./Drivers/STM32F4xx_HAL_Driver/Src/stm32f4xx_hal_rcc.o
                0x000000000800a124                HAL_RCC_GetPCLK1Freq
 .text.HAL_RCC_GetPCLK2Freq
                0x000000000800a14c       0x28 ./Drivers/STM32F4xx_HAL_Driver/Src/stm32f4xx_hal_rcc.o
                0x000000000800a14c                HAL_RCC_GetPCLK2Freq
 .text.HAL_RCCEx_PeriphCLKConfig
                0x000000000800a174      0x1e0 ./Drivers/STM32F4xx_HAL_Driver/Src/stm32f4xx_hal_rcc_ex.o
                0x000000000800a174                HAL_RCCEx_PeriphCLKConfig
 .text.HAL_RCCEx_GetPeriphCLKFreq
                0x000000000800a354       0xc0 ./Drivers/STM32F4xx_HAL_Driver/Src/stm32f4xx_hal_rcc_ex.o
                0x000000000800a354                HAL_RCCEx_GetPeriphCLKFreq
 .text.HAL_UART_Init
                0x000000000800a414       0x9a ./Drivers/STM32F4xx_HAL_Driver/Src/stm32f4xx_hal_uart.o
                0x000000000800a414                HAL_UART_Init
 .text.HAL_UART_Transmit
                0x000000000800a4ae      0x124 ./Drivers/STM32F4xx_HAL_Driver/Src/stm32f4xx_hal_uart.o
                0x000000000800a4ae                HAL_UART_Transmit
 .text.UART_WaitOnFlagUntilTimeout
                0x000000000800a5d2       0xdc ./Drivers/STM32F4xx_HAL_Driver/Src/stm32f4xx_hal_uart.o
 *fill*         0x000000000800a6ae        0x2 
 .text.UART_SetConfig
                0x000000000800a6b0      0x4e8 ./Drivers/STM32F4xx_HAL_Driver/Src/stm32f4xx_hal_uart.o
 .text.USB_CoreInit
                0x000000000800ab98       0xc2 ./Drivers/STM32F4xx_HAL_Driver/Src/stm32f4xx_ll_usb.o
                0x000000000800ab98                USB_CoreInit
 *fill*         0x000000000800ac5a        0x2 
 .text.USB_SetTurnaroundTime
                0x000000000800ac5c      0x144 ./Drivers/STM32F4xx_HAL_Driver/Src/stm32f4xx_ll_usb.o
                0x000000000800ac5c                USB_SetTurnaroundTime
 .text.USB_EnableGlobalInt
                0x000000000800ada0       0x22 ./Drivers/STM32F4xx_HAL_Driver/Src/stm32f4xx_ll_usb.o
                0x000000000800ada0                USB_EnableGlobalInt
 .text.USB_DisableGlobalInt
                0x000000000800adc2       0x22 ./Drivers/STM32F4xx_HAL_Driver/Src/stm32f4xx_ll_usb.o
                0x000000000800adc2                USB_DisableGlobalInt
 .text.USB_SetCurrentMode
                0x000000000800ade4       0x98 ./Drivers/STM32F4xx_HAL_Driver/Src/stm32f4xx_ll_usb.o
                0x000000000800ade4                USB_SetCurrentMode
 .text.USB_DevInit
                0x000000000800ae7c      0x2c8 ./Drivers/STM32F4xx_HAL_Driver/Src/stm32f4xx_ll_usb.o
                0x000000000800ae7c                USB_DevInit
 .text.USB_FlushTxFifo
                0x000000000800b144       0x68 ./Drivers/STM32F4xx_HAL_Driver/Src/stm32f4xx_ll_usb.o
                0x000000000800b144                USB_FlushTxFifo
 .text.USB_FlushRxFifo
                0x000000000800b1ac       0x60 ./Drivers/STM32F4xx_HAL_Driver/Src/stm32f4xx_ll_usb.o
                0x000000000800b1ac                USB_FlushRxFifo
 .text.USB_SetDevSpeed
                0x000000000800b20c       0x32 ./Drivers/STM32F4xx_HAL_Driver/Src/stm32f4xx_ll_usb.o
                0x000000000800b20c                USB_SetDevSpeed
 .text.USB_GetDevSpeed
                0x000000000800b23e       0x4a ./Drivers/STM32F4xx_HAL_Driver/Src/stm32f4xx_ll_usb.o
                0x000000000800b23e                USB_GetDevSpeed
 .text.USB_ActivateEndpoint
                0x000000000800b288      0x10e ./Drivers/STM32F4xx_HAL_Driver/Src/stm32f4xx_ll_usb.o
                0x000000000800b288                USB_ActivateEndpoint
 *fill*         0x000000000800b396        0x2 
 .text.USB_DeactivateEndpoint
                0x000000000800b398      0x1b8 ./Drivers/STM32F4xx_HAL_Driver/Src/stm32f4xx_ll_usb.o
                0x000000000800b398                USB_DeactivateEndpoint
 .text.USB_EPStartXfer
                0x000000000800b550      0x490 ./Drivers/STM32F4xx_HAL_Driver/Src/stm32f4xx_ll_usb.o
                0x000000000800b550                USB_EPStartXfer
 .text.USB_EP0StartXfer
                0x000000000800b9e0      0x2b0 ./Drivers/STM32F4xx_HAL_Driver/Src/stm32f4xx_ll_usb.o
                0x000000000800b9e0                USB_EP0StartXfer
 .text.USB_EPStopXfer
                0x000000000800bc90      0x154 ./Drivers/STM32F4xx_HAL_Driver/Src/stm32f4xx_ll_usb.o
                0x000000000800bc90                USB_EPStopXfer
 .text.USB_WritePacket
                0x000000000800bde4       0x7c ./Drivers/STM32F4xx_HAL_Driver/Src/stm32f4xx_ll_usb.o
                0x000000000800bde4                USB_WritePacket
 .text.USB_ReadPacket
                0x000000000800be60       0xb0 ./Drivers/STM32F4xx_HAL_Driver/Src/stm32f4xx_ll_usb.o
                0x000000000800be60                USB_ReadPacket
 .text.USB_EPSetStall
                0x000000000800bf10       0xdc ./Drivers/STM32F4xx_HAL_Driver/Src/stm32f4xx_ll_usb.o
                0x000000000800bf10                USB_EPSetStall
 .text.USB_EPClearStall
                0x000000000800bfec       0xcc ./Drivers/STM32F4xx_HAL_Driver/Src/stm32f4xx_ll_usb.o
                0x000000000800bfec                USB_EPClearStall
 .text.USB_SetDevAddress
                0x000000000800c0b8       0x4c ./Drivers/STM32F4xx_HAL_Driver/Src/stm32f4xx_ll_usb.o
                0x000000000800c0b8                USB_SetDevAddress
 .text.USB_DevConnect
                0x000000000800c104       0x42 ./Drivers/STM32F4xx_HAL_Driver/Src/stm32f4xx_ll_usb.o
                0x000000000800c104                USB_DevConnect
 .text.USB_DevDisconnect
                0x000000000800c146       0x42 ./Drivers/STM32F4xx_HAL_Driver/Src/stm32f4xx_ll_usb.o
                0x000000000800c146                USB_DevDisconnect
 .text.USB_ReadInterrupts
                0x000000000800c188       0x26 ./Drivers/STM32F4xx_HAL_Driver/Src/stm32f4xx_ll_usb.o
                0x000000000800c188                USB_ReadInterrupts
 .text.USB_ReadDevAllOutEpInterrupt
                0x000000000800c1ae       0x34 ./Drivers/STM32F4xx_HAL_Driver/Src/stm32f4xx_ll_usb.o
                0x000000000800c1ae                USB_ReadDevAllOutEpInterrupt
 .text.USB_ReadDevAllInEpInterrupt
                0x000000000800c1e2       0x34 ./Drivers/STM32F4xx_HAL_Driver/Src/stm32f4xx_ll_usb.o
                0x000000000800c1e2                USB_ReadDevAllInEpInterrupt
 .text.USB_ReadDevOutEPInterrupt
                0x000000000800c216       0x3c ./Drivers/STM32F4xx_HAL_Driver/Src/stm32f4xx_ll_usb.o
                0x000000000800c216                USB_ReadDevOutEPInterrupt
 .text.USB_ReadDevInEPInterrupt
                0x000000000800c252       0x5c ./Drivers/STM32F4xx_HAL_Driver/Src/stm32f4xx_ll_usb.o
                0x000000000800c252                USB_ReadDevInEPInterrupt
 .text.USB_GetMode
                0x000000000800c2ae       0x1c ./Drivers/STM32F4xx_HAL_Driver/Src/stm32f4xx_ll_usb.o
                0x000000000800c2ae                USB_GetMode
 .text.USB_ActivateSetup
                0x000000000800c2ca       0x46 ./Drivers/STM32F4xx_HAL_Driver/Src/stm32f4xx_ll_usb.o
                0x000000000800c2ca                USB_ActivateSetup
 .text.USB_EP0_OutStart
                0x000000000800c310       0xbc ./Drivers/STM32F4xx_HAL_Driver/Src/stm32f4xx_ll_usb.o
                0x000000000800c310                USB_EP0_OutStart
 .text.USB_CoreReset
                0x000000000800c3cc       0x68 ./Drivers/STM32F4xx_HAL_Driver/Src/stm32f4xx_ll_usb.o
 .text.__errno  0x000000000800c434        0xc c:/st/stm32cubeide_1.11.0/stm32cubeide/plugins/com.st.stm32cube.ide.mcu.externaltools.gnu-tools-for-stm32.10.3-2021.10.win32_1.0.100.202210260954/tools/bin/../lib/gcc/arm-none-eabi/10.3.1/../../../../arm-none-eabi/lib/thumb/v7e-m+fp/hard\libc_nano.a(lib_a-errno.o)
                0x000000000800c434                __errno
 .text.__libc_init_array
                0x000000000800c440       0x48 c:/st/stm32cubeide_1.11.0/stm32cubeide/plugins/com.st.stm32cube.ide.mcu.externaltools.gnu-tools-for-stm32.10.3-2021.10.win32_1.0.100.202210260954/tools/bin/../lib/gcc/arm-none-eabi/10.3.1/../../../../arm-none-eabi/lib/thumb/v7e-m+fp/hard\libc_nano.a(lib_a-init.o)
                0x000000000800c440                __libc_init_array
 .text.memset   0x000000000800c488       0x10 c:/st/stm32cubeide_1.11.0/stm32cubeide/plugins/com.st.stm32cube.ide.mcu.externaltools.gnu-tools-for-stm32.10.3-2021.10.win32_1.0.100.202210260954/tools/bin/../lib/gcc/arm-none-eabi/10.3.1/../../../../arm-none-eabi/lib/thumb/v7e-m+fp/hard\libc_nano.a(lib_a-memset.o)
                0x000000000800c488                memset
 .text.printf   0x000000000800c498       0x30 c:/st/stm32cubeide_1.11.0/stm32cubeide/plugins/com.st.stm32cube.ide.mcu.externaltools.gnu-tools-for-stm32.10.3-2021.10.win32_1.0.100.202210260954/tools/bin/../lib/gcc/arm-none-eabi/10.3.1/../../../../arm-none-eabi/lib/thumb/v7e-m+fp/hard\libc_nano.a(lib_a-printf.o)
                0x000000000800c498                iprintf
                0x000000000800c498                printf
 .text._puts_r  0x000000000800c4c8       0xdc c:/st/stm32cubeide_1.11.0/stm32cubeide/plugins/com.st.stm32cube.ide.mcu.externaltools.gnu-tools-for-stm32.10.3-2021.10.win32_1.0.100.202210260954/tools/bin/../lib/gcc/arm-none-eabi/10.3.1/../../../../arm-none-eabi/lib/thumb/v7e-m+fp/hard\libc_nano.a(lib_a-puts.o)
                0x000000000800c4c8                _puts_r
 .text.puts     0x000000000800c5a4       0x10 c:/st/stm32cubeide_1.11.0/stm32cubeide/plugins/com.st.stm32cube.ide.mcu.externaltools.gnu-tools-for-stm32.10.3-2021.10.win32_1.0.100.202210260954/tools/bin/../lib/gcc/arm-none-eabi/10.3.1/../../../../arm-none-eabi/lib/thumb/v7e-m+fp/hard\libc_nano.a(lib_a-puts.o)
                0x000000000800c5a4                puts
 .text.__swbuf_r
                0x000000000800c5b4       0xa4 c:/st/stm32cubeide_1.11.0/stm32cubeide/plugins/com.st.stm32cube.ide.mcu.externaltools.gnu-tools-for-stm32.10.3-2021.10.win32_1.0.100.202210260954/tools/bin/../lib/gcc/arm-none-eabi/10.3.1/../../../../arm-none-eabi/lib/thumb/v7e-m+fp/hard\libc_nano.a(lib_a-wbuf.o)
                0x000000000800c5b4                __swbuf_r
 .text.__swsetup_r
                0x000000000800c658       0xdc c:/st/stm32cubeide_1.11.0/stm32cubeide/plugins/com.st.stm32cube.ide.mcu.externaltools.gnu-tools-for-stm32.10.3-2021.10.win32_1.0.100.202210260954/tools/bin/../lib/gcc/arm-none-eabi/10.3.1/../../../../arm-none-eabi/lib/thumb/v7e-m+fp/hard\libc_nano.a(lib_a-wsetup.o)
                0x000000000800c658                __swsetup_r
 .text.__sflush_r
                0x000000000800c734      0x10c c:/st/stm32cubeide_1.11.0/stm32cubeide/plugins/com.st.stm32cube.ide.mcu.externaltools.gnu-tools-for-stm32.10.3-2021.10.win32_1.0.100.202210260954/tools/bin/../lib/gcc/arm-none-eabi/10.3.1/../../../../arm-none-eabi/lib/thumb/v7e-m+fp/hard\libc_nano.a(lib_a-fflush.o)
                0x000000000800c734                __sflush_r
 .text._fflush_r
                0x000000000800c840       0x78 c:/st/stm32cubeide_1.11.0/stm32cubeide/plugins/com.st.stm32cube.ide.mcu.externaltools.gnu-tools-for-stm32.10.3-2021.10.win32_1.0.100.202210260954/tools/bin/../lib/gcc/arm-none-eabi/10.3.1/../../../../arm-none-eabi/lib/thumb/v7e-m+fp/hard\libc_nano.a(lib_a-fflush.o)
                0x000000000800c840                _fflush_r
 .text.std      0x000000000800c8b8       0x48 c:/st/stm32cubeide_1.11.0/stm32cubeide/plugins/com.st.stm32cube.ide.mcu.externaltools.gnu-tools-for-stm32.10.3-2021.10.win32_1.0.100.202210260954/tools/bin/../lib/gcc/arm-none-eabi/10.3.1/../../../../arm-none-eabi/lib/thumb/v7e-m+fp/hard\libc_nano.a(lib_a-findfp.o)
 .text._cleanup_r
                0x000000000800c900        0xc c:/st/stm32cubeide_1.11.0/stm32cubeide/plugins/com.st.stm32cube.ide.mcu.externaltools.gnu-tools-for-stm32.10.3-2021.10.win32_1.0.100.202210260954/tools/bin/../lib/gcc/arm-none-eabi/10.3.1/../../../../arm-none-eabi/lib/thumb/v7e-m+fp/hard\libc_nano.a(lib_a-findfp.o)
                0x000000000800c900                _cleanup_r
 .text.__sfmoreglue
                0x000000000800c90c       0x2c c:/st/stm32cubeide_1.11.0/stm32cubeide/plugins/com.st.stm32cube.ide.mcu.externaltools.gnu-tools-for-stm32.10.3-2021.10.win32_1.0.100.202210260954/tools/bin/../lib/gcc/arm-none-eabi/10.3.1/../../../../arm-none-eabi/lib/thumb/v7e-m+fp/hard\libc_nano.a(lib_a-findfp.o)
                0x000000000800c90c                __sfmoreglue
 .text.__sfp_lock_acquire
                0x000000000800c938        0xc c:/st/stm32cubeide_1.11.0/stm32cubeide/plugins/com.st.stm32cube.ide.mcu.externaltools.gnu-tools-for-stm32.10.3-2021.10.win32_1.0.100.202210260954/tools/bin/../lib/gcc/arm-none-eabi/10.3.1/../../../../arm-none-eabi/lib/thumb/v7e-m+fp/hard\libc_nano.a(lib_a-findfp.o)
                0x000000000800c938                __sfp_lock_acquire
 .text.__sfp_lock_release
                0x000000000800c944        0xc c:/st/stm32cubeide_1.11.0/stm32cubeide/plugins/com.st.stm32cube.ide.mcu.externaltools.gnu-tools-for-stm32.10.3-2021.10.win32_1.0.100.202210260954/tools/bin/../lib/gcc/arm-none-eabi/10.3.1/../../../../arm-none-eabi/lib/thumb/v7e-m+fp/hard\libc_nano.a(lib_a-findfp.o)
                0x000000000800c944                __sfp_lock_release
 .text.__sinit_lock_acquire
                0x000000000800c950        0xc c:/st/stm32cubeide_1.11.0/stm32cubeide/plugins/com.st.stm32cube.ide.mcu.externaltools.gnu-tools-for-stm32.10.3-2021.10.win32_1.0.100.202210260954/tools/bin/../lib/gcc/arm-none-eabi/10.3.1/../../../../arm-none-eabi/lib/thumb/v7e-m+fp/hard\libc_nano.a(lib_a-findfp.o)
                0x000000000800c950                __sinit_lock_acquire
 .text.__sinit_lock_release
                0x000000000800c95c        0xc c:/st/stm32cubeide_1.11.0/stm32cubeide/plugins/com.st.stm32cube.ide.mcu.externaltools.gnu-tools-for-stm32.10.3-2021.10.win32_1.0.100.202210260954/tools/bin/../lib/gcc/arm-none-eabi/10.3.1/../../../../arm-none-eabi/lib/thumb/v7e-m+fp/hard\libc_nano.a(lib_a-findfp.o)
                0x000000000800c95c                __sinit_lock_release
 .text.__sinit  0x000000000800c968       0x70 c:/st/stm32cubeide_1.11.0/stm32cubeide/plugins/com.st.stm32cube.ide.mcu.externaltools.gnu-tools-for-stm32.10.3-2021.10.win32_1.0.100.202210260954/tools/bin/../lib/gcc/arm-none-eabi/10.3.1/../../../../arm-none-eabi/lib/thumb/v7e-m+fp/hard\libc_nano.a(lib_a-findfp.o)
                0x000000000800c968                __sinit
 .text.__sfp    0x000000000800c9d8       0x8c c:/st/stm32cubeide_1.11.0/stm32cubeide/plugins/com.st.stm32cube.ide.mcu.externaltools.gnu-tools-for-stm32.10.3-2021.10.win32_1.0.100.202210260954/tools/bin/../lib/gcc/arm-none-eabi/10.3.1/../../../../arm-none-eabi/lib/thumb/v7e-m+fp/hard\libc_nano.a(lib_a-findfp.o)
                0x000000000800c9d8                __sfp
 .text._fwalk_reent
                0x000000000800ca64       0x3e c:/st/stm32cubeide_1.11.0/stm32cubeide/plugins/com.st.stm32cube.ide.mcu.externaltools.gnu-tools-for-stm32.10.3-2021.10.win32_1.0.100.202210260954/tools/bin/../lib/gcc/arm-none-eabi/10.3.1/../../../../arm-none-eabi/lib/thumb/v7e-m+fp/hard\libc_nano.a(lib_a-fwalk.o)
                0x000000000800ca64                _fwalk_reent
 .text.__retarget_lock_init_recursive
                0x000000000800caa2        0x2 c:/st/stm32cubeide_1.11.0/stm32cubeide/plugins/com.st.stm32cube.ide.mcu.externaltools.gnu-tools-for-stm32.10.3-2021.10.win32_1.0.100.202210260954/tools/bin/../lib/gcc/arm-none-eabi/10.3.1/../../../../arm-none-eabi/lib/thumb/v7e-m+fp/hard\libc_nano.a(lib_a-lock.o)
                0x000000000800caa2                __retarget_lock_init_recursive
 .text.__retarget_lock_acquire_recursive
                0x000000000800caa4        0x2 c:/st/stm32cubeide_1.11.0/stm32cubeide/plugins/com.st.stm32cube.ide.mcu.externaltools.gnu-tools-for-stm32.10.3-2021.10.win32_1.0.100.202210260954/tools/bin/../lib/gcc/arm-none-eabi/10.3.1/../../../../arm-none-eabi/lib/thumb/v7e-m+fp/hard\libc_nano.a(lib_a-lock.o)
                0x000000000800caa4                __retarget_lock_acquire_recursive
 .text.__retarget_lock_release_recursive
                0x000000000800caa6        0x2 c:/st/stm32cubeide_1.11.0/stm32cubeide/plugins/com.st.stm32cube.ide.mcu.externaltools.gnu-tools-for-stm32.10.3-2021.10.win32_1.0.100.202210260954/tools/bin/../lib/gcc/arm-none-eabi/10.3.1/../../../../arm-none-eabi/lib/thumb/v7e-m+fp/hard\libc_nano.a(lib_a-lock.o)
                0x000000000800caa6                __retarget_lock_release_recursive
 .text.__swhatbuf_r
                0x000000000800caa8       0x4a c:/st/stm32cubeide_1.11.0/stm32cubeide/plugins/com.st.stm32cube.ide.mcu.externaltools.gnu-tools-for-stm32.10.3-2021.10.win32_1.0.100.202210260954/tools/bin/../lib/gcc/arm-none-eabi/10.3.1/../../../../arm-none-eabi/lib/thumb/v7e-m+fp/hard\libc_nano.a(lib_a-makebuf.o)
                0x000000000800caa8                __swhatbuf_r
 *fill*         0x000000000800caf2        0x2 
 .text.__smakebuf_r
                0x000000000800caf4       0x80 c:/st/stm32cubeide_1.11.0/stm32cubeide/plugins/com.st.stm32cube.ide.mcu.externaltools.gnu-tools-for-stm32.10.3-2021.10.win32_1.0.100.202210260954/tools/bin/../lib/gcc/arm-none-eabi/10.3.1/../../../../arm-none-eabi/lib/thumb/v7e-m+fp/hard\libc_nano.a(lib_a-makebuf.o)
                0x000000000800caf4                __smakebuf_r
 .text._free_r  0x000000000800cb74       0x98 c:/st/stm32cubeide_1.11.0/stm32cubeide/plugins/com.st.stm32cube.ide.mcu.externaltools.gnu-tools-for-stm32.10.3-2021.10.win32_1.0.100.202210260954/tools/bin/../lib/gcc/arm-none-eabi/10.3.1/../../../../arm-none-eabi/lib/thumb/v7e-m+fp/hard\libc_nano.a(lib_a-nano-freer.o)
                0x000000000800cb74                _free_r
 .text.sbrk_aligned
                0x000000000800cc0c       0x40 c:/st/stm32cubeide_1.11.0/stm32cubeide/plugins/com.st.stm32cube.ide.mcu.externaltools.gnu-tools-for-stm32.10.3-2021.10.win32_1.0.100.202210260954/tools/bin/../lib/gcc/arm-none-eabi/10.3.1/../../../../arm-none-eabi/lib/thumb/v7e-m+fp/hard\libc_nano.a(lib_a-nano-mallocr.o)
 .text._malloc_r
                0x000000000800cc4c       0xe8 c:/st/stm32cubeide_1.11.0/stm32cubeide/plugins/com.st.stm32cube.ide.mcu.externaltools.gnu-tools-for-stm32.10.3-2021.10.win32_1.0.100.202210260954/tools/bin/../lib/gcc/arm-none-eabi/10.3.1/../../../../arm-none-eabi/lib/thumb/v7e-m+fp/hard\libc_nano.a(lib_a-nano-mallocr.o)
                0x000000000800cc4c                _malloc_r
 .text.__sfputc_r
                0x000000000800cd34       0x2e c:/st/stm32cubeide_1.11.0/stm32cubeide/plugins/com.st.stm32cube.ide.mcu.externaltools.gnu-tools-for-stm32.10.3-2021.10.win32_1.0.100.202210260954/tools/bin/../lib/gcc/arm-none-eabi/10.3.1/../../../../arm-none-eabi/lib/thumb/v7e-m+fp/hard\libc_nano.a(lib_a-nano-vfprintf.o)
 .text.__sfputs_r
                0x000000000800cd62       0x24 c:/st/stm32cubeide_1.11.0/stm32cubeide/plugins/com.st.stm32cube.ide.mcu.externaltools.gnu-tools-for-stm32.10.3-2021.10.win32_1.0.100.202210260954/tools/bin/../lib/gcc/arm-none-eabi/10.3.1/../../../../arm-none-eabi/lib/thumb/v7e-m+fp/hard\libc_nano.a(lib_a-nano-vfprintf.o)
                0x000000000800cd62                __sfputs_r
 *fill*         0x000000000800cd86        0x2 
 .text._vfprintf_r
                0x000000000800cd88      0x260 c:/st/stm32cubeide_1.11.0/stm32cubeide/plugins/com.st.stm32cube.ide.mcu.externaltools.gnu-tools-for-stm32.10.3-2021.10.win32_1.0.100.202210260954/tools/bin/../lib/gcc/arm-none-eabi/10.3.1/../../../../arm-none-eabi/lib/thumb/v7e-m+fp/hard\libc_nano.a(lib_a-nano-vfprintf.o)
                0x000000000800cd88                _vfprintf_r
                0x000000000800cd88                _vfiprintf_r
 .text._printf_common
                0x000000000800cfe8       0xda c:/st/stm32cubeide_1.11.0/stm32cubeide/plugins/com.st.stm32cube.ide.mcu.externaltools.gnu-tools-for-stm32.10.3-2021.10.win32_1.0.100.202210260954/tools/bin/../lib/gcc/arm-none-eabi/10.3.1/../../../../arm-none-eabi/lib/thumb/v7e-m+fp/hard\libc_nano.a(lib_a-nano-vfprintf_i.o)
                0x000000000800cfe8                _printf_common
 *fill*         0x000000000800d0c2        0x2 
 .text._printf_i
                0x000000000800d0c4      0x24c c:/st/stm32cubeide_1.11.0/stm32cubeide/plugins/com.st.stm32cube.ide.mcu.externaltools.gnu-tools-for-stm32.10.3-2021.10.win32_1.0.100.202210260954/tools/bin/../lib/gcc/arm-none-eabi/10.3.1/../../../../arm-none-eabi/lib/thumb/v7e-m+fp/hard\libc_nano.a(lib_a-nano-vfprintf_i.o)
                0x000000000800d0c4                _printf_i
 .text._sbrk_r  0x000000000800d310       0x20 c:/st/stm32cubeide_1.11.0/stm32cubeide/plugins/com.st.stm32cube.ide.mcu.externaltools.gnu-tools-for-stm32.10.3-2021.10.win32_1.0.100.202210260954/tools/bin/../lib/gcc/arm-none-eabi/10.3.1/../../../../arm-none-eabi/lib/thumb/v7e-m+fp/hard\libc_nano.a(lib_a-sbrkr.o)
                0x000000000800d310                _sbrk_r
 .text.__sread  0x000000000800d330       0x22 c:/st/stm32cubeide_1.11.0/stm32cubeide/plugins/com.st.stm32cube.ide.mcu.externaltools.gnu-tools-for-stm32.10.3-2021.10.win32_1.0.100.202210260954/tools/bin/../lib/gcc/arm-none-eabi/10.3.1/../../../../arm-none-eabi/lib/thumb/v7e-m+fp/hard\libc_nano.a(lib_a-stdio.o)
                0x000000000800d330                __sread
 .text.__swrite
                0x000000000800d352       0x38 c:/st/stm32cubeide_1.11.0/stm32cubeide/plugins/com.st.stm32cube.ide.mcu.externaltools.gnu-tools-for-stm32.10.3-2021.10.win32_1.0.100.202210260954/tools/bin/../lib/gcc/arm-none-eabi/10.3.1/../../../../arm-none-eabi/lib/thumb/v7e-m+fp/hard\libc_nano.a(lib_a-stdio.o)
                0x000000000800d352                __swrite
 .text.__sseek  0x000000000800d38a       0x24 c:/st/stm32cubeide_1.11.0/stm32cubeide/plugins/com.st.stm32cube.ide.mcu.externaltools.gnu-tools-for-stm32.10.3-2021.10.win32_1.0.100.202210260954/tools/bin/../lib/gcc/arm-none-eabi/10.3.1/../../../../arm-none-eabi/lib/thumb/v7e-m+fp/hard\libc_nano.a(lib_a-stdio.o)
                0x000000000800d38a                __sseek
 .text.__sclose
                0x000000000800d3ae        0x8 c:/st/stm32cubeide_1.11.0/stm32cubeide/plugins/com.st.stm32cube.ide.mcu.externaltools.gnu-tools-for-stm32.10.3-2021.10.win32_1.0.100.202210260954/tools/bin/../lib/gcc/arm-none-eabi/10.3.1/../../../../arm-none-eabi/lib/thumb/v7e-m+fp/hard\libc_nano.a(lib_a-stdio.o)
                0x000000000800d3ae                __sclose
 *fill*         0x000000000800d3b6        0x2 
 .text._write_r
                0x000000000800d3b8       0x24 c:/st/stm32cubeide_1.11.0/stm32cubeide/plugins/com.st.stm32cube.ide.mcu.externaltools.gnu-tools-for-stm32.10.3-2021.10.win32_1.0.100.202210260954/tools/bin/../lib/gcc/arm-none-eabi/10.3.1/../../../../arm-none-eabi/lib/thumb/v7e-m+fp/hard\libc_nano.a(lib_a-writer.o)
                0x000000000800d3b8                _write_r
 .text._close_r
                0x000000000800d3dc       0x20 c:/st/stm32cubeide_1.11.0/stm32cubeide/plugins/com.st.stm32cube.ide.mcu.externaltools.gnu-tools-for-stm32.10.3-2021.10.win32_1.0.100.202210260954/tools/bin/../lib/gcc/arm-none-eabi/10.3.1/../../../../arm-none-eabi/lib/thumb/v7e-m+fp/hard\libc_nano.a(lib_a-closer.o)
                0x000000000800d3dc                _close_r
 .text._fstat_r
                0x000000000800d3fc       0x24 c:/st/stm32cubeide_1.11.0/stm32cubeide/plugins/com.st.stm32cube.ide.mcu.externaltools.gnu-tools-for-stm32.10.3-2021.10.win32_1.0.100.202210260954/tools/bin/../lib/gcc/arm-none-eabi/10.3.1/../../../../arm-none-eabi/lib/thumb/v7e-m+fp/hard\libc_nano.a(lib_a-fstatr.o)
                0x000000000800d3fc                _fstat_r
 .text._isatty_r
                0x000000000800d420       0x20 c:/st/stm32cubeide_1.11.0/stm32cubeide/plugins/com.st.stm32cube.ide.mcu.externaltools.gnu-tools-for-stm32.10.3-2021.10.win32_1.0.100.202210260954/tools/bin/../lib/gcc/arm-none-eabi/10.3.1/../../../../arm-none-eabi/lib/thumb/v7e-m+fp/hard\libc_nano.a(lib_a-isattyr.o)
                0x000000000800d420                _isatty_r
 .text._lseek_r
                0x000000000800d440       0x24 c:/st/stm32cubeide_1.11.0/stm32cubeide/plugins/com.st.stm32cube.ide.mcu.externaltools.gnu-tools-for-stm32.10.3-2021.10.win32_1.0.100.202210260954/tools/bin/../lib/gcc/arm-none-eabi/10.3.1/../../../../arm-none-eabi/lib/thumb/v7e-m+fp/hard\libc_nano.a(lib_a-lseekr.o)
                0x000000000800d440                _lseek_r
 .text.__malloc_lock
                0x000000000800d464        0xc c:/st/stm32cubeide_1.11.0/stm32cubeide/plugins/com.st.stm32cube.ide.mcu.externaltools.gnu-tools-for-stm32.10.3-2021.10.win32_1.0.100.202210260954/tools/bin/../lib/gcc/arm-none-eabi/10.3.1/../../../../arm-none-eabi/lib/thumb/v7e-m+fp/hard\libc_nano.a(lib_a-mlock.o)
                0x000000000800d464                __malloc_lock
 .text.__malloc_unlock
                0x000000000800d470        0xc c:/st/stm32cubeide_1.11.0/stm32cubeide/plugins/com.st.stm32cube.ide.mcu.externaltools.gnu-tools-for-stm32.10.3-2021.10.win32_1.0.100.202210260954/tools/bin/../lib/gcc/arm-none-eabi/10.3.1/../../../../arm-none-eabi/lib/thumb/v7e-m+fp/hard\libc_nano.a(lib_a-mlock.o)
                0x000000000800d470                __malloc_unlock
 .text._read_r  0x000000000800d47c       0x24 c:/st/stm32cubeide_1.11.0/stm32cubeide/plugins/com.st.stm32cube.ide.mcu.externaltools.gnu-tools-for-stm32.10.3-2021.10.win32_1.0.100.202210260954/tools/bin/../lib/gcc/arm-none-eabi/10.3.1/../../../../arm-none-eabi/lib/thumb/v7e-m+fp/hard\libc_nano.a(lib_a-readr.o)
                0x000000000800d47c                _read_r
 .text.cosf     0x000000000800d4a0       0x88 c:/st/stm32cubeide_1.11.0/stm32cubeide/plugins/com.st.stm32cube.ide.mcu.externaltools.gnu-tools-for-stm32.10.3-2021.10.win32_1.0.100.202210260954/tools/bin/../lib/gcc/arm-none-eabi/10.3.1/../../../../arm-none-eabi/lib/thumb/v7e-m+fp/hard\libm.a(lib_a-sf_cos.o)
                0x000000000800d4a0                cosf
 .text.sinf     0x000000000800d528       0x8c c:/st/stm32cubeide_1.11.0/stm32cubeide/plugins/com.st.stm32cube.ide.mcu.externaltools.gnu-tools-for-stm32.10.3-2021.10.win32_1.0.100.202210260954/tools/bin/../lib/gcc/arm-none-eabi/10.3.1/../../../../arm-none-eabi/lib/thumb/v7e-m+fp/hard\libm.a(lib_a-sf_sin.o)
                0x000000000800d528                sinf
 .text.log2f    0x000000000800d5b4       0x14 c:/st/stm32cubeide_1.11.0/stm32cubeide/plugins/com.st.stm32cube.ide.mcu.externaltools.gnu-tools-for-stm32.10.3-2021.10.win32_1.0.100.202210260954/tools/bin/../lib/gcc/arm-none-eabi/10.3.1/../../../../arm-none-eabi/lib/thumb/v7e-m+fp/hard\libm.a(lib_a-wf_log2.o)
                0x000000000800d5b4                log2f
 .text.__ieee754_rem_pio2f
                0x000000000800d5c8      0x278 c:/st/stm32cubeide_1.11.0/stm32cubeide/plugins/com.st.stm32cube.ide.mcu.externaltools.gnu-tools-for-stm32.10.3-2021.10.win32_1.0.100.202210260954/tools/bin/../lib/gcc/arm-none-eabi/10.3.1/../../../../arm-none-eabi/lib/thumb/v7e-m+fp/hard\libm.a(lib_a-ef_rem_pio2.o)
                0x000000000800d5c8                __ieee754_rem_pio2f
 .text.__kernel_cosf
                0x000000000800d840       0xc0 c:/st/stm32cubeide_1.11.0/stm32cubeide/plugins/com.st.stm32cube.ide.mcu.externaltools.gnu-tools-for-stm32.10.3-2021.10.win32_1.0.100.202210260954/tools/bin/../lib/gcc/arm-none-eabi/10.3.1/../../../../arm-none-eabi/lib/thumb/v7e-m+fp/hard\libm.a(lib_a-kf_cos.o)
                0x000000000800d840                __kernel_cosf
 .text.__kernel_rem_pio2f
                0x000000000800d900      0x4ec c:/st/stm32cubeide_1.11.0/stm32cubeide/plugins/com.st.stm32cube.ide.mcu.externaltools.gnu-tools-for-stm32.10.3-2021.10.win32_1.0.100.202210260954/tools/bin/../lib/gcc/arm-none-eabi/10.3.1/../../../../arm-none-eabi/lib/thumb/v7e-m+fp/hard\libm.a(lib_a-kf_rem_pio2.o)
                0x000000000800d900                __kernel_rem_pio2f
 .text.__kernel_sinf
                0x000000000800ddec       0x90 c:/st/stm32cubeide_1.11.0/stm32cubeide/plugins/com.st.stm32cube.ide.mcu.externaltools.gnu-tools-for-stm32.10.3-2021.10.win32_1.0.100.202210260954/tools/bin/../lib/gcc/arm-none-eabi/10.3.1/../../../../arm-none-eabi/lib/thumb/v7e-m+fp/hard\libm.a(lib_a-kf_sin.o)
                0x000000000800ddec                __kernel_sinf
 .text.fabsf    0x000000000800de7c        0xe c:/st/stm32cubeide_1.11.0/stm32cubeide/plugins/com.st.stm32cube.ide.mcu.externaltools.gnu-tools-for-stm32.10.3-2021.10.win32_1.0.100.202210260954/tools/bin/../lib/gcc/arm-none-eabi/10.3.1/../../../../arm-none-eabi/lib/thumb/v7e-m+fp/hard\libm.a(lib_a-sf_fabs.o)
                0x000000000800de7c                fabsf
 *fill*         0x000000000800de8a        0x2 
 .text.floorf   0x000000000800de8c       0x84 c:/st/stm32cubeide_1.11.0/stm32cubeide/plugins/com.st.stm32cube.ide.mcu.externaltools.gnu-tools-for-stm32.10.3-2021.10.win32_1.0.100.202210260954/tools/bin/../lib/gcc/arm-none-eabi/10.3.1/../../../../arm-none-eabi/lib/thumb/v7e-m+fp/hard\libm.a(lib_a-sf_floor.o)
                0x000000000800de8c                floorf
 .text.scalbnf  0x000000000800df10       0xe4 c:/st/stm32cubeide_1.11.0/stm32cubeide/plugins/com.st.stm32cube.ide.mcu.externaltools.gnu-tools-for-stm32.10.3-2021.10.win32_1.0.100.202210260954/tools/bin/../lib/gcc/arm-none-eabi/10.3.1/../../../../arm-none-eabi/lib/thumb/v7e-m+fp/hard\libm.a(lib_a-sf_scalbn.o)
                0x000000000800df10                scalbnf
 .text.logf     0x000000000800dff4       0x5c c:/st/stm32cubeide_1.11.0/stm32cubeide/plugins/com.st.stm32cube.ide.mcu.externaltools.gnu-tools-for-stm32.10.3-2021.10.win32_1.0.100.202210260954/tools/bin/../lib/gcc/arm-none-eabi/10.3.1/../../../../arm-none-eabi/lib/thumb/v7e-m+fp/hard\libm.a(lib_a-wf_log.o)
                0x000000000800dff4                logf
 .text.__ieee754_logf
                0x000000000800e050      0x1e0 c:/st/stm32cubeide_1.11.0/stm32cubeide/plugins/com.st.stm32cube.ide.mcu.externaltools.gnu-tools-for-stm32.10.3-2021.10.win32_1.0.100.202210260954/tools/bin/../lib/gcc/arm-none-eabi/10.3.1/../../../../arm-none-eabi/lib/thumb/v7e-m+fp/hard\libm.a(lib_a-ef_log.o)
                0x000000000800e050                __ieee754_logf
 .text.nanf     0x000000000800e230        0xc c:/st/stm32cubeide_1.11.0/stm32cubeide/plugins/com.st.stm32cube.ide.mcu.externaltools.gnu-tools-for-stm32.10.3-2021.10.win32_1.0.100.202210260954/tools/bin/../lib/gcc/arm-none-eabi/10.3.1/../../../../arm-none-eabi/lib/thumb/v7e-m+fp/hard\libm.a(lib_a-sf_nan.o)
                0x000000000800e230                nanf
 *(.glue_7)
 .glue_7        0x000000000800e23c        0x0 linker stubs
 *(.glue_7t)
 .glue_7t       0x000000000800e23c        0x0 linker stubs
 *(.eh_frame)
 .eh_frame      0x000000000800e23c        0x0 c:/st/stm32cubeide_1.11.0/stm32cubeide/plugins/com.st.stm32cube.ide.mcu.externaltools.gnu-tools-for-stm32.10.3-2021.10.win32_1.0.100.202210260954/tools/bin/../lib/gcc/arm-none-eabi/10.3.1/thumb/v7e-m+fp/hard/crtbegin.o
 *(.init)
 .init          0x000000000800e23c        0x4 c:/st/stm32cubeide_1.11.0/stm32cubeide/plugins/com.st.stm32cube.ide.mcu.externaltools.gnu-tools-for-stm32.10.3-2021.10.win32_1.0.100.202210260954/tools/bin/../lib/gcc/arm-none-eabi/10.3.1/thumb/v7e-m+fp/hard/crti.o
                0x000000000800e23c                _init
 .init          0x000000000800e240        0x8 c:/st/stm32cubeide_1.11.0/stm32cubeide/plugins/com.st.stm32cube.ide.mcu.externaltools.gnu-tools-for-stm32.10.3-2021.10.win32_1.0.100.202210260954/tools/bin/../lib/gcc/arm-none-eabi/10.3.1/thumb/v7e-m+fp/hard/crtn.o
 *(.fini)
 .fini          0x000000000800e248        0x4 c:/st/stm32cubeide_1.11.0/stm32cubeide/plugins/com.st.stm32cube.ide.mcu.externaltools.gnu-tools-for-stm32.10.3-2021.10.win32_1.0.100.202210260954/tools/bin/../lib/gcc/arm-none-eabi/10.3.1/thumb/v7e-m+fp/hard/crti.o
                0x000000000800e248                _fini
 .fini          0x000000000800e24c        0x8 c:/st/stm32cubeide_1.11.0/stm32cubeide/plugins/com.st.stm32cube.ide.mcu.externaltools.gnu-tools-for-stm32.10.3-2021.10.win32_1.0.100.202210260954/tools/bin/../lib/gcc/arm-none-eabi/10.3.1/thumb/v7e-m+fp/hard/crtn.o
                0x000000000800e254                . = ALIGN (0x4)
                0x000000000800e254                _etext = .

.vfp11_veneer   0x000000000800e254        0x0
 .vfp11_veneer  0x000000000800e254        0x0 linker stubs

.v4_bx          0x000000000800e254        0x0
 .v4_bx         0x000000000800e254        0x0 linker stubs

.iplt           0x000000000800e254        0x0
 .iplt          0x000000000800e254        0x0 c:/st/stm32cubeide_1.11.0/stm32cubeide/plugins/com.st.stm32cube.ide.mcu.externaltools.gnu-tools-for-stm32.10.3-2021.10.win32_1.0.100.202210260954/tools/bin/../lib/gcc/arm-none-eabi/10.3.1/thumb/v7e-m+fp/hard/crtbegin.o

.rodata         0x000000000800e254     0x1f24
                0x000000000800e254                . = ALIGN (0x4)
 *(.rodata)
 .rodata        0x000000000800e254      0x381 ./Core/Src/main.o
 *fill*         0x000000000800e5d5        0x3 
 .rodata        0x000000000800e5d8      0x2e5 ./Core/Src/note.o
 *fill*         0x000000000800e8bd        0x3 
 .rodata        0x000000000800e8c0       0x5e ./Core/Src/usbd_conf.o
 *fill*         0x000000000800e91e        0x2 
 .rodata        0x000000000800e920       0x3b ./Core/Src/usbd_desc.o
 *fill*         0x000000000800e95b        0x1 
 .rodata        0x000000000800e95c       0x43 ./Core/Src/usbd_midi.o
 *fill*         0x000000000800e99f        0x1 
 .rodata        0x000000000800e9a0       0x30 ./Core/Src/wavetable.o
 *(.rodata*)
 .rodata.do3_attack
                0x000000000800e9d0      0x2b4 ./Core/Src/accordion_tables.o
                0x000000000800e9d0                do3_attack
 .rodata.do3    0x000000000800ec84      0x29c ./Core/Src/accordion_tables.o
                0x000000000800ec84                do3
 .rodata.sol3_attack
                0x000000000800ef20      0x1ce ./Core/Src/accordion_tables.o
                0x000000000800ef20                sol3_attack
 *fill*         0x000000000800f0ee        0x2 
 .rodata.sol3   0x000000000800f0f0      0x1be ./Core/Src/accordion_tables.o
                0x000000000800f0f0                sol3
 *fill*         0x000000000800f2ae        0x2 
 .rodata.do4_attack
                0x000000000800f2b0      0x152 ./Core/Src/accordion_tables.o
                0x000000000800f2b0                do4_attack
 *fill*         0x000000000800f402        0x2 
 .rodata.do4    0x000000000800f404       0xe2 ./Core/Src/accordion_tables.o
                0x000000000800f404                do4
 *fill*         0x000000000800f4e6        0x2 
 .rodata.sol4_attack
                0x000000000800f4e8       0xe2 ./Core/Src/accordion_tables.o
                0x000000000800f4e8                sol4_attack
 *fill*         0x000000000800f5ca        0x2 
 .rodata.sol4   0x000000000800f5cc       0xe0 ./Core/Src/accordion_tables.o
                0x000000000800f5cc                sol4
 .rodata.do5_attack
                0x000000000800f6ac       0xbc ./Core/Src/accordion_tables.o
                0x000000000800f6ac                do5_attack
 .rodata.do5    0x000000000800f768       0xa8 ./Core/Src/accordion_tables.o
                0x000000000800f768                do5
 .rodata.sol5_attack
                0x000000000800f810       0x70 ./Core/Src/accordion_tables.o
                0x000000000800f810                sol5_attack
 .rodata.sol5   0x000000000800f880       0x70 ./Core/Src/accordion_tables.o
                0x000000000800f880                sol5
 .rodata.note_table
                0x000000000800f8f0      0x3c0 ./Core/Src/note.o
 .rodata.AHBPrescTable
                0x000000000800fcb0       0x10 ./Core/Src/system_stm32f4xx.o
                0x000000000800fcb0                AHBPrescTable
 .rodata.APBPrescTable
                0x000000000800fcc0        0x8 ./Core/Src/system_stm32f4xx.o
                0x000000000800fcc0                APBPrescTable
 .rodata.bl_max_harmonic
                0x000000000800fcc8       0x10 ./Core/Src/wavetable.o
 .rodata.source_sizes.1
                0x000000000800fcd8       0x18 ./Core/Src/wavetable.o
 .rodata.source_sizes_attack.0
                0x000000000800fcf0       0x18 ./Core/Src/wavetable.o
 .rodata.flagBitshiftOffset.0
                0x000000000800fd08        0x8 ./Drivers/STM32F4xx_HAL_Driver/Src/stm32f4xx_hal_dma.o
 .rodata._global_impure_ptr
                0x000000000800fd10        0x4 c:/st/stm32cubeide_1.11.0/stm32cubeide/plugins/com.st.stm32cube.ide.mcu.externaltools.gnu-tools-for-stm32.10.3-2021.10.win32_1.0.100.202210260954/tools/bin/../lib/gcc/arm-none-eabi/10.3.1/../../../../arm-none-eabi/lib/thumb/v7e-m+fp/hard\libc_nano.a(lib_a-impure.o)
                0x000000000800fd10                _global_impure_ptr
 .rodata.__sf_fake_stderr
                0x000000000800fd14       0x20 c:/st/stm32cubeide_1.11.0/stm32cubeide/plugins/com.st.stm32cube.ide.mcu.externaltools.gnu-tools-for-stm32.10.3-2021.10.win32_1.0.100.202210260954/tools/bin/../lib/gcc/arm-none-eabi/10.3.1/../../../../arm-none-eabi/lib/thumb/v7e-m+fp/hard\libc_nano.a(lib_a-findfp.o)
                0x000000000800fd14                __sf_fake_stderr
 .rodata.__sf_fake_stdin
                0x000000000800fd34       0x20 c:/st/stm32cubeide_1.11.0/stm32cubeide/plugins/com.st.stm32cube.ide.mcu.externaltools.gnu-tools-for-stm32.10.3-2021.10.win32_1.0.100.202210260954/tools/bin/../lib/gcc/arm-none-eabi/10.3.1/../../../../arm-none-eabi/lib/thumb/v7e-m+fp/hard\libc_nano.a(lib_a-findfp.o)
                0x000000000800fd34                __sf_fake_stdin
 .rodata.__sf_fake_stdout
                0x000000000800fd54       0x20 c:/st/stm32cubeide_1.11.0/stm32cubeide/plugins/com.st.stm32cube.ide.mcu.externaltools.gnu-tools-for-stm32.10.3-2021.10.win32_1.0.100.202210260954/tools/bin/../lib/gcc/arm-none-eabi/10.3.1/../../../../arm-none-eabi/lib/thumb/v7e-m+fp/hard\libc_nano.a(lib_a-findfp.o)
                0x000000000800fd54                __sf_fake_stdout
 .rodata._vfprintf_r.str1.1
                0x000000000800fd74       0x11 c:/st/stm32cubeide_1.11.0/stm32cubeide/plugins/com.st.stm32cube.ide.mcu.externaltools.gnu-tools-for-stm32.10.3-2021.10.win32_1.0.100.202210260954/tools/bin/../lib/gcc/arm-none-eabi/10.3.1/../../../../arm-none-eabi/lib/thumb/v7e-m+fp/hard\libc_nano.a(lib_a-nano-vfprintf.o)
 .rodata._printf_i.str1.1
                0x000000000800fd85       0x22 c:/st/stm32cubeide_1.11.0/stm32cubeide/plugins/com.st.stm32cube.ide.mcu.externaltools.gnu-tools-for-stm32.10.3-2021.10.win32_1.0.100.202210260954/tools/bin/../lib/gcc/arm-none-eabi/10.3.1/../../../../arm-none-eabi/lib/thumb/v7e-m+fp/hard\libc_nano.a(lib_a-nano-vfprintf_i.o)
 *fill*         0x000000000800fda7        0x1 
 .rodata.npio2_hw
                0x000000000800fda8       0x80 c:/st/stm32cubeide_1.11.0/stm32cubeide/plugins/com.st.stm32cube.ide.mcu.externaltools.gnu-tools-for-stm32.10.3-2021.10.win32_1.0.100.202210260954/tools/bin/../lib/gcc/arm-none-eabi/10.3.1/../../../../arm-none-eabi/lib/thumb/v7e-m+fp/hard\libm.a(lib_a-ef_rem_pio2.o)
 .rodata.two_over_pi
                0x000000000800fe28      0x318 c:/st/stm32cubeide_1.11.0/stm32cubeide/plugins/com.st.stm32cube.ide.mcu.externaltools.gnu-tools-for-stm32.10.3-2021.10.win32_1.0.100.202210260954/tools/bin/../lib/gcc/arm-none-eabi/10.3.1/../../../../arm-none-eabi/lib/thumb/v7e-m+fp/hard\libm.a(lib_a-ef_rem_pio2.o)
 .rodata.PIo2   0x0000000008010140       0x2c c:/st/stm32cubeide_1.11.0/stm32cubeide/plugins/com.st.stm32cube.ide.mcu.externaltools.gnu-tools-for-stm32.10.3-2021.10.win32_1.0.100.202210260954/tools/bin/../lib/gcc/arm-none-eabi/10.3.1/../../../../arm-none-eabi/lib/thumb/v7e-m+fp/hard\libm.a(lib_a-kf_rem_pio2.o)
 .rodata.init_jk
                0x000000000801016c        0xc c:/st/stm32cubeide_1.11.0/stm32cubeide/plugins/com.st.stm32cube.ide.mcu.externaltools.gnu-tools-for-stm32.10.3-2021.10.win32_1.0.100.202210260954/tools/bin/../lib/gcc/arm-none-eabi/10.3.1/../../../../arm-none-eabi/lib/thumb/v7e-m+fp/hard\libm.a(lib_a-kf_rem_pio2.o)
 .rodata.logf.str1.1
                0x0000000008010178       0x22 c:/st/stm32cubeide_1.11.0/stm32cubeide/plugins/com.st.stm32cube.ide.mcu.externaltools.gnu-tools-for-stm32.10.3-2021.10.win32_1.0.100.202210260954/tools/bin/../lib/gcc/arm-none-eabi/10.3.1/../../../../arm-none-eabi/lib/thumb/v7e-m+fp/hard\libm.a(lib_a-wf_log.o)
                                          0x1 (size before relaxing)
                0x000000000801019c                . = ALIGN (0x4)

.ARM.extab      0x0000000008010178        0x0
                0x0000000008010178                . = ALIGN (0x4)
 *(.ARM.extab* .gnu.linkonce.armextab.*)
                0x0000000008010178                . = ALIGN (0x4)

.ARM            0x0000000008010178        0x8
                0x0000000008010178                . = ALIGN (0x4)
                0x0000000008010178                __exidx_start = .
 *(.ARM.exidx*)
 .ARM.exidx     0x0000000008010178        0x8 c:/st/stm32cubeide_1.11.0/stm32cubeide/plugins/com.st.stm32cube.ide.mcu.externaltools.gnu-tools-for-stm32.10.3-2021.10.win32_1.0.100.202210260954/tools/bin/../lib/gcc/arm-none-eabi/10.3.1/thumb/v7e-m+fp/hard\libgcc.a(_udivmoddi4.o)
                0x0000000008010180                __exidx_end = .
                0x0000000008010180                . = ALIGN (0x4)

.rel.dyn        0x0000000008010180        0x0
 .rel.iplt      0x0000000008010180        0x0 c:/st/stm32cubeide_1.11.0/stm32cubeide/plugins/com.st.stm32cube.ide.mcu.externaltools.gnu-tools-for-stm32.10.3-2021.10.win32_1.0.100.202210260954/tools/bin/../lib/gcc/arm-none-eabi/10.3.1/thumb/v7e-m+fp/hard/crtbegin.o

.preinit_array  0x0000000008010180        0x0
                0x0000000008010180                . = ALIGN (0x4)
                0x0000000008010180                PROVIDE (__preinit_array_start = .)
 *(.preinit_array*)
                0x0000000008010180                PROVIDE (__preinit_array_end = .)
                0x0000000008010180                . = ALIGN (0x4)

.init_array     0x0000000008010180        0x4
                0x0000000008010180                . = ALIGN (0x4)
                0x0000000008010180                PROVIDE (__init_array_start = .)
 *(SORT_BY_NAME(.init_array.*))
 *(.init_array*)
 .init_array    0x0000000008010180        0x4 c:/st/stm32cubeide_1.11.0/stm32cubeide/plugins/com.st.stm32cube.ide.mcu.externaltools.gnu-tools-for-stm32.10.3-2021.10.win32_1.0.100.202210260954/tools/bin/../lib/gcc/arm-none-eabi/10.3.1/thumb/v7e-m+fp/hard/crtbegin.o
                0x0000000008010184                PROVIDE (__init_array_end = .)
                0x0000000008010184                . = ALIGN (0x4)

.fini_array     0x0000000008010184        0x4
                0x0000000008010184                . = ALIGN (0x4)
                [!provide]                        PROVIDE (__fini_array_start = .)
 *(SORT_BY_NAME(.fini_array.*))
 *(.fini_array*)
 .fini_array    0x0000000008010184        0x4 c:/st/stm32cubeide_1.11.0/stm32cubeide/plugins/com.st.stm32cube.ide.mcu.externaltools.gnu-tools-for-stm32.10.3-2021.10.win32_1.0.100.202210260954/tools/bin/../lib/gcc/arm-none-eabi/10.3.1/thumb/v7e-m+fp/hard/crtbegin.o
                [!provide]                        PROVIDE (__fini_array_end = .)
                0x0000000008010188                . = ALIGN (0x4)
                0x0000000008010188                _sidata = LOADADDR (.data)

.data           0x0000000020000000      0x84c load address 0x0000000008010188
                0x0000000020000000                . = ALIGN (0x4)
                0x0000000020000000                _sdata = .
 *(.data)
 *(.data*)
 .data.pressure_rest
                0x0000000020000000        0x2 ./Core/Src/main.o
 *fill*         0x0000000020000002        0x2 
 .data.buttons  0x0000000020000004      0x6e4 ./Core/Src/main.o
                0x0000000020000004                buttons
 .data.SystemCoreClock
                0x00000000200006e8        0x4 ./Core/Src/system_stm32f4xx.o
                0x00000000200006e8                SystemCoreClock
 .data.MIDI_Desc
                0x00000000200006ec       0x1c ./Core/Src/usbd_desc.o
                0x00000000200006ec                MIDI_Desc
 .data.USBD_DeviceDesc
                0x0000000020000708       0x12 ./Core/Src/usbd_desc.o
                0x0000000020000708                USBD_DeviceDesc
 *fill*         0x000000002000071a        0x2 
 .data.USBD_LangIDDesc
                0x000000002000071c        0x4 ./Core/Src/usbd_desc.o
                0x000000002000071c                USBD_LangIDDesc
 .data.USBD_StringSerial
                0x0000000020000720       0x1a ./Core/Src/usbd_desc.o
                0x0000000020000720                USBD_StringSerial
 *fill*         0x000000002000073a        0x2 
 .data.USBD_MIDI
                0x000000002000073c       0x38 ./Core/Src/usbd_midi.o
                0x000000002000073c                USBD_MIDI
 .data.USBD_MIDI_CfgDesc
                0x0000000020000774       0x60 ./Core/Src/usbd_midi.o
 .data.USBD_MIDI_DeviceQualifierDesc
                0x00000000200007d4        0xa ./Core/Src/usbd_midi.o
 *fill*         0x00000000200007de        0x2 
 .data.uwTickPrio
                0x00000000200007e0        0x4 ./Drivers/STM32F4xx_HAL_Driver/Src/stm32f4xx_hal.o
                0x00000000200007e0                uwTickPrio
 .data.uwTickFreq
                0x00000000200007e4        0x1 ./Drivers/STM32F4xx_HAL_Driver/Src/stm32f4xx_hal.o
                0x00000000200007e4                uwTickFreq