../Core/Src/main.c:101:13:pressure_update_fixed_1khz	16	static
../Core/Src/main.c:109:5:toBinary	24	static
../Core/Src/main.c:128:13:UI_ScanAndDispatch	16	static
../Core/Src/main.c:152:6:HAL_I2S_TxHalfCpltCallback	16	static
../Core/Src/main.c:158:6:HAL_I2S_TxCpltCallback	16	static
../Core/Src/main.c:164:6:render_audio_block	24	static
../Core/Src/main.c:182:5:main	16	static
../Core/Src/main.c:248:6:SystemClock_Config	88	static
../Core/Src/main.c:296:13:MX_ADC1_Init	24	static
../Core/Src/main.c:348:13:MX_I2C1_Init	8	static
../Core/Src/main.c:382:13:MX_I2S1_Init	8	static
../Core/Src/main.c:416:13:MX_USB_OTG_FS_PCD_Init	8	static
../Core/Src/main.c:449:13:MX_DMA_Init	16	static
../Core/Src/main.c:467:13:MX_GPIO_Init	48	static
../Core/Src/main.c:527:6:Error_Handler	4	static,ignoring_inline_asm
