../Core/Src/main.c:348:13:Update_Bellows_Mode	16	static
../Core/Src/main.c:372:6:Synth_Init	16	static
../Core/Src/main.c:386:6:NoteOn	40	static
../Core/Src/main.c:496:6:NoteOff	24	static
../Core/Src/main.c:513:14:Envelope_Update	16	static
../Core/Src/main.c:565:13:MCP_Read_All	8	static
../Core/Src/main.c:598:16:MCP_Index	16	static
../Core/Src/main.c:627:6:HAL_GPIO_EXTI_Callback	16	static
../Core/Src/main.c:649:13:I2C_ScanBus	16	static
../Core/Src/main.c:669:13:MCP_Init_WithIRQ	56	static
../Core/Src/main.c:695:13:MCP_Read_Dirty	48	static
../Core/Src/main.c:713:16:IsNoteHeldByOtherButton	32	static
../Core/Src/main.c:735:16:NoteNameToMidi	24	static
../Core/Src/main.c:755:14:Bellows_Gain	24	static
../Core/Src/main.c:776:13:MIDI_NoteEvent	40	static
../Core/Src/main.c:799:13:Dispatch_Buttons	152	static
../Core/Src/main.c:982:13:UI_ScanAndDispatch	8	static
../Core/Src/main.c:990:12:get_wave_index	16	static
../Core/Src/main.c:1002:12:get_bl_index	16	static
../Core/Src/main.c:1010:13:Voice_SetWave	24	static
../Core/Src/main.c:1035:6:render_audio_block	112	static
../Core/Src/main.c:1138:20:Render_Audio_Timed	24	static
../Core/Src/main.c:1147:5:__io_putchar	16	static
../Core/Src/main.c:1162:6:HAL_ADC_ConvCpltCallback	24	static
../Core/Src/main.c:1198:6:HAL_I2S_TxHalfCpltCallback	16	static
../Core/Src/main.c:1209:6:HAL_I2S_TxCpltCallback	16	static
../Core/Src/main.c:1226:5:main	64	static,ignoring_inline_asm
../Core/Src/main.c:1344:6:SystemClock_Config	112	static
../Core/Src/main.c:1440:13:MX_ADC1_Init	24	static
../Core/Src/main.c:1495:13:MX_USART2_UART_Init	8	static
../Core/Src/main.c:1516:13:MX_USB_DEVICE_Init	8	static
../Core/Src/main.c:1537:13:MX_I2C1_Init	8	static
../Core/Src/main.c:1571:13:MX_I2S1_Init	8	static
../Core/Src/main.c:1623:13:MX_DMA_Init	16	static
../Core/Src/main.c:1641:13:MX_GPIO_Init	48	static
../Core/Src/main.c:1711:6:Error_Handler	4	static,ignoring_inline_asm
