../Core/Src/main.c:319:13:Update_Bellows_Mode	16	static
../Core/Src/main.c:343:6:Synth_Init	16	static
../Core/Src/main.c:357:6:NoteOn	40	static
../Core/Src/main.c:455:6:NoteOff	24	static
../Core/Src/main.c:472:14:Envelope_Update	16	static
../Core/Src/main.c:525:13:MCP_Read_All	8	static
../Core/Src/main.c:558:16:MCP_Index	16	static
../Core/Src/main.c:587:6:HAL_GPIO_EXTI_Callback	16	static
../Core/Src/main.c:609:13:I2C_ScanBus	16	static
../Core/Src/main.c:629:13:MCP_Init_WithIRQ	56	static
../Core/Src/main.c:655:13:MCP_Read_Dirty	48	static
../Core/Src/main.c:673:16:IsNoteHeldByOtherButton	32	static
../Core/Src/main.c:695:16:NoteNameToMidi	24	static
../Core/Src/main.c:715:14:Bellows_Gain	24	static
../Core/Src/main.c:736:13:MIDI_NoteEvent	40	static
../Core/Src/main.c:759:13:Dispatch_Buttons	152	static
../Core/Src/main.c:942:13:UI_ScanAndDispatch	8	static
../Core/Src/main.c:950:12:get_wave_index	16	static
../Core/Src/main.c:962:12:get_bl_index	16	static
../Core/Src/main.c:970:13:Voice_SetWave	24	static
../Core/Src/main.c:988:6:render_audio_block	104	static
../Core/Src/main.c:1076:5:__io_putchar	16	static
../Core/Src/main.c:1091:6:HAL_ADC_ConvCpltCallback	24	static
../Core/Src/main.c:1127:6:HAL_I2S_TxHalfCpltCallback	16	static
../Core/Src/main.c:1138:6:HAL_I2S_TxCpltCallback	16	static
../Core/Src/main.c:1155:5:main	48	static,ignoring_inline_asm
../Core/Src/main.c:1264:6:SystemClock_Config	112	static
../Core/Src/main.c:1360:13:MX_ADC1_Init	24	static
../Core/Src/main.c:1415:13:MX_USART2_UART_Init	8	static
../Core/Src/main.c:1436:13:MX_USB_DEVICE_Init	8	static
../Core/Src/main.c:1457:13:MX_I2C1_Init	8	static
../Core/Src/main.c:1491:13:MX_I2S1_Init	8	static
../Core/Src/main.c:1543:13:MX_DMA_Init	16	static
../Core/Src/main.c:1561:13:MX_GPIO_Init	48	static
../Core/Src/main.c:1631:6:Error_Handler	4	static,ignoring_inline_asm
