../Core/Src/main.c:290:13:Update_Bellows_Mode	16	static
../Core/Src/main.c:314:6:Synth_Init	16	static
../Core/Src/main.c:328:6:NoteOn	40	static
../Core/Src/main.c:426:6:NoteOff	24	static
../Core/Src/main.c:443:14:Envelope_Update	16	static
../Core/Src/main.c:496:13:MCP_Read_All	8	static
../Core/Src/main.c:529:16:MCP_Index	16	static
../Core/Src/main.c:558:6:HAL_GPIO_EXTI_Callback	16	static
../Core/Src/main.c:580:13:I2C_ScanBus	16	static
../Core/Src/main.c:600:13:MCP_Init_WithIRQ	56	static
../Core/Src/main.c:626:13:MCP_Read_Dirty	48	static
../Core/Src/main.c:644:16:IsNoteHeldByOtherButton	32	static
../Core/Src/main.c:666:16:NoteNameToMidi	24	static
../Core/Src/main.c:683:13:MIDI_NoteEvent	32	static
../Core/Src/main.c:706:13:Dispatch_Buttons	72	static
../Core/Src/main.c:814:13:UI_ScanAndDispatch	8	static
../Core/Src/main.c:822:12:get_wave_index	16	static
../Core/Src/main.c:834:12:get_bl_index	16	static
../Core/Src/main.c:842:13:Voice_SetWave	24	static
../Core/Src/main.c:858:6:render_audio_block	72	static
../Core/Src/main.c:911:5:__io_putchar	16	static
../Core/Src/main.c:917:6:HAL_ADC_ConvCpltCallback	16	static
../Core/Src/main.c:925:6:HAL_I2S_TxHalfCpltCallback	16	static
../Core/Src/main.c:936:6:HAL_I2S_TxCpltCallback	16	static
../Core/Src/main.c:953:5:main	24	static,ignoring_inline_asm
../Core/Src/main.c:1049:6:SystemClock_Config	112	static
../Core/Src/main.c:1145:13:MX_ADC1_Init	24	static
../Core/Src/main.c:1200:13:MX_USART2_UART_Init	8	static
../Core/Src/main.c:1221:13:MX_USB_DEVICE_Init	8	static
../Core/Src/main.c:1242:13:MX_I2C1_Init	8	static
../Core/Src/main.c:1276:13:MX_I2S1_Init	8	static
../Core/Src/main.c:1328:13:MX_DMA_Init	16	static
../Core/Src/main.c:1346:13:MX_GPIO_Init	48	static
../Core/Src/main.c:1416:6:Error_Handler	4	static,ignoring_inline_asm
