../Core/Src/main.c:289:13:Update_Bellows_Mode	16	static
../Core/Src/main.c:313:6:Synth_Init	16	static
../Core/Src/main.c:327:6:NoteOn	40	static
../Core/Src/main.c:425:6:NoteOff	24	static
../Core/Src/main.c:442:14:Envelope_Update	16	static
../Core/Src/main.c:495:13:MCP_Read_All	8	static
../Core/Src/main.c:528:16:MCP_Index	16	static
../Core/Src/main.c:557:6:HAL_GPIO_EXTI_Callback	16	static
../Core/Src/main.c:579:13:I2C_ScanBus	16	static
../Core/Src/main.c:599:13:MCP_Init_WithIRQ	56	static
../Core/Src/main.c:625:13:MCP_Read_Dirty	48	static
../Core/Src/main.c:643:16:IsNoteHeldByOtherButton	32	static
../Core/Src/main.c:665:16:NoteNameToMidi	24	static
../Core/Src/main.c:682:13:MIDI_NoteEvent	32	static
../Core/Src/main.c:705:13:Dispatch_Buttons	72	static
../Core/Src/main.c:813:13:UI_ScanAndDispatch	8	static
../Core/Src/main.c:821:12:get_wave_index	16	static
../Core/Src/main.c:833:12:get_bl_index	16	static
../Core/Src/main.c:841:13:Voice_SetWave	24	static
../Core/Src/main.c:857:6:render_audio_block	48	static
../Core/Src/main.c:895:5:__io_putchar	16	static
../Core/Src/main.c:901:6:HAL_ADC_ConvCpltCallback	16	static
../Core/Src/main.c:909:6:HAL_I2S_TxHalfCpltCallback	16	static
../Core/Src/main.c:920:6:HAL_I2S_TxCpltCallback	16	static
../Core/Src/main.c:937:5:main	24	static,ignoring_inline_asm
../Core/Src/main.c:1033:6:SystemClock_Config	112	static
../Core/Src/main.c:1129:13:MX_ADC1_Init	24	static
../Core/Src/main.c:1184:13:MX_USART2_UART_Init	8	static
../Core/Src/main.c:1205:13:MX_USB_DEVICE_Init	8	static
../Core/Src/main.c:1226:13:MX_I2C1_Init	8	static
../Core/Src/main.c:1260:13:MX_I2S1_Init	8	static
../Core/Src/main.c:1312:13:MX_DMA_Init	16	static
../Core/Src/main.c:1330:13:MX_GPIO_Init	48	static
../Core/Src/main.c:1400:6:Error_Handler	4	static,ignoring_inline_asm
