../Core/Src/main.c:311:13:Update_Bellows_Mode	16	static
../Core/Src/main.c:335:6:Synth_Init	16	static
../Core/Src/main.c:349:6:NoteOn	40	static
../Core/Src/main.c:447:6:NoteOff	24	static
../Core/Src/main.c:464:14:Envelope_Update	16	static
../Core/Src/main.c:517:13:MCP_Read_All	8	static
../Core/Src/main.c:550:16:MCP_Index	16	static
../Core/Src/main.c:579:6:HAL_GPIO_EXTI_Callback	16	static
../Core/Src/main.c:601:13:I2C_ScanBus	16	static
../Core/Src/main.c:621:13:MCP_Init_WithIRQ	56	static
../Core/Src/main.c:647:13:MCP_Read_Dirty	48	static
../Core/Src/main.c:665:16:IsNoteHeldByOtherButton	32	static
../Core/Src/main.c:687:16:NoteNameToMidi	24	static
../Core/Src/main.c:708:14:Bellows_Gain	24	static
../Core/Src/main.c:739:13:MIDI_NoteEvent	40	static
../Core/Src/main.c:762:13:Dispatch_Buttons	152	static
../Core/Src/main.c:945:13:UI_ScanAndDispatch	8	static
../Core/Src/main.c:953:12:get_wave_index	16	static
../Core/Src/main.c:965:12:get_bl_index	16	static
../Core/Src/main.c:973:13:Voice_SetWave	24	static
../Core/Src/main.c:989:6:render_audio_block	72	static
../Core/Src/main.c:1042:5:__io_putchar	16	static
../Core/Src/main.c:1056:6:HAL_ADC_ConvCpltCallback	16	static
../Core/Src/main.c:1077:6:HAL_I2S_TxHalfCpltCallback	16	static
../Core/Src/main.c:1088:6:HAL_I2S_TxCpltCallback	16	static
../Core/Src/main.c:1105:5:main	48	static,ignoring_inline_asm
../Core/Src/main.c:1214:6:SystemClock_Config	112	static
../Core/Src/main.c:1310:13:MX_ADC1_Init	24	static
../Core/Src/main.c:1365:13:MX_USART2_UART_Init	8	static
../Core/Src/main.c:1386:13:MX_USB_DEVICE_Init	8	static
../Core/Src/main.c:1407:13:MX_I2C1_Init	8	static
../Core/Src/main.c:1441:13:MX_I2S1_Init	8	static
../Core/Src/main.c:1493:13:MX_DMA_Init	16	static
../Core/Src/main.c:1511:13:MX_GPIO_Init	48	static
../Core/Src/main.c:1581:6:Error_Handler	4	static,ignoring_inline_asm
