../Core/Src/main.c:271:13:Update_Bellows_Mode	16	static
../Core/Src/main.c:295:6:Synth_Init	16	static
../Core/Src/main.c:309:6:NoteOn	24	static
../Core/Src/main.c:362:6:NoteOff	24	static
../Core/Src/main.c:378:5:toBinary	24	static
../Core/Src/main.c:399:13:MCP_Read_All	8	static
../Core/Src/main.c:432:16:MCP_Index	16	static
../Core/Src/main.c:444:21:Button_GetCurrentSound	16	static
../Core/Src/main.c:455:13:UI_ScanAndDispatch	32	static
../Core/Src/main.c:548:6:Voice_SetWave	16	static
../Core/Src/main.c:572:6:render_audio_block	56	static
../Core/Src/main.c:652:6:HAL_ADC_ConvCpltCallback	16	static
../Core/Src/main.c:660:6:HAL_I2S_TxHalfCpltCallback	16	static
../Core/Src/main.c:671:6:HAL_I2S_TxCpltCallback	16	static
../Core/Src/main.c:688:5:main	16	static
../Core/Src/main.c:763:6:SystemClock_Config	112	static
../Core/Src/main.c:859:13:MX_ADC1_Init	24	static
../Core/Src/main.c:914:13:MX_I2C1_Init	8	static
../Core/Src/main.c:948:13:MX_I2S1_Init	8	static
../Core/Src/main.c:1002:13:MX_USB_OTG_FS_PCD_Init	8	static
../Core/Src/main.c:1035:13:MX_DMA_Init	16	static
../Core/Src/main.c:1053:13:MX_GPIO_Init	48	static
../Core/Src/main.c:1112:6:Error_Handler	4	static,ignoring_inline_asm
