../Core/Src/main.c:244:6:Synth_Init	16	static
../Core/Src/main.c:253:6:NoteOn	24	static
../Core/Src/main.c:320:6:NoteOff	24	static
../Core/Src/main.c:332:5:toBinary	24	static
../Core/Src/main.c:353:13:MCP_Read_All	8	static
../Core/Src/main.c:386:16:MCP_Index	16	static
../Core/Src/main.c:399:13:UI_ScanAndDispatch	16	static
../Core/Src/main.c:449:6:render_audio_block	56	static
../Core/Src/main.c:529:6:HAL_ADC_ConvCpltCallback	16	static
../Core/Src/main.c:537:6:HAL_I2S_TxHalfCpltCallback	16	static
../Core/Src/main.c:548:6:HAL_I2S_TxCpltCallback	16	static
../Core/Src/main.c:565:5:main	16	static
../Core/Src/main.c:640:6:SystemClock_Config	112	static
../Core/Src/main.c:736:13:MX_ADC1_Init	24	static
../Core/Src/main.c:791:13:MX_I2C1_Init	8	static
../Core/Src/main.c:825:13:MX_I2S1_Init	8	static
../Core/Src/main.c:879:13:MX_USB_OTG_FS_PCD_Init	8	static
../Core/Src/main.c:912:13:MX_DMA_Init	16	static
../Core/Src/main.c:930:13:MX_GPIO_Init	48	static
../Core/Src/main.c:989:6:Error_Handler	4	static,ignoring_inline_asm
