../Core/Src/main.c:307:13:Update_Bellows_Mode	16	static
../Core/Src/main.c:331:6:Synth_Init	16	static
../Core/Src/main.c:345:6:NoteOn	40	static
../Core/Src/main.c:443:6:NoteOff	24	static
../Core/Src/main.c:460:14:Envelope_Update	16	static
../Core/Src/main.c:513:13:MCP_Read_All	8	static
../Core/Src/main.c:546:16:MCP_Index	16	static
../Core/Src/main.c:575:6:HAL_GPIO_EXTI_Callback	16	static
../Core/Src/main.c:597:13:I2C_ScanBus	16	static
../Core/Src/main.c:617:13:MCP_Init_WithIRQ	56	static
../Core/Src/main.c:643:13:MCP_Read_Dirty	48	static
../Core/Src/main.c:661:16:IsNoteHeldByOtherButton	32	static
../Core/Src/main.c:683:16:NoteNameToMidi	24	static
../Core/Src/main.c:704:14:Bellows_Gain	24	static
../Core/Src/main.c:735:13:MIDI_NoteEvent	40	static
../Core/Src/main.c:758:13:Dispatch_Buttons	104	static
../Core/Src/main.c:937:13:UI_ScanAndDispatch	8	static
../Core/Src/main.c:945:12:get_wave_index	16	static
../Core/Src/main.c:957:12:get_bl_index	16	static
../Core/Src/main.c:965:13:Voice_SetWave	24	static
../Core/Src/main.c:981:6:render_audio_block	72	static
../Core/Src/main.c:1034:5:__io_putchar	16	static
../Core/Src/main.c:1040:6:HAL_ADC_ConvCpltCallback	16	static
../Core/Src/main.c:1054:6:HAL_I2S_TxHalfCpltCallback	16	static
../Core/Src/main.c:1065:6:HAL_I2S_TxCpltCallback	16	static
../Core/Src/main.c:1082:5:main	48	static,ignoring_inline_asm
../Core/Src/main.c:1190:6:SystemClock_Config	112	static
../Core/Src/main.c:1286:13:MX_ADC1_Init	24	static
../Core/Src/main.c:1341:13:MX_USART2_UART_Init	8	static
../Core/Src/main.c:1362:13:MX_USB_DEVICE_Init	8	static
../Core/Src/main.c:1383:13:MX_I2C1_Init	8	static
../Core/Src/main.c:1417:13:MX_I2S1_Init	8	static
../Core/Src/main.c:1469:13:MX_DMA_Init	16	static
../Core/Src/main.c:1487:13:MX_GPIO_Init	48	static
../Core/Src/main.c:1557:6:Error_Handler	4	static,ignoring_inline_asm
