../Core/Src/main.c:88:5:toBinary	24	static
../Core/Src/main.c:107:13:UI_ScanAndDispatch	24	static
../Core/Src/main.c:135:5:main	8	static
../Core/Src/main.c:197:6:SystemClock_Config	88	static
../Core/Src/main.c:245:13:MX_ADC1_Init	24	static
../Core/Src/main.c:297:13:MX_I2C1_Init	8	static
../Core/Src/main.c:331:13:MX_I2S1_Init	8	static
../Core/Src/main.c:365:13:MX_USB_OTG_FS_PCD_Init	8	static
../Core/Src/main.c:398:13:MX_DMA_Init	16	static
../Core/Src/main.c:416:13:MX_GPIO_Init	48	static
../Core/Src/main.c:476:6:Error_Handler	4	static,ignoring_inline_asm
