../Core/Src/main.c:104:5:toBinary	24	static
../Core/Src/main.c:123:13:UI_ScanAndDispatch	16	static
../Core/Src/main.c:161:6:render_audio_block	40	static
../Core/Src/main.c:189:6:HAL_ADC_ConvCpltCallback	16	static
../Core/Src/main.c:197:6:HAL_I2S_TxHalfCpltCallback	16	static
../Core/Src/main.c:208:6:HAL_I2S_TxCpltCallback	16	static
../Core/Src/main.c:225:5:main	16	static
../Core/Src/main.c:297:6:SystemClock_Config	112	static
../Core/Src/main.c:393:13:MX_ADC1_Init	24	static
../Core/Src/main.c:448:13:MX_I2C1_Init	8	static
../Core/Src/main.c:482:13:MX_I2S1_Init	8	static
../Core/Src/main.c:536:13:MX_USB_OTG_FS_PCD_Init	8	static
../Core/Src/main.c:569:13:MX_DMA_Init	16	static
../Core/Src/main.c:587:13:MX_GPIO_Init	48	static
../Core/Src/main.c:646:6:Error_Handler	4	static,ignoring_inline_asm
