../Core/Inc/note.h:61:14:Note_GetFrequency	24	static
../Core/Src/main.c:185:14:midi_to_frequency	16	static
../Core/Src/main.c:192:6:Synth_Init	16	static
../Core/Src/main.c:201:6:NoteOn	24	static
../Core/Src/main.c:251:6:NoteOff	24	static
../Core/Src/main.c:265:5:toBinary	24	static
../Core/Src/main.c:284:13:UI_ScanAndDispatch	16	static
../Core/Src/main.c:352:6:render_audio_block	56	static
../Core/Src/main.c:432:6:HAL_ADC_ConvCpltCallback	16	static
../Core/Src/main.c:440:6:HAL_I2S_TxHalfCpltCallback	16	static
../Core/Src/main.c:451:6:HAL_I2S_TxCpltCallback	16	static
../Core/Src/main.c:468:5:main	16	static
../Core/Src/main.c:543:6:SystemClock_Config	112	static
../Core/Src/main.c:639:13:MX_ADC1_Init	24	static
../Core/Src/main.c:694:13:MX_I2C1_Init	8	static
../Core/Src/main.c:728:13:MX_I2S1_Init	8	static
../Core/Src/main.c:782:13:MX_USB_OTG_FS_PCD_Init	8	static
../Core/Src/main.c:815:13:MX_DMA_Init	16	static
../Core/Src/main.c:833:13:MX_GPIO_Init	48	static
../Core/Src/main.c:892:6:Error_Handler	4	static,ignoring_inline_asm
