../Core/Src/main.c:104:5:toBinary	24	static
../Core/Src/main.c:123:13:UI_ScanAndDispatch	16	static
../Core/Src/main.c:162:6:render_audio_block	40	static
../Core/Src/main.c:195:6:HAL_ADC_ConvCpltCallback	16	static
../Core/Src/main.c:203:6:HAL_I2S_TxHalfCpltCallback	16	static
../Core/Src/main.c:214:6:HAL_I2S_TxCpltCallback	16	static
../Core/Src/main.c:231:5:main	16	static
../Core/Src/main.c:303:6:SystemClock_Config	112	static
../Core/Src/main.c:399:13:MX_ADC1_Init	24	static
../Core/Src/main.c:454:13:MX_I2C1_Init	8	static
../Core/Src/main.c:488:13:MX_I2S1_Init	8	static
../Core/Src/main.c:542:13:MX_USB_OTG_FS_PCD_Init	8	static
../Core/Src/main.c:575:13:MX_DMA_Init	16	static
../Core/Src/main.c:593:13:MX_GPIO_Init	48	static
../Core/Src/main.c:652:6:Error_Handler	4	static,ignoring_inline_asm
