../Core/Src/main.c:309:13:Update_Bellows_Mode	16	static
../Core/Src/main.c:333:6:Synth_Init	16	static
../Core/Src/main.c:347:6:NoteOn	40	static
../Core/Src/main.c:445:6:NoteOff	24	static
../Core/Src/main.c:462:14:Envelope_Update	16	static
../Core/Src/main.c:515:13:MCP_Read_All	8	static
../Core/Src/main.c:548:16:MCP_Index	16	static
../Core/Src/main.c:577:6:HAL_GPIO_EXTI_Callback	16	static
../Core/Src/main.c:599:13:I2C_ScanBus	16	static
../Core/Src/main.c:619:13:MCP_Init_WithIRQ	56	static
../Core/Src/main.c:645:13:MCP_Read_Dirty	48	static
../Core/Src/main.c:663:16:IsNoteHeldByOtherButton	32	static
../Core/Src/main.c:685:16:NoteNameToMidi	24	static
../Core/Src/main.c:705:14:Bellows_Gain	24	static
../Core/Src/main.c:726:13:MIDI_NoteEvent	40	static
../Core/Src/main.c:749:13:Dispatch_Buttons	152	static
../Core/Src/main.c:932:13:UI_ScanAndDispatch	8	static
../Core/Src/main.c:940:12:get_wave_index	16	static
../Core/Src/main.c:952:12:get_bl_index	16	static
../Core/Src/main.c:960:13:Voice_SetWave	24	static
../Core/Src/main.c:976:6:render_audio_block	72	static
../Core/Src/main.c:1029:5:__io_putchar	16	static
../Core/Src/main.c:1043:6:HAL_ADC_ConvCpltCallback	16	static
../Core/Src/main.c:1064:6:HAL_I2S_TxHalfCpltCallback	16	static
../Core/Src/main.c:1075:6:HAL_I2S_TxCpltCallback	16	static
../Core/Src/main.c:1092:5:main	48	static,ignoring_inline_asm
../Core/Src/main.c:1201:6:SystemClock_Config	112	static
../Core/Src/main.c:1297:13:MX_ADC1_Init	24	static
../Core/Src/main.c:1352:13:MX_USART2_UART_Init	8	static
../Core/Src/main.c:1373:13:MX_USB_DEVICE_Init	8	static
../Core/Src/main.c:1394:13:MX_I2C1_Init	8	static
../Core/Src/main.c:1428:13:MX_I2S1_Init	8	static
../Core/Src/main.c:1480:13:MX_DMA_Init	16	static
../Core/Src/main.c:1498:13:MX_GPIO_Init	48	static
../Core/Src/main.c:1568:6:Error_Handler	4	static,ignoring_inline_asm
