../Core/Src/main.c:299:13:Update_Bellows_Mode	16	static
../Core/Src/main.c:323:6:Synth_Init	16	static
../Core/Src/main.c:337:6:NoteOn	24	static
../Core/Src/main.c:404:6:NoteOff	24	static
../Core/Src/main.c:421:14:Envelope_Update	16	static
../Core/Src/main.c:475:5:toBinary	24	static
../Core/Src/main.c:496:13:MCP_Read_All	8	static
../Core/Src/main.c:529:16:MCP_Index	16	static
../Core/Src/main.c:541:21:Button_GetCurrentSound	16	static
../Core/Src/main.c:552:13:UI_ScanAndDispatch	32	static
../Core/Src/main.c:645:6:Voice_SetWave	16	static
../Core/Src/main.c:669:6:render_audio_block	64	static
../Core/Src/main.c:794:6:HAL_ADC_ConvCpltCallback	16	static
../Core/Src/main.c:802:6:HAL_I2S_TxHalfCpltCallback	16	static
../Core/Src/main.c:813:6:HAL_I2S_TxCpltCallback	16	static
../Core/Src/main.c:830:5:main	16	static
../Core/Src/main.c:905:6:SystemClock_Config	112	static
../Core/Src/main.c:1001:13:MX_ADC1_Init	24	static
../Core/Src/main.c:1056:13:MX_I2C1_Init	8	static
../Core/Src/main.c:1090:13:MX_I2S1_Init	8	static
../Core/Src/main.c:1144:13:MX_USB_OTG_FS_PCD_Init	8	static
../Core/Src/main.c:1177:13:MX_DMA_Init	16	static
../Core/Src/main.c:1195:13:MX_GPIO_Init	48	static
../Core/Src/main.c:1254:6:Error_Handler	4	static,ignoring_inline_asm
