../Core/Src/wavetable.c:297:13:Update_Bellows_Mode	16	static
../Core/Src/wavetable.c:321:6:Synth_Init	16	static
../Core/Src/wavetable.c:335:6:NoteOn	40	static
../Core/Src/wavetable.c:433:6:NoteOff	24	static
../Core/Src/wavetable.c:450:14:Envelope_Update	16	static
../Core/Src/wavetable.c:503:13:MCP_Read_All	8	static
../Core/Src/wavetable.c:536:16:MCP_Index	16	static
../Core/Src/wavetable.c:565:6:HAL_GPIO_EXTI_Callback	16	static
../Core/Src/wavetable.c:587:13:I2C_ScanBus	16	static
../Core/Src/wavetable.c:607:13:MCP_Init_WithIRQ	56	static
../Core/Src/wavetable.c:633:13:MCP_Read_Dirty	48	static
../Core/Src/wavetable.c:651:16:IsNoteHeldByOtherButton	32	static
../Core/Src/wavetable.c:673:16:NoteNameToMidi	24	static
../Core/Src/wavetable.c:691:14:Bellows_Gain	24	static
../Core/Src/wavetable.c:714:13:MIDI_NoteEvent	40	static
../Core/Src/wavetable.c:737:13:Dispatch_Buttons	112	static
../Core/Src/wavetable.c:912:13:UI_ScanAndDispatch	8	static
../Core/Src/wavetable.c:920:12:get_wave_index	16	static
../Core/Src/wavetable.c:932:12:get_bl_index	16	static
../Core/Src/wavetable.c:940:13:Voice_SetWave	24	static
../Core/Src/wavetable.c:956:6:render_audio_block	72	static
../Core/Src/wavetable.c:1009:5:__io_putchar	16	static
../Core/Src/wavetable.c:1015:6:HAL_ADC_ConvCpltCallback	16	static
../Core/Src/wavetable.c:1029:6:HAL_I2S_TxHalfCpltCallback	16	static
../Core/Src/wavetable.c:1040:6:HAL_I2S_TxCpltCallback	16	static
../Core/Src/wavetable.c:1057:5:main	48	static,ignoring_inline_asm
../Core/Src/wavetable.c:1165:6:SystemClock_Config	112	static
../Core/Src/wavetable.c:1261:13:MX_ADC1_Init	24	static
../Core/Src/wavetable.c:1316:13:MX_USART2_UART_Init	8	static
../Core/Src/wavetable.c:1337:13:MX_USB_DEVICE_Init	8	static
../Core/Src/wavetable.c:1358:13:MX_I2C1_Init	8	static
../Core/Src/wavetable.c:1392:13:MX_I2S1_Init	8	static
../Core/Src/wavetable.c:1444:13:MX_DMA_Init	16	static
../Core/Src/wavetable.c:1462:13:MX_GPIO_Init	48	static
../Core/Src/wavetable.c:1532:6:Error_Handler	4	static,ignoring_inline_asm
